
 Start  Stop   Length Name               Class

 00000H 044B5H 044B6H _TEXT              CODE
 044B6H 044B6H 00000H H_LDIV_TEXT        CODE
 044B6H 044F0H 0003BH WL_ASM_TEXT        CODE
 044F1H 05CFBH 0180BH WL_MAIN_TEXT       CODE
 05CFCH 066BAH 009BFH WL_TEXT_TEXT       CODE
 066BBH 0A587H 03ECDH WL_MENU_TEXT       CODE
 0A588H 0B99CH 01415H WL_INTER_TEXT      CODE
 0B99DH 0CCE5H 01349H WL_GAME_TEXT       CODE
 0CCE6H 0DDBAH 010D5H WL_PLAY_TEXT       CODE
 0DDBBH 0E8E6H 00B2CH WL_DEBUG_TEXT      CODE
 0E8E7H 0F7CAH 00EE4H WL_DRAW_TEXT       CODE
 0F7CCH 0FC1FH 00454H WL_DR_A_TEXT       CODE
 0FC20H 104B7H 00898H WL_SCALE_TEXT      CODE
 104B8H 11AAAH 015F3H WL_STATE_TEXT      CODE
 11AABH 12BA8H 010FEH WL_AGENT_TEXT      CODE
 12BA9H 1384BH 00CA3H WL_ACT1_TEXT       CODE
 1384CH 15797H 01F4CH WL_ACT2_TEXT       CODE
 15798H 16D8CH 015F5H ID_CA_TEXT         CODE
 16D8DH 178A3H 00B17H ID_IN_TEXT         CODE
 178A4H 184CAH 00C27H ID_MM_TEXT         CODE
 184CBH 19557H 0108DH ID_PM_TEXT         CODE
 19558H 1AD13H 017BCH ID_SD_TEXT         CODE
 1AD14H 1B105H 003F2H ID_SD_A_TEXT       CODE
 1B106H 1BC80H 00B7BH ID_US_1_TEXT       CODE
 1BC82H 1BCC6H 00045H ID_US_A_TEXT       CODE
 1BCC7H 1C7CAH 00B04H ID_VL_TEXT         CODE
 1C7CBH 1D0B7H 008EDH ID_VH_TEXT         CODE
 1D0B8H 1D34BH 00294H ID_VL_A_TEXT       CODE
 1D34CH 1D541H 001F6H ID_VH_A_TEXT       CODE
 1D550H 1FCC6H 02777H EMU_PROG           CODE
 1FCD0H 20297H 005C8H E87_PROG           CODE
 202A0H 202A0H 00000H _FARDATA           FAR_DATA
 202A0H 203A1H 00102H FAR_DATA           FAR_DATA
 203B0H 206A3H 002F4H WL_MAIN5_DATA      FAR_DATA
 206B0H 2097FH 002D0H WL_MENU5_DATA      FAR_DATA
 20980H 20AF9H 0017AH WL_MENU6_DATA      FAR_DATA
 20B00H 20CF7H 001F8H WL_MENU7_DATA      FAR_DATA
 20D00H 20DFBH 000FCH WL_MENU8_DATA      FAR_DATA
 20E00H 20FCDH 001CEH WL_MENU9_DATA      FAR_DATA
 20FD0H 21077H 000A8H WL_MENU10_DATA     FAR_DATA
 21080H 21223H 001A4H WL_MENU11_DATA     FAR_DATA
 21230H 213A9H 0017AH WL_MENU12_DATA     FAR_DATA
 213B0H 213D3H 00024H WL_MENU13_DATA     FAR_DATA
 213E0H 2145FH 00080H ID_IN5_DATA        FAR_DATA
 21460H 214DFH 00080H ID_IN6_DATA        FAR_DATA
 214E0H 2155FH 00080H ID_IN7_DATA        FAR_DATA
 21560H 30F5FH 0FA00H SignonSeg          FAR_DATA
 30F60H 30F60H 00000H _FARBSS            FAR_BSS
 30F60H 314B8H 00559H _COMDEF_AA_        FAR_BSS
 314C0H 31BC7H 00708H _COMDEF_AB_        FAR_BSS
 31BD0H 329DFH 00E10H _COMDEF_AC_        FAR_BSS
 329E0H 32A74H 00095H _COMDEF_AD_        FAR_BSS
 32A80H 33C7FH 01200H _COMDEF_AE_        FAR_BSS
 33C80H 34E7FH 01200H _COMDEF_AF_        FAR_BSS
 34E80H 36F4FH 020D0H _COMDEF_AG_        FAR_BSS
 36F50H 3724FH 00300H _COMDEF_AH_        FAR_BSS
 37250H 3754FH 00300H _COMDEF_AI_        FAR_BSS
 37550H 37550H 00000H _OVERLAY_          OVRINFO
 37550H 37550H 00000H _1STUB_            STUBSEG
 37550H 3BC59H 0470AH _DATA              DATA
 3BC5AH 3BC5DH 00004H _CVTSEG            DATA
 3BC5EH 3BC69H 0000CH _SCNSEG            DATA
 3BC6AH 3BC6AH 00000H _CONST             CONST
 3BC6AH 3BC87H 0001EH _INIT_             INITDATA
 3BC88H 3BC88H 00000H _INITEND_          INITDATA
 3BC88H 3BC8DH 00006H _EXIT_             EXITDATA
 3BC8EH 3BC8EH 00000H _EXITEND_          EXITDATA
 3BC8EH 3BF03H 00276H _BSS               BSS
 3BF04H 45E78H 09F75H _COMDEF_           BSS
 45E79H 45E79H 00000H _BSSEND            BSSEND
 45E80H 45EFFH 00080H _STACK             STACK


Detailed map of segments

 0000:0000 02C8 C=CODE   S=_TEXT          G=(none)  M=c0.ASM     ACBP=28
 0000:02C8 00DE C=CODE   S=_TEXT          G=(none)  M=H_LDIV.ASM ACBP=28
 0000:03A6 0258 C=CODE   S=_TEXT          G=(none)  M=FPINIT     ACBP=28
 0000:05FE 0000 C=CODE   S=_TEXT          G=(none)  M=E87TRAP    ACBP=28
 0000:05FE 0000 C=CODE   S=_TEXT          G=(none)  M=PROTFLAG   ACBP=28
 0000:05FE 0000 C=CODE   S=_TEXT          G=(none)  M=DEFLT87    ACBP=28
 0000:05FE 000D C=CODE   S=_TEXT          G=(none)  M=ATAN       ACBP=28
 0000:060B 0000 C=CODE   S=_TEXT          G=(none)  M=HUGEVAL    ACBP=28
 0000:060B 009A C=CODE   S=_TEXT          G=(none)  M=LDTRUNC    ACBP=28
 0000:06A5 0000 C=CODE   S=_TEXT          G=(none)  M=MATHWHY    ACBP=28
 0000:06A5 01B5 C=CODE   S=_TEXT          G=(none)  M=REALCVT    ACBP=28
 0000:085A 0361 C=CODE   S=_TEXT          G=(none)  M=SCANTOD    ACBP=28
 0000:0BBB 0209 C=CODE   S=_TEXT          G=(none)  M=XCVT       ACBP=28
 0000:0DC4 00A6 C=CODE   S=_TEXT          G=(none)  M=FPERR      ACBP=28
 0000:0E6A 00C9 C=CODE   S=_TEXT          G=(none)  M=_POW10     ACBP=28
 0000:0F33 000B C=CODE   S=_TEXT          G=(none)  M=POW10D     ACBP=28
 0000:0F3E 0026 C=CODE   S=_TEXT          G=(none)  M=MATHERR    ACBP=28
 0000:0F64 004D C=CODE   S=_TEXT          G=(none)  M=SIN        ACBP=28
 0000:0FB1 0050 C=CODE   S=_TEXT          G=(none)  M=TAN        ACBP=28
 0000:1001 0090 C=CODE   S=_TEXT          G=(none)  M=_MATHERR   ACBP=28
 0000:1091 00BB C=CODE   S=_TEXT          G=(none)  M=ATAN2      ACBP=28
 0000:114C 002C C=CODE   S=_TEXT          G=(none)  M=FFTOL      ACBP=28
 0000:1178 002D C=CODE   S=_TEXT          G=(none)  M=ATEXIT     ACBP=28
 0000:11A5 0000 C=CODE   S=_TEXT          G=(none)  M=CTYPE      ACBP=28
 0000:11A5 0036 C=CODE   S=_TEXT          G=(none)  M=DOSDFREE   ACBP=28
 0000:11DB 0038 C=CODE   S=_TEXT          G=(none)  M=DOSFATTR   ACBP=28
 0000:1213 0032 C=CODE   S=_TEXT          G=(none)  M=DOSGDATE   ACBP=28
 0000:1245 0023 C=CODE   S=_TEXT          G=(none)  M=DOSWRITE   ACBP=28
 0000:1268 0093 C=CODE   S=_TEXT          G=(none)  M=EXIT       ACBP=28
 0000:12FB 0000 C=CODE   S=_TEXT          G=(none)  M=FILES      ACBP=28
 0000:12FB 0000 C=CODE   S=_TEXT          G=(none)  M=FILES2     ACBP=28
 0000:12FB 0000 C=CODE   S=_TEXT          G=(none)  M=FMODE      ACBP=28
 0000:12FB 0000 C=CODE   S=_TEXT          G=(none)  M=FPSTKLEN   ACBP=28
 0000:12FB 0021 C=CODE   S=_TEXT          G=(none)  M=F_PCMP     ACBP=28
 0000:131C 001C C=CODE   S=_TEXT          G=(none)  M=F_SCOPY    ACBP=28
 0000:1338 0020 C=CODE   S=_TEXT          G=(none)  M=GETVECT    ACBP=28
 0000:1358 0000 C=CODE   S=_TEXT          G=(none)  M=HEAPLEN    ACBP=28
 0000:1358 0021 C=CODE   S=_TEXT          G=(none)  M=H_LLSH     ACBP=28
 0000:1379 0088 C=CODE   S=_TEXT          G=(none)  M=H_PADA     ACBP=28
 0000:1401 0060 C=CODE   S=_TEXT          G=(none)  M=H_PADD     ACBP=28
 0000:1461 0028 C=CODE   S=_TEXT          G=(none)  M=H_PSBP     ACBP=28
 0000:1489 0027 C=CODE   S=_TEXT          G=(none)  M=H_SPUSH    ACBP=28
 0000:14B0 004B C=CODE   S=_TEXT          G=(none)  M=IOERROR    ACBP=28
 0000:14FB 0011 C=CODE   S=_TEXT          G=(none)  M=ISATTY     ACBP=28
 0000:150C 009A C=CODE   S=_TEXT          G=(none)  M=LONGTOA    ACBP=28
 0000:15A6 0029 C=CODE   S=_TEXT          G=(none)  M=LSEEK      ACBP=28
 0000:15CF 0082 C=CODE   S=_TEXT          G=(none)  M=MKNAME     ACBP=28
 0000:1651 0021 C=CODE   S=_TEXT          G=(none)  M=N_PCMP     ACBP=28
 0000:1672 002D C=CODE   S=_TEXT          G=(none)  M=READA      ACBP=28
 0000:169F 01AA C=CODE   S=_TEXT          G=(none)  M=SCANTOL    ACBP=28
 0000:1849 00A5 C=CODE   S=_TEXT          G=(none)  M=SETUPIO    ACBP=28
 0000:18EE 0000 C=CODE   S=_TEXT          G=(none)  M=SIGDATA    ACBP=28
 0000:18EE 0000 C=CODE   S=_TEXT          G=(none)  M=STKLEN     ACBP=28
 0000:18EE 002C C=CODE   S=_TEXT          G=(none)  M=TOLOWER    ACBP=28
 0000:191A 002C C=CODE   S=_TEXT          G=(none)  M=TOUPPER    ACBP=28
 0000:1946 0016 C=CODE   S=_TEXT          G=(none)  M=UNLINK     ACBP=28
 0000:195C 04CB C=CODE   S=_TEXT          G=(none)  M=VPRINTER   ACBP=28
 0000:1E27 009F C=CODE   S=_TEXT          G=(none)  M=VRAM       ACBP=28
 0000:1EC6 001A C=CODE   S=_TEXT          G=(none)  M=XCLOSE     ACBP=28
 0000:1EE0 0029 C=CODE   S=_TEXT          G=(none)  M=_STPCPY    ACBP=28
 0000:1F09 0025 C=CODE   S=_TEXT          G=(none)  M=BIOSKEY    ACBP=28
 0000:1F2E 006F C=CODE   S=_TEXT          G=(none)  M=BRK        ACBP=28
 0000:1F9D 0029 C=CODE   S=_TEXT          G=(none)  M=CLRSCR     ACBP=28
 0000:1FC6 0010 C=CODE   S=_TEXT          G=(none)  M=CORELEFT   ACBP=28
 0000:1FD6 01A1 C=CODE   S=_TEXT          G=(none)  M=CRTINIT    ACBP=28
 0000:2177 001F C=CODE   S=_TEXT          G=(none)  M=CVTFAK     ACBP=28
 0000:2196 0421 C=CODE   S=_TEXT          G=(none)  M=FARHEAP    ACBP=28
 0000:25B7 0140 C=CODE   S=_TEXT          G=(none)  M=FBRK       ACBP=28
 0000:26F7 0050 C=CODE   S=_TEXT          G=(none)  M=FCORELFT   ACBP=28
 0000:2747 0049 C=CODE   S=_TEXT          G=(none)  M=GOTOXY     ACBP=28
 0000:2790 00A8 C=CODE   S=_TEXT          G=(none)  M=GPTEXT     ACBP=28
 0000:2838 002E C=CODE   S=_TEXT          G=(none)  M=HARD       ACBP=28
 0000:2866 0126 C=CODE   S=_TEXT          G=(none)  M=HARDERR    ACBP=28
 0000:298C 0027 C=CODE   S=_TEXT          G=(none)  M=IOCTL      ACBP=28
 0000:29B3 009D C=CODE   S=_TEXT          G=(none)  M=MOVETEXT   ACBP=28
 0000:2A50 027B C=CODE   S=_TEXT          G=(none)  M=NEARHEAP   ACBP=28
 0000:2CCB 0004 C=CODE   S=_TEXT          G=(none)  M=REALCVT    ACBP=28
 0000:2CCF 01BD C=CODE   S=_TEXT          G=(none)  M=SCREEN     ACBP=28
 0000:2E8C 0188 C=CODE   S=_TEXT          G=(none)  M=SCROLL     ACBP=28
 0000:3014 0119 C=CODE   S=_TEXT          G=(none)  M=SETARGV    ACBP=28
 0000:312D 001C C=CODE   S=_TEXT          G=(none)  M=SETBLOCK   ACBP=28
 0000:3149 005D C=CODE   S=_TEXT          G=(none)  M=SETENVP    ACBP=28
 0000:31A6 002C C=CODE   S=_TEXT          G=(none)  M=WHEREXY    ACBP=28
 0000:31D2 007D C=CODE   S=_TEXT          G=(none)  M=ATOL       ACBP=28
 0000:324F 0010 C=CODE   S=_TEXT          G=(none)  M=BDOS       ACBP=28
 0000:325F 001B C=CODE   S=_TEXT          G=(none)  M=CHMODA     ACBP=28
 0000:327A 0028 C=CODE   S=_TEXT          G=(none)  M=CLOSE      ACBP=28
 0000:32A2 001E C=CODE   S=_TEXT          G=(none)  M=CLOSEA     ACBP=28
 0000:32C0 008B C=CODE   S=_TEXT          G=(none)  M=CREAT      ACBP=28
 0000:334B 0081 C=CODE   S=_TEXT          G=(none)  M=FCLOSE     ACBP=28
 0000:33CC 0081 C=CODE   S=_TEXT          G=(none)  M=FFLUSH     ACBP=28
 0000:344D 0060 C=CODE   S=_TEXT          G=(none)  M=FINDFIRS   ACBP=28
 0000:34AD 0041 C=CODE   S=_TEXT          G=(none)  M=FLENGTH    ACBP=28
 0000:34EE 003A C=CODE   S=_TEXT          G=(none)  M=FLUSHALL   ACBP=28
 0000:3528 01A0 C=CODE   S=_TEXT          G=(none)  M=FOPEN      ACBP=28
 0000:36C8 0016 C=CODE   S=_TEXT          G=(none)  M=FPRINTF    ACBP=28
 0000:36DE 018C C=CODE   S=_TEXT          G=(none)  M=FSEEK      ACBP=28
 0000:386A 005F C=CODE   S=_TEXT          G=(none)  M=GETENV     ACBP=28
 0000:38C9 0067 C=CODE   S=_TEXT          G=(none)  M=LTOA1      ACBP=28
 0000:3930 001F C=CODE   S=_TEXT          G=(none)  M=MEMCPY     ACBP=28
 0000:394F 0022 C=CODE   S=_TEXT          G=(none)  M=MOVEDATA   ACBP=28
 0000:3971 0183 C=CODE   S=_TEXT          G=(none)  M=OPEN       ACBP=28
 0000:3AF4 004D C=CODE   S=_TEXT          G=(none)  M=OPENA      ACBP=28
 0000:3B41 0017 C=CODE   S=_TEXT          G=(none)  M=PRINTF     ACBP=28
 0000:3B58 0309 C=CODE   S=_TEXT          G=(none)  M=PUTC       ACBP=28
 0000:3E61 004B C=CODE   S=_TEXT          G=(none)  M=PUTS       ACBP=28
 0000:3EAC 00CE C=CODE   S=_TEXT          G=(none)  M=READ       ACBP=28
 0000:3F7A 0003 C=CODE   S=_TEXT          G=(none)  M=READU      ACBP=28
 0000:3F7D 00D8 C=CODE   S=_TEXT          G=(none)  M=SETVBUF    ACBP=28
 0000:4055 0061 C=CODE   S=_TEXT          G=(none)  M=SPRINTF    ACBP=28
 0000:40B6 0039 C=CODE   S=_TEXT          G=(none)  M=STRCAT     ACBP=28
 0000:40EF 001A C=CODE   S=_TEXT          G=(none)  M=STRLEN     ACBP=28
 0000:4109 00FF C=CODE   S=_TEXT          G=(none)  M=STRTOL     ACBP=28
 0000:4208 010E C=CODE   S=_TEXT          G=(none)  M=WRITE      ACBP=28
 0000:4316 003A C=CODE   S=_TEXT          G=(none)  M=WRITEA     ACBP=28
 0000:4350 0003 C=CODE   S=_TEXT          G=(none)  M=WRITEU     ACBP=28
 0000:4353 0028 C=CODE   S=_TEXT          G=(none)  M=XFCLOSE    ACBP=28
 0000:437B 0023 C=CODE   S=_TEXT          G=(none)  M=XFFLUSH    ACBP=28
 0000:439E 0028 C=CODE   S=_TEXT          G=(none)  M=FMEMCMP    ACBP=28
 0000:43C6 0024 C=CODE   S=_TEXT          G=(none)  M=FMEMCPY    ACBP=28
 0000:43EA 0043 C=CODE   S=_TEXT          G=(none)  M=FMEMSET    ACBP=28
 0000:442D 0029 C=CODE   S=_TEXT          G=(none)  M=FSTRCPY    ACBP=28
 0000:4456 0041 C=CODE   S=_TEXT          G=(none)  M=FSTRICMP   ACBP=28
 0000:4497 001F C=CODE   S=_TEXT          G=(none)  M=FSTRLEN    ACBP=28
 044B:0006 0000 C=CODE   S=H_LDIV_TEXT    G=(none)  M=H_LDIV.ASM ACBP=48
 044B:0006 003B C=CODE   S=WL_ASM_TEXT    G=(none)  M=WL_ASM.ASM ACBP=48
 044F:0001 180B C=CODE   S=WL_MAIN_TEXT   G=(none)  M=WL_MAIN.C  ACBP=28
 05CF:000C 09BF C=CODE   S=WL_TEXT_TEXT   G=(none)  M=WL_TEXT.C  ACBP=28
 066B:000B 3ECD C=CODE   S=WL_MENU_TEXT   G=(none)  M=WL_MENU.C  ACBP=28
 0A58:0008 1415 C=CODE   S=WL_INTER_TEXT  G=(none)  M=WL_INTER.C ACBP=28
 0B99:000D 1349 C=CODE   S=WL_GAME_TEXT   G=(none)  M=WL_GAME.C  ACBP=28
 0CCE:0006 10D5 C=CODE   S=WL_PLAY_TEXT   G=(none)  M=WL_PLAY.C  ACBP=28
 0DDB:000B 0B2C C=CODE   S=WL_DEBUG_TEXT  G=(none)  M=WL_DEBUG.C ACBP=28
 0E8E:0007 0EE4 C=CODE   S=WL_DRAW_TEXT   G=(none)  M=WL_DRAW.C  ACBP=28
 0F7C:000C 0454 C=CODE   S=WL_DR_A_TEXT   G=(none)  M=WL_DR_A.ASM ACBP=48
 0FC2:0000 0898 C=CODE   S=WL_SCALE_TEXT  G=(none)  M=WL_SCALE.C ACBP=28
 104B:0008 15F3 C=CODE   S=WL_STATE_TEXT  G=(none)  M=WL_STATE.C ACBP=28
 11AA:000B 10FE C=CODE   S=WL_AGENT_TEXT  G=(none)  M=WL_AGENT.C ACBP=28
 12BA:0009 0CA3 C=CODE   S=WL_ACT1_TEXT   G=(none)  M=WL_ACT1.C  ACBP=28
 1384:000C 1F4C C=CODE   S=WL_ACT2_TEXT   G=(none)  M=WL_ACT2.C  ACBP=28
 1579:0008 15F5 C=CODE   S=ID_CA_TEXT     G=(none)  M=ID_CA.C    ACBP=28
 16D8:000D 0B17 C=CODE   S=ID_IN_TEXT     G=(none)  M=ID_IN.C    ACBP=28
 178A:0004 0C27 C=CODE   S=ID_MM_TEXT     G=(none)  M=ID_MM.C    ACBP=28
 184C:000B 108D C=CODE   S=ID_PM_TEXT     G=(none)  M=ID_PM.C    ACBP=28
 1955:0008 17BC C=CODE   S=ID_SD_TEXT     G=(none)  M=ID_SD.C    ACBP=28
 1AD1:0004 03F2 C=CODE   S=ID_SD_A_TEXT   G=(none)  M=ID_SD_A.ASM ACBP=48
 1B10:0006 0B7B C=CODE   S=ID_US_1_TEXT   G=(none)  M=ID_US_1.C  ACBP=28
 1BC8:0002 0045 C=CODE   S=ID_US_A_TEXT   G=(none)  M=ID_US_A.ASM ACBP=48
 1BCC:0007 0B04 C=CODE   S=ID_VL_TEXT     G=(none)  M=ID_VL.C    ACBP=28
 1C7C:000B 08ED C=CODE   S=ID_VH_TEXT     G=(none)  M=ID_VH.C    ACBP=28
 1D0B:0008 0294 C=CODE   S=ID_VL_A_TEXT   G=(none)  M=ID_VL_A.ASM ACBP=48
 1D34:000C 01F6 C=CODE   S=ID_VH_A_TEXT   G=(none)  M=ID_VH_A.ASM ACBP=48
 1D55:0000 0000 C=CODE   S=EMU_PROG       G=(none)  M=FPINIT     ACBP=68
 1D55:0000 2777 C=CODE   S=EMU_PROG       G=(none)  M=EMU086     ACBP=68
 1FCD:0000 0000 C=CODE   S=E87_PROG       G=(none)  M=FPINIT     ACBP=68
 1FCD:0000 03E3 C=CODE   S=E87_PROG       G=(none)  M=EMU087     ACBP=68
 1FCD:03F0 01D8 C=CODE   S=E87_PROG       G=(none)  M=E87TRAP    ACBP=68
 202A:0000 0000 C=FAR_DATA S=_FARDATA       G=(none)  M=c0.ASM     ACBP=68
 202A:0000 0102 C=FAR_DATA S=FAR_DATA       G=(none)  M=ID_US_A.ASM ACBP=60
 203B:0000 02F4 C=FAR_DATA S=WL_MAIN5_DATA  G=(none)  M=WL_MAIN.C  ACBP=68
 206B:0000 02D0 C=FAR_DATA S=WL_MENU5_DATA  G=(none)  M=WL_MENU.C  ACBP=68
 2098:0000 017A C=FAR_DATA S=WL_MENU6_DATA  G=(none)  M=WL_MENU.C  ACBP=68
 20B0:0000 01F8 C=FAR_DATA S=WL_MENU7_DATA  G=(none)  M=WL_MENU.C  ACBP=68
 20D0:0000 00FC C=FAR_DATA S=WL_MENU8_DATA  G=(none)  M=WL_MENU.C  ACBP=68
 20E0:0000 01CE C=FAR_DATA S=WL_MENU9_DATA  G=(none)  M=WL_MENU.C  ACBP=68
 20FD:0000 00A8 C=FAR_DATA S=WL_MENU10_DATA G=(none)  M=WL_MENU.C  ACBP=68
 2108:0000 01A4 C=FAR_DATA S=WL_MENU11_DATA G=(none)  M=WL_MENU.C  ACBP=68
 2123:0000 017A C=FAR_DATA S=WL_MENU12_DATA G=(none)  M=WL_MENU.C  ACBP=68
 213B:0000 0024 C=FAR_DATA S=WL_MENU13_DATA G=(none)  M=WL_MENU.C  ACBP=68
 213E:0000 0080 C=FAR_DATA S=ID_IN5_DATA    G=(none)  M=ID_IN.C    ACBP=68
 2146:0000 0080 C=FAR_DATA S=ID_IN6_DATA    G=(none)  M=ID_IN.C    ACBP=68
 214E:0000 0080 C=FAR_DATA S=ID_IN7_DATA    G=(none)  M=ID_IN.C    ACBP=68
 2156:0000 FA00 C=FAR_DATA S=SignonSeg      G=(none)  M=SIGNON.BIN   ACBP=60
 30F6:0000 0000 C=FAR_BSS S=_FARBSS        G=(none)  M=c0.ASM     ACBP=68
 30F6:0000 0559 C=FAR_BSS S=_COMDEF_AA_    G=(none)  M=WL_ACT1.C  ACBP=60
 314C:0000 0708 C=FAR_BSS S=_COMDEF_AB_    G=(none)  M=WL_DRAW.C  ACBP=60
 31BD:0000 0E10 C=FAR_BSS S=_COMDEF_AC_    G=(none)  M=WL_DRAW.C  ACBP=60
 329E:0000 0095 C=FAR_BSS S=_COMDEF_AD_    G=(none)  M=ID_CA.C    ACBP=60
 32A8:0000 1200 C=FAR_BSS S=_COMDEF_AE_    G=(none)  M=WL_PLAY.C  ACBP=60
 33C8:0000 1200 C=FAR_BSS S=_COMDEF_AF_    G=(none)  M=WL_PLAY.C  ACBP=60
 34E8:0000 20D0 C=FAR_BSS S=_COMDEF_AG_    G=(none)  M=ID_MM.C    ACBP=60
 36F5:0000 0300 C=FAR_BSS S=_COMDEF_AH_    G=(none)  M=ID_VL.C    ACBP=60
 3725:0000 0300 C=FAR_BSS S=_COMDEF_AI_    G=(none)  M=ID_VL.C    ACBP=60
 3755:0000 0000 C=OVRINFO S=_OVERLAY_      G=(none)  M=c0.ASM     ACBP=68
 3755:0000 0000 C=STUBSEG S=_1STUB_        G=(none)  M=c0.ASM     ACBP=68
 3755:0000 00AA C=DATA   S=_DATA          G=DGROUP  M=c0.ASM     ACBP=68
 3755:00AA 0000 C=DATA   S=_DATA          G=DGROUP  M=H_LDIV.ASM ACBP=48
 3755:00AA 0000 C=DATA   S=_DATA          G=DGROUP  M=WL_ASM.ASM ACBP=48
 3755:00AA 0254 C=DATA   S=_DATA          G=DGROUP  M=WL_MAIN.C  ACBP=48
 3755:02FE 00A1 C=DATA   S=_DATA          G=DGROUP  M=WL_TEXT.C  ACBP=48
 3755:03A0 06B4 C=DATA   S=_DATA          G=DGROUP  M=WL_MENU.C  ACBP=48
 3755:0A54 03ED C=DATA   S=_DATA          G=DGROUP  M=WL_INTER.C ACBP=48
 3755:0E42 03FC C=DATA   S=_DATA          G=DGROUP  M=WL_GAME.C  ACBP=48
 3755:123E 0216 C=DATA   S=_DATA          G=DGROUP  M=WL_PLAY.C  ACBP=48
 3755:1454 01FE C=DATA   S=_DATA          G=DGROUP  M=WL_DEBUG.C ACBP=48
 3755:1652 0096 C=DATA   S=_DATA          G=DGROUP  M=WL_DRAW.C  ACBP=48
 3755:16E8 0000 C=DATA   S=_DATA          G=DGROUP  M=WL_DR_A.ASM ACBP=48
 3755:16E8 00F1 C=DATA   S=_DATA          G=DGROUP  M=WL_SCALE.C ACBP=48
 3755:17DA 00FF C=DATA   S=_DATA          G=DGROUP  M=WL_STATE.C ACBP=48
 3755:18DA 0112 C=DATA   S=_DATA          G=DGROUP  M=WL_AGENT.C ACBP=48
 3755:19EC 0119 C=DATA   S=_DATA          G=DGROUP  M=WL_ACT1.C  ACBP=48
 3755:1B06 1412 C=DATA   S=_DATA          G=DGROUP  M=WL_ACT2.C  ACBP=48
 3755:2F18 0109 C=DATA   S=_DATA          G=DGROUP  M=ID_CA.C    ACBP=48
 3755:3022 005F C=DATA   S=_DATA          G=DGROUP  M=ID_IN.C    ACBP=48
 3755:3082 015B C=DATA   S=_DATA          G=DGROUP  M=ID_MM.C    ACBP=48
 3755:31DE 0490 C=DATA   S=_DATA          G=DGROUP  M=ID_PM.C    ACBP=48
 3755:366E 0265 C=DATA   S=_DATA          G=DGROUP  M=ID_SD.C    ACBP=48
 3755:38D4 0104 C=DATA   S=_DATA          G=DGROUP  M=ID_SD_A.ASM ACBP=48
 3755:39D8 02B9 C=DATA   S=_DATA          G=DGROUP  M=ID_US_1.C  ACBP=48
 3755:3C92 0000 C=DATA   S=_DATA          G=DGROUP  M=ID_US_A.ASM ACBP=48
 3755:3C92 0097 C=DATA   S=_DATA          G=DGROUP  M=ID_VL.C    ACBP=48
 3755:3D2A 0300 C=DATA   S=_DATA          G=DGROUP  M=GAMEPAL.BIN  ACBP=48
 3755:402A 0029 C=DATA   S=_DATA          G=DGROUP  M=ID_VH.C    ACBP=48
 3755:4054 0002 C=DATA   S=_DATA          G=DGROUP  M=ID_VL_A.ASM ACBP=48
 3755:4056 0000 C=DATA   S=_DATA          G=DGROUP  M=ID_VH_A.ASM ACBP=48
 3755:4060 0002 C=DATA   S=_DATA          G=DGROUP  M=FPINIT     ACBP=68
 3755:4070 0000 C=DATA   S=_DATA          G=DGROUP  M=E87TRAP    ACBP=68
 3755:4070 0003 C=DATA   S=_DATA          G=DGROUP  M=PROTFLAG   ACBP=48
 3755:4074 0002 C=DATA   S=_DATA          G=DGROUP  M=DEFLT87    ACBP=48
 3755:4076 0000 C=DATA   S=_DATA          G=DGROUP  M=ATAN       ACBP=48
 3755:4076 0024 C=DATA   S=_DATA          G=DGROUP  M=HUGEVAL    ACBP=48
 3755:409A 0000 C=DATA   S=_DATA          G=DGROUP  M=LDTRUNC    ACBP=48
 3755:409A 0037 C=DATA   S=_DATA          G=DGROUP  M=MATHWHY    ACBP=48
 3755:40D2 0000 C=DATA   S=_DATA          G=DGROUP  M=REALCVT    ACBP=48
 3755:40D2 0018 C=DATA   S=_DATA          G=DGROUP  M=SCANTOD    ACBP=48
 3755:40EA 0000 C=DATA   S=_DATA          G=DGROUP  M=XCVT       ACBP=48
 3755:40EA 008C C=DATA   S=_DATA          G=DGROUP  M=FPERR      ACBP=48
 3755:4176 0080 C=DATA   S=_DATA          G=DGROUP  M=_POW10     ACBP=48
 3755:41F6 0000 C=DATA   S=_DATA          G=DGROUP  M=POW10D     ACBP=48
 3755:41F6 0000 C=DATA   S=_DATA          G=DGROUP  M=MATHERR    ACBP=48
 3755:41F6 000C C=DATA   S=_DATA          G=DGROUP  M=SIN        ACBP=48
 3755:4202 000C C=DATA   S=_DATA          G=DGROUP  M=TAN        ACBP=48
 3755:420E 000E C=DATA   S=_DATA          G=DGROUP  M=_MATHERR   ACBP=48
 3755:421C 0018 C=DATA   S=_DATA          G=DGROUP  M=ATAN2      ACBP=48
 3755:4240 0110 C=DATA   S=_DATA          G=DGROUP  M=EMUVARS    ACBP=68
 3755:4350 0000 C=DATA   S=_DATA          G=DGROUP  M=FFTOL      ACBP=48
 3755:4350 0002 C=DATA   S=_DATA          G=DGROUP  M=ATEXIT     ACBP=48
 3755:4352 0101 C=DATA   S=_DATA          G=DGROUP  M=CTYPE      ACBP=48
 3755:4454 0000 C=DATA   S=_DATA          G=DGROUP  M=DOSDFREE   ACBP=48
 3755:4454 0000 C=DATA   S=_DATA          G=DGROUP  M=DOSFATTR   ACBP=48
 3755:4454 0000 C=DATA   S=_DATA          G=DGROUP  M=DOSGDATE   ACBP=48
 3755:4454 0000 C=DATA   S=_DATA          G=DGROUP  M=DOSWRITE   ACBP=48
 3755:4454 000C C=DATA   S=_DATA          G=DGROUP  M=EXIT       ACBP=48
 3755:4460 0140 C=DATA   S=_DATA          G=DGROUP  M=FILES      ACBP=48
 3755:45A0 002A C=DATA   S=_DATA          G=DGROUP  M=FILES2     ACBP=48
 3755:45CA 0004 C=DATA   S=_DATA          G=DGROUP  M=FMODE      ACBP=48
 3755:45CE 0002 C=DATA   S=_DATA          G=DGROUP  M=FPSTKLEN   ACBP=48
 3755:45D0 0000 C=DATA   S=_DATA          G=DGROUP  M=F_PCMP     ACBP=48
 3755:45D0 0000 C=DATA   S=_DATA          G=DGROUP  M=F_SCOPY    ACBP=48
 3755:45D0 0000 C=DATA   S=_DATA          G=DGROUP  M=GETVECT    ACBP=48
 3755:45D0 0002 C=DATA   S=_DATA          G=DGROUP  M=HEAPLEN    ACBP=48
 3755:45D2 0000 C=DATA   S=_DATA          G=DGROUP  M=H_LLSH     ACBP=48
 3755:45D2 0000 C=DATA   S=_DATA          G=DGROUP  M=H_PADA     ACBP=48
 3755:45D2 0000 C=DATA   S=_DATA          G=DGROUP  M=H_PADD     ACBP=48
 3755:45D2 0000 C=DATA   S=_DATA          G=DGROUP  M=H_PSBP     ACBP=48
 3755:45D2 0000 C=DATA   S=_DATA          G=DGROUP  M=H_SPUSH    ACBP=48
 3755:45D2 005B C=DATA   S=_DATA          G=DGROUP  M=IOERROR    ACBP=48
 3755:462E 0000 C=DATA   S=_DATA          G=DGROUP  M=ISATTY     ACBP=48
 3755:462E 0000 C=DATA   S=_DATA          G=DGROUP  M=LONGTOA    ACBP=48
 3755:462E 0000 C=DATA   S=_DATA          G=DGROUP  M=LSEEK      ACBP=48
 3755:462E 0009 C=DATA   S=_DATA          G=DGROUP  M=MKNAME     ACBP=48
 3755:4638 0000 C=DATA   S=_DATA          G=DGROUP  M=N_PCMP     ACBP=48
 3755:4638 0000 C=DATA   S=_DATA          G=DGROUP  M=READA      ACBP=48
 3755:4638 0000 C=DATA   S=_DATA          G=DGROUP  M=SCANTOL    ACBP=48
 3755:4638 0000 C=DATA   S=_DATA          G=DGROUP  M=SETUPIO    ACBP=48
 3755:4638 0000 C=DATA   S=_DATA          G=DGROUP  M=SIGDATA    ACBP=48
 3755:4638 0002 C=DATA   S=_DATA          G=DGROUP  M=STKLEN     ACBP=48
 3755:463A 0000 C=DATA   S=_DATA          G=DGROUP  M=TOLOWER    ACBP=48
 3755:463A 0000 C=DATA   S=_DATA          G=DGROUP  M=TOUPPER    ACBP=48
 3755:463A 0000 C=DATA   S=_DATA          G=DGROUP  M=UNLINK     ACBP=48
 3755:463A 0067 C=DATA   S=_DATA          G=DGROUP  M=VPRINTER   ACBP=48
 3755:46A2 0000 C=DATA   S=_DATA          G=DGROUP  M=VRAM       ACBP=48
 3755:46A2 0000 C=DATA   S=_DATA          G=DGROUP  M=XCLOSE     ACBP=48
 3755:46A2 0000 C=DATA   S=_DATA          G=DGROUP  M=_STPCPY    ACBP=48
 3755:46A2 0000 C=DATA   S=_DATA          G=DGROUP  M=BIOSKEY    ACBP=48
 3755:46A2 0000 C=DATA   S=_DATA          G=DGROUP  M=BRK        ACBP=48
 3755:46A2 0000 C=DATA   S=_DATA          G=DGROUP  M=CLRSCR     ACBP=48
 3755:46A2 0000 C=DATA   S=_DATA          G=DGROUP  M=CORELEFT   ACBP=48
 3755:46A2 0018 C=DATA   S=_DATA          G=DGROUP  M=CRTINIT    ACBP=48
 3755:46BA 0031 C=DATA   S=_DATA          G=DGROUP  M=CVTFAK     ACBP=48
 3755:46EC 0000 C=DATA   S=_DATA          G=DGROUP  M=FARHEAP    ACBP=48
 3755:46EC 0002 C=DATA   S=_DATA          G=DGROUP  M=FBRK       ACBP=48
 3755:46EE 0000 C=DATA   S=_DATA          G=DGROUP  M=FCORELFT   ACBP=48
 3755:46EE 0000 C=DATA   S=_DATA          G=DGROUP  M=GOTOXY     ACBP=48
 3755:46EE 0000 C=DATA   S=_DATA          G=DGROUP  M=GPTEXT     ACBP=48
 3755:46EE 0000 C=DATA   S=_DATA          G=DGROUP  M=HARD       ACBP=48
 3755:46EE 0000 C=DATA   S=_DATA          G=DGROUP  M=HARDERR    ACBP=48
 3755:46EE 0000 C=DATA   S=_DATA          G=DGROUP  M=IOCTL      ACBP=48
 3755:46EE 0000 C=DATA   S=_DATA          G=DGROUP  M=MOVETEXT   ACBP=48
 3755:46EE 0006 C=DATA   S=_DATA          G=DGROUP  M=NEARHEAP   ACBP=48
 3755:46F4 0000 C=DATA   S=_DATA          G=DGROUP  M=REALCVT    ACBP=48
 3755:46F4 0000 C=DATA   S=_DATA          G=DGROUP  M=SCREEN     ACBP=48
 3755:46F4 0000 C=DATA   S=_DATA          G=DGROUP  M=SCROLL     ACBP=48
 3755:46F4 000E C=DATA   S=_DATA          G=DGROUP  M=SETARGV    ACBP=48
 3755:4702 0000 C=DATA   S=_DATA          G=DGROUP  M=SETBLOCK   ACBP=48
 3755:4702 0002 C=DATA   S=_DATA          G=DGROUP  M=SETENVP    ACBP=48
 3755:4704 0000 C=DATA   S=_DATA          G=DGROUP  M=WHEREXY    ACBP=48
 3755:4704 0000 C=DATA   S=_DATA          G=DGROUP  M=ATOL       ACBP=48
 3755:4704 0000 C=DATA   S=_DATA          G=DGROUP  M=BDOS       ACBP=48
 3755:4704 0000 C=DATA   S=_DATA          G=DGROUP  M=CHMODA     ACBP=48
 3755:4704 0000 C=DATA   S=_DATA          G=DGROUP  M=CLOSE      ACBP=48
 3755:4704 0000 C=DATA   S=_DATA          G=DGROUP  M=CLOSEA     ACBP=48
 3755:4704 0000 C=DATA   S=_DATA          G=DGROUP  M=CREAT      ACBP=48
 3755:4704 0000 C=DATA   S=_DATA          G=DGROUP  M=FCLOSE     ACBP=48
 3755:4704 0000 C=DATA   S=_DATA          G=DGROUP  M=FFLUSH     ACBP=48
 3755:4704 0000 C=DATA   S=_DATA          G=DGROUP  M=FINDFIRS   ACBP=48
 3755:4704 0000 C=DATA   S=_DATA          G=DGROUP  M=FLENGTH    ACBP=48
 3755:4704 0000 C=DATA   S=_DATA          G=DGROUP  M=FLUSHALL   ACBP=48
 3755:4704 0000 C=DATA   S=_DATA          G=DGROUP  M=FOPEN      ACBP=48
 3755:4704 0000 C=DATA   S=_DATA          G=DGROUP  M=FPRINTF    ACBP=48
 3755:4704 0000 C=DATA   S=_DATA          G=DGROUP  M=FSEEK      ACBP=48
 3755:4704 0000 C=DATA   S=_DATA          G=DGROUP  M=GETENV     ACBP=48
 3755:4704 0000 C=DATA   S=_DATA          G=DGROUP  M=LTOA1      ACBP=48
 3755:4704 0000 C=DATA   S=_DATA          G=DGROUP  M=MEMCPY     ACBP=48
 3755:4704 0000 C=DATA   S=_DATA          G=DGROUP  M=MOVEDATA   ACBP=48
 3755:4704 0000 C=DATA   S=_DATA          G=DGROUP  M=OPEN       ACBP=48
 3755:4704 0000 C=DATA   S=_DATA          G=DGROUP  M=OPENA      ACBP=48
 3755:4704 0000 C=DATA   S=_DATA          G=DGROUP  M=PRINTF     ACBP=48
 3755:4704 0001 C=DATA   S=_DATA          G=DGROUP  M=PUTC       ACBP=48
 3755:4706 0000 C=DATA   S=_DATA          G=DGROUP  M=PUTS       ACBP=48
 3755:4706 0000 C=DATA   S=_DATA          G=DGROUP  M=READ       ACBP=48
 3755:4706 0000 C=DATA   S=_DATA          G=DGROUP  M=READU      ACBP=48
 3755:4706 0004 C=DATA   S=_DATA          G=DGROUP  M=SETVBUF    ACBP=48
 3755:470A 0000 C=DATA   S=_DATA          G=DGROUP  M=SPRINTF    ACBP=48
 3755:470A 0000 C=DATA   S=_DATA          G=DGROUP  M=STRCAT     ACBP=48
 3755:470A 0000 C=DATA   S=_DATA          G=DGROUP  M=STRLEN     ACBP=48
 3755:470A 0000 C=DATA   S=_DATA          G=DGROUP  M=STRTOL     ACBP=48
 3755:470A 0000 C=DATA   S=_DATA          G=DGROUP  M=WRITE      ACBP=48
 3755:470A 0000 C=DATA   S=_DATA          G=DGROUP  M=WRITEA     ACBP=48
 3755:470A 0000 C=DATA   S=_DATA          G=DGROUP  M=WRITEU     ACBP=48
 3755:470A 0000 C=DATA   S=_DATA          G=DGROUP  M=XFCLOSE    ACBP=48
 3755:470A 0000 C=DATA   S=_DATA          G=DGROUP  M=XFFLUSH    ACBP=48
 3755:470A 0000 C=DATA   S=_DATA          G=DGROUP  M=FMEMCMP    ACBP=48
 3755:470A 0000 C=DATA   S=_DATA          G=DGROUP  M=FMEMCPY    ACBP=48
 3755:470A 0000 C=DATA   S=_DATA          G=DGROUP  M=FMEMSET    ACBP=48
 3755:470A 0000 C=DATA   S=_DATA          G=DGROUP  M=FSTRCPY    ACBP=48
 3755:470A 0000 C=DATA   S=_DATA          G=DGROUP  M=FSTRICMP   ACBP=48
 3755:470A 0000 C=DATA   S=_DATA          G=DGROUP  M=FSTRLEN    ACBP=48
 3755:470A 0000 C=DATA   S=_CVTSEG        G=DGROUP  M=c0.ASM     ACBP=48
 3755:470A 0002 C=DATA   S=_CVTSEG        G=DGROUP  M=REALCVT    ACBP=48
 3755:470C 0002 C=DATA   S=_CVTSEG        G=DGROUP  M=CVTFAK     ACBP=48
 3755:470E 0000 C=DATA   S=_CVTSEG        G=DGROUP  M=REALCVT    ACBP=48
 3755:470E 0000 C=DATA   S=_SCNSEG        G=DGROUP  M=c0.ASM     ACBP=48
 3755:470E 0006 C=DATA   S=_SCNSEG        G=DGROUP  M=SCANTOD    ACBP=48
 3755:4714 0006 C=DATA   S=_SCNSEG        G=DGROUP  M=CVTFAK     ACBP=48
 3755:471A 0000 C=CONST  S=_CONST         G=DGROUP  M=c0.ASM     ACBP=48
 3755:471A 0000 C=INITDATA S=_INIT_         G=DGROUP  M=c0.ASM     ACBP=48
 3755:471A 0006 C=INITDATA S=_INIT_         G=DGROUP  M=FPINIT     ACBP=48
 3755:4720 0006 C=INITDATA S=_INIT_         G=DGROUP  M=SETUPIO    ACBP=48
 3755:4726 0006 C=INITDATA S=_INIT_         G=DGROUP  M=CRTINIT    ACBP=48
 3755:472C 0006 C=INITDATA S=_INIT_         G=DGROUP  M=SETARGV    ACBP=48
 3755:4732 0006 C=INITDATA S=_INIT_         G=DGROUP  M=SETENVP    ACBP=48
 3755:4738 0000 C=INITDATA S=_INITEND_      G=DGROUP  M=c0.ASM     ACBP=28
 3755:4738 0000 C=EXITDATA S=_EXIT_         G=DGROUP  M=c0.ASM     ACBP=48
 3755:4738 0006 C=EXITDATA S=_EXIT_         G=DGROUP  M=FPINIT     ACBP=48
 3755:473E 0000 C=EXITDATA S=_EXITEND_      G=DGROUP  M=c0.ASM     ACBP=28
 3755:473E 0000 C=BSS    S=_BSS           G=DGROUP  M=c0.ASM     ACBP=48
 3755:473E 0002 C=BSS    S=_BSS           G=DGROUP  M=WL_MAIN.C  ACBP=48
 3755:4740 0000 C=BSS    S=_BSS           G=DGROUP  M=WL_TEXT.C  ACBP=48
 3755:4740 0002 C=BSS    S=_BSS           G=DGROUP  M=WL_MENU.C  ACBP=48
 3755:4742 0000 C=BSS    S=_BSS           G=DGROUP  M=WL_INTER.C ACBP=48
 3755:4742 0000 C=BSS    S=_BSS           G=DGROUP  M=WL_GAME.C  ACBP=48
 3755:4742 0000 C=BSS    S=_BSS           G=DGROUP  M=WL_PLAY.C  ACBP=48
 3755:4742 000A C=BSS    S=_BSS           G=DGROUP  M=WL_DEBUG.C ACBP=48
 3755:474C 0000 C=BSS    S=_BSS           G=DGROUP  M=WL_DRAW.C  ACBP=48
 3755:474C 0004 C=BSS    S=_BSS           G=DGROUP  M=WL_SCALE.C ACBP=48
 3755:4750 0000 C=BSS    S=_BSS           G=DGROUP  M=WL_STATE.C ACBP=48
 3755:4750 0000 C=BSS    S=_BSS           G=DGROUP  M=WL_AGENT.C ACBP=48
 3755:4750 0000 C=BSS    S=_BSS           G=DGROUP  M=WL_ACT1.C  ACBP=48
 3755:4750 0000 C=BSS    S=_BSS           G=DGROUP  M=WL_ACT2.C  ACBP=48
 3755:4750 0000 C=BSS    S=_BSS           G=DGROUP  M=ID_CA.C    ACBP=48
 3755:4750 0014 C=BSS    S=_BSS           G=DGROUP  M=ID_IN.C    ACBP=48
 3755:4764 0000 C=BSS    S=_BSS           G=DGROUP  M=ID_MM.C    ACBP=48
 3755:4764 0000 C=BSS    S=_BSS           G=DGROUP  M=ID_PM.C    ACBP=48
 3755:4764 0180 C=BSS    S=_BSS           G=DGROUP  M=ID_SD.C    ACBP=48
 3755:48E4 0030 C=BSS    S=_BSS           G=DGROUP  M=ID_US_1.C  ACBP=48
 3755:4914 0000 C=BSS    S=_BSS           G=DGROUP  M=ID_VL.C    ACBP=48
 3755:4914 0000 C=BSS    S=_BSS           G=DGROUP  M=ID_VH.C    ACBP=48
 3755:4914 0000 C=BSS    S=_BSS           G=DGROUP  M=ATAN       ACBP=48
 3755:4914 0000 C=BSS    S=_BSS           G=DGROUP  M=LDTRUNC    ACBP=48
 3755:4914 0000 C=BSS    S=_BSS           G=DGROUP  M=REALCVT    ACBP=48
 3755:4914 0000 C=BSS    S=_BSS           G=DGROUP  M=SCANTOD    ACBP=48
 3755:4914 0000 C=BSS    S=_BSS           G=DGROUP  M=XCVT       ACBP=48
 3755:4914 0000 C=BSS    S=_BSS           G=DGROUP  M=_POW10     ACBP=48
 3755:4914 0000 C=BSS    S=_BSS           G=DGROUP  M=SIN        ACBP=48
 3755:4914 0000 C=BSS    S=_BSS           G=DGROUP  M=TAN        ACBP=48
 3755:4914 0000 C=BSS    S=_BSS           G=DGROUP  M=ATAN2      ACBP=48
 3755:4914 0080 C=BSS    S=_BSS           G=DGROUP  M=ATEXIT     ACBP=48
 3755:4994 0000 C=BSS    S=_BSS           G=DGROUP  M=DOSFATTR   ACBP=48
 3755:4994 0000 C=BSS    S=_BSS           G=DGROUP  M=DOSWRITE   ACBP=48
 3755:4994 0000 C=BSS    S=_BSS           G=DGROUP  M=GETVECT    ACBP=48
 3755:4994 0000 C=BSS    S=_BSS           G=DGROUP  M=IOERROR    ACBP=48
 3755:4994 0000 C=BSS    S=_BSS           G=DGROUP  M=ISATTY     ACBP=48
 3755:4994 0000 C=BSS    S=_BSS           G=DGROUP  M=LONGTOA    ACBP=48
 3755:4994 0000 C=BSS    S=_BSS           G=DGROUP  M=LSEEK      ACBP=48
 3755:4994 000D C=BSS    S=_BSS           G=DGROUP  M=MKNAME     ACBP=48
 3755:49A2 0000 C=BSS    S=_BSS           G=DGROUP  M=READA      ACBP=48
 3755:49A2 0000 C=BSS    S=_BSS           G=DGROUP  M=SCANTOL    ACBP=48
 3755:49A2 0000 C=BSS    S=_BSS           G=DGROUP  M=SETUPIO    ACBP=48
 3755:49A2 0004 C=BSS    S=_BSS           G=DGROUP  M=SIGDATA    ACBP=48
 3755:49A6 0000 C=BSS    S=_BSS           G=DGROUP  M=UNLINK     ACBP=48
 3755:49A6 0000 C=BSS    S=_BSS           G=DGROUP  M=VPRINTER   ACBP=48
 3755:49A6 0000 C=BSS    S=_BSS           G=DGROUP  M=VRAM       ACBP=48
 3755:49A6 0000 C=BSS    S=_BSS           G=DGROUP  M=BIOSKEY    ACBP=48
 3755:49A6 0000 C=BSS    S=_BSS           G=DGROUP  M=BRK        ACBP=48
 3755:49A6 0000 C=BSS    S=_BSS           G=DGROUP  M=CORELEFT   ACBP=48
 3755:49A6 0000 C=BSS    S=_BSS           G=DGROUP  M=CRTINIT    ACBP=48
 3755:49A6 000C C=BSS    S=_BSS           G=DGROUP  M=HARDERR    ACBP=48
 3755:49B2 0000 C=BSS    S=_BSS           G=DGROUP  M=IOCTL      ACBP=48
 3755:49B2 0000 C=BSS    S=_BSS           G=DGROUP  M=SETBLOCK   ACBP=48
 3755:49B2 0000 C=BSS    S=_BSS           G=DGROUP  M=ATOL       ACBP=48
 3755:49B2 0000 C=BSS    S=_BSS           G=DGROUP  M=BDOS       ACBP=48
 3755:49B2 0000 C=BSS    S=_BSS           G=DGROUP  M=CHMODA     ACBP=48
 3755:49B2 0000 C=BSS    S=_BSS           G=DGROUP  M=CLOSEA     ACBP=48
 3755:49B2 0000 C=BSS    S=_BSS           G=DGROUP  M=CREAT      ACBP=48
 3755:49B2 0000 C=BSS    S=_BSS           G=DGROUP  M=FINDFIRS   ACBP=48
 3755:49B2 0000 C=BSS    S=_BSS           G=DGROUP  M=FLENGTH    ACBP=48
 3755:49B2 0000 C=BSS    S=_BSS           G=DGROUP  M=GETENV     ACBP=48
 3755:49B2 0000 C=BSS    S=_BSS           G=DGROUP  M=MEMCPY     ACBP=48
 3755:49B2 0000 C=BSS    S=_BSS           G=DGROUP  M=MOVEDATA   ACBP=48
 3755:49B2 0000 C=BSS    S=_BSS           G=DGROUP  M=OPEN       ACBP=48
 3755:49B2 0000 C=BSS    S=_BSS           G=DGROUP  M=OPENA      ACBP=48
 3755:49B2 0001 C=BSS    S=_BSS           G=DGROUP  M=PUTC       ACBP=48
 3755:49B4 0000 C=BSS    S=_BSS           G=DGROUP  M=READ       ACBP=48
 3755:49B4 0000 C=BSS    S=_BSS           G=DGROUP  M=STRCAT     ACBP=48
 3755:49B4 0000 C=BSS    S=_BSS           G=DGROUP  M=STRLEN     ACBP=48
 3755:49B4 0000 C=BSS    S=_BSS           G=DGROUP  M=WRITEA     ACBP=48
 3755:49B4 0000 C=BSS    S=_BSS           G=DGROUP  M=FMEMCMP    ACBP=48
 3755:49B4 0000 C=BSS    S=_BSS           G=DGROUP  M=FMEMCPY    ACBP=48
 3755:49B4 0000 C=BSS    S=_BSS           G=DGROUP  M=FMEMSET    ACBP=48
 3755:49B4 0000 C=BSS    S=_BSS           G=DGROUP  M=FSTRCPY    ACBP=48
 3755:49B4 0000 C=BSS    S=_BSS           G=DGROUP  M=FSTRICMP   ACBP=48
 3755:49B4 0000 C=BSS    S=_BSS           G=DGROUP  M=FSTRLEN    ACBP=48
 3755:49B4 9F75 C=BSS    S=_COMDEF_       G=DGROUP  M=WL_ACT1.C  ACBP=48
 3755:E929 0000 C=BSSEND S=_BSSEND        G=DGROUP  M=c0.ASM     ACBP=28
 45E8:0000 0080 C=STACK  S=_STACK         G=(none)  M=c0.ASM     ACBP=74

  Address         Publics by Name

 3755:0000 idle  DATASEG@
 0000:02C4 idle  DGROUP@
 1D55:2152       e086_Entry
 1D55:26E0       e086_Shortcut
 1FCD:0306       e087_Entry
 1FCD:03C6       e087_Shortcut
 1FCD:0430       e087_Trap
 0000:FE32 idle  FIARQQ
 0000:0E32 idle  FICRQQ
 0000:5C32  Abs  FIDRQQ
 0000:1632  Abs  FIERQQ
 0000:0632 idle  FISRQQ
 0000:A23D  Abs  FIWRQQ
 0000:4000 idle  FJARQQ
 0000:C000 idle  FJCRQQ
 0000:8000 idle  FJSRQQ
 0000:114C idle  FTOL@
 0000:114C       F_FTOL@
 0000:02CB       F_LDIV@
 0000:02F2 idle  F_LMOD@
 0000:02EA idle  F_LUDIV@
 0000:02FA idle  F_LUMOD@
 0000:135B idle  F_LXLSH@
 0000:137C       F_PADA@
 0000:1404       F_PADD@
 0000:12FB       F_PCMP@
 0000:13C0       F_PSBA@
 0000:1464       F_PSBP@
 0000:1433 idle  F_PSUB@
 0000:131C       F_SCOPY@
 0000:148F       F_SPUSH@
 0000:02CB       LDIV@
 0000:02F2 idle  LMOD@
 0000:02EA idle  LUDIV@
 0000:02FA idle  LUMOD@
 0000:135B idle  LXLSH@
 0000:02C8 idle  N_LDIV@
 0000:02EF idle  N_LMOD@
 0000:02E7 idle  N_LUDIV@
 0000:02F7 idle  N_LUMOD@
 0000:1358       N_LXLSH@
 0000:1379 idle  N_PADA@
 0000:1401       N_PADD@
 0000:1651       N_PCMP@
 0000:13BD idle  N_PSBA@
 0000:1461       N_PSBP@
 0000:1430 idle  N_PSUB@
 0000:1489 idle  N_SPUSH@
 0000:137C idle  PADA@
 0000:1404 idle  PADD@
 0000:12FB idle  PCMP@
 0000:13C0 idle  PSBA@
 0000:1464 idle  PSBP@
 0000:1433 idle  PSUB@
 0000:131C idle  SCOPY@
 0000:148F idle  SPUSH@
 0000:02AD       _abort
 3755:E78B       _abortprogram
 3755:4C98       _actorat
 3755:932B       _AdLibPresent
 3755:2F61 idle  _afilename
 3755:E22A       _aftersort
 3755:2F57 idle  _aheadname
 3755:E42C       _alBlock
 3755:E428       _alLengthLeft
 3755:E432       _alNoCheck
 1955:0C76       _alOut
 3755:E42E       _alSound
 3755:E424       _alTimeCount
 3755:E414       _alZeroInst
 3755:D340       _angle
 3755:9BDC       _anglefrac
 3755:49BA       _areabyplayer
 30F6:0000       _areaconnect
 0F7C:0078       _AsmRefresh
 0000:05FE       _atan
 0000:1091       _atan2
 0000:1178 idle  _atexit
 0000:3242 idle  _atoi
 0000:31D2       _atol
 3755:18FA idle  _attackinfo
 3755:D997       _audiohandle
 3755:D99D       _audiohuffman
 3755:2F18       _audioname
 3755:973E       _audiosegs
 3755:E195       _audiostarts
 1384:06A7       _A_DeathScream
 1384:10E6 idle  _A_HitlerMorph
 1384:1167 idle  _A_MechaSound
 1384:1193 idle  _A_Slurpie
 1384:000C idle  _A_Smoke
 1384:1C9A idle  _A_StartDeathCam
 3755:903E       _backcolor
 05CF:0677 idle  _BackPage
 0FC2:0000 idle  _BadScale
 0000:324F       _bdos
 3755:E22E       _beforesort
 0000:1F09       _bioskey
 0A58:0586 idle  _BJ_Breathe
 3755:903F       _blockstarts
 3755:E210       _bombonerror
 3755:9B16       _bonuscount
 3755:E78F       _bordercolor
 066B:0268 idle  _BossKey
 0000:1F81 idle  _brk
 3755:E1A2       _btnstate
 3755:E925       _bufferheight
 3755:9438       _bufferofs
 3755:E1A0       _bufferseg
 3755:E927       _bufferwidth
 0FC2:01C2 idle  _BuildCompScale
 044F:0C43 idle  _BuildTables
 3755:E789       _Button0
 3755:E787       _Button1
 3755:9BF8       _buttonheld
 3755:125E       _buttonjoy
 3755:1256       _buttonmouse
 3755:1246       _buttonscan
 3755:9BE4       _buttonstate
 05CF:06A1 idle  _CacheLayoutGraphics
 066B:2E32       _CacheLump
 0E8E:0285 idle  _CalcHeight
 044F:0D8A idle  _CalcProjection
 0E8E:09C1 idle  _CalcRotate
 0E8E:0CE6       _CalcTics
 066B:1548 idle  _CalibrateJoystick
 1579:045C idle  _CAL_CarmackExpand
 1579:0DC6 idle  _CAL_ExpandGrChunk
 1579:0080 idle  _CAL_GetGrChunkLength
 1579:0300 idle  _CAL_HuffExpand
 1579:02B5 idle  _CAL_OptimizeNodes
 1579:0B34 idle  _CAL_SetupAudioFile
 1579:0769 idle  _CAL_SetupGrFile
 1579:0987 idle  _CAL_SetupMapFile
 1579:0CAF       _CA_CacheAudioChunk
 1579:0E81       _CA_CacheGrChunk
 1579:109D       _CA_CacheMap
 1579:12DE       _CA_CacheMarks
 1579:0FB1       _CA_CacheScreen
 1579:159E idle  _CA_CannotOpen
 1579:1263 idle  _CA_ClearAllMarks
 1579:1242 idle  _CA_ClearMarks
 1579:006F idle  _CA_CloseDebug
 1579:121C       _CA_DownLevel
 1579:00E8       _CA_FarRead
 1579:012F       _CA_FarWrite
 3755:95D3       _ca_levelbit
 3755:E19D       _ca_levelnum
 1579:0D45       _CA_LoadAllSounds
 1579:0238 idle  _CA_LoadFile
 1579:004E idle  _CA_OpenDebug
 1579:0176 idle  _CA_ReadFile
 1579:0573 idle  _CA_RLEWCompress
 1579:06B5 idle  _CA_RLEWexpand
 1579:12B2       _CA_SetAllPurge
 1579:1286 idle  _CA_SetGrPurge
 1579:0C86       _CA_Shutdown
 1579:0C65       _CA_Startup
 1579:11DA       _CA_UpLevel
 1579:01E6       _CA_WriteFile
 0CCE:05BD       _CenterWindow
 3755:8F78       _centerx
 066B:3D1E       _CheckForEpisodes
 0A58:1227       _CheckHighScore
 044B:0006       _CheckIs386
 0CCE:05EB idle  _CheckKeys
 104B:0F53       _CheckLine
 066B:3C6B idle  _CheckPause
 1384:1C04 idle  _CheckPosition
 104B:11C0 idle  _CheckSight
 11AA:000B idle  _CheckWeaponChange
 3755:D993       _chunkcomplen
 3755:D98F       _chunkexplen
 3755:D1E0       _ChunksInFile
 066B:3041 idle  _CleanupControlPanel
 0B99:0166       _ClearMemory
 066B:2E17       _ClearMScreen
 0CCE:0C92 idle  _ClearPaletteShifts
 0A58:0008       _ClearSplitVWB
 11AA:08CB idle  _ClipMove
 0000:327A       _close
 12BA:0363 idle  _CloseDoor
 0000:1F9D       _clrscr
 11AA:0A9E idle  _Cmd_Fire
 11AA:0AF0 idle  _Cmd_Use
 3755:03E6 idle  _color_hlite
 3755:03EE idle  _color_norml
 3755:CF40       _compatability
 3755:00BC       _configname
 066B:3941 idle  _Confirm
 12BA:01B1 idle  _ConnectAreas
 11AA:003F idle  _ControlMovement
 3755:E1BE       _Controls
 3755:9BF6       _controlx
 3755:9BF4       _controly
 0000:1FC6       _coreleft
 3755:1662       _costable
 0DDB:00CF idle  _CountObjects
 066B:29BD idle  _CP_ChangeView
 066B:02B2 idle  _CP_CheckQuick
 066B:1773 idle  _CP_Control
 066B:07BE idle  _CP_EndGame
 066B:0F31 idle  _CP_LoadGame
 066B:0875 idle  _CP_NewGame
 066B:2BB5 idle  _CP_Quit
 066B:1219 idle  _CP_SaveGame
 066B:0B1D idle  _CP_Sound
 066B:0814       _CP_ViewScores
 0000:32D9       _creat
 3755:03BE idle  _CtlItems
 20D0:0000 idle  _CtlMenu
 3755:E785       _CursorBad
 3755:E783       _CursorX
 3755:E781       _CursorY
 3755:03C8 idle  _CusItems
 2123:0000 idle  _CusMenu
 066B:1D6D idle  _CustomControls
 104B:0E58       _DamageActor
 3755:9B18       _damagecount
 3755:E199       _debughandle
 0DDB:0794       _DebugKeys
 0DDB:000B idle  _DebugMemory
 3755:9BD8       _DebugOk
 066B:1E4C idle  _DefineJoyBtns
 066B:1E88 idle  _DefineKeyBtns
 066B:1EC4 idle  _DefineKeyMove
 066B:1E10 idle  _DefineMouseBtns
 3755:E1BC       _DemoBuffer
 3755:99A6       _demobuffer
 044F:15DB idle  _DemoLoop
 3755:302C idle  _DemoMode
 3755:11D2       _demoname
 3755:E1BA       _DemoOffset
 3755:99B0       _demoplayback
 3755:99AC       _demoptr
 3755:99B2       _demorecord
 3755:E1B8       _DemoSize
 3755:17EC idle  _diagonal
 0B99:0F46 idle  _Died
 3755:E64F       _DigiLastEnd
 3755:E651       _DigiLastStart
 3755:E655       _DigiLeft
 3755:CF44       _DigiList
 3755:9273       _DigiMap
 3755:9323       _DigiMode
 3755:E669       _DigiNumber
 3755:E653       _DigiPage
 3755:E681       _DigiPlaying
 3755:E665       _DigiPriority
 3755:00AA       _dirangle
 3755:46B1       _directvideo
 3755:123E       _dirscan
 3755:1B06 idle  _dirtable
 044F:03AF idle  _DiskFlopAnim
 3755:9436       _displayofs
 0CCE:0DD6 idle  _DoActor
 044F:03DE idle  _DoChecksum
 044F:106E idle  _DoJukebox
 12BA:0798 idle  _DoorClosing
 3755:D1D6       _doornum
 3755:7D98       _doorobjlist
 12BA:0611 idle  _DoorOpen
 12BA:063F idle  _DoorOpening
 3755:4A06       _doorposition
 0B99:09D7       _DrawAllPlayBorder
 0B99:09A7       _DrawAllPlayBorderSides
 11AA:04D2       _DrawAmmo
 066B:2B34 idle  _DrawChangeView
 066B:1BA0 idle  _DrawCtlScreen
 066B:288F idle  _DrawCustJoy
 066B:2923 idle  _DrawCustKeybd
 066B:298B idle  _DrawCustKeys
 066B:27E8 idle  _DrawCustMouse
 066B:24CC idle  _DrawCustomScreen
 11AA:01D5       _DrawFace
 066B:35CE idle  _DrawGun
 066B:3599 idle  _DrawHalfStep
 11AA:0302       _DrawHealth
 0A58:1051       _DrawHighScores
 11AA:0454       _DrawKeys
 11AA:039E       _DrawLevel
 11AA:03BC       _DrawLives
 066B:10DF idle  _DrawLoadSaveScreen
 066B:0EAB idle  _DrawLSAction
 066B:01C3 idle  _DrawMainMenu
 066B:36B4       _DrawMenu
 066B:3CAB idle  _DrawMenuGun
 066B:187B idle  _DrawMouseSens
 066B:09C3 idle  _DrawNewEpisode
 066B:0A74 idle  _DrawNewGame
 066B:0B03 idle  _DrawNewGameDiff
 066B:2EC8 idle  _DrawOutline
 0B99:0A08       _DrawPlayBorder
 0B99:091B idle  _DrawPlayBorderSides
 0E8E:0C50 idle  _DrawPlayerWeapon
 0B99:0AD5       _DrawPlayScreen
 0E8E:0A3D idle  _DrawScaleds
 11AA:03F6       _DrawScore
 066B:0CAF idle  _DrawSoundMenu
 066B:3CDE       _DrawStripes
 11AA:043B       _DrawWeapon
 066B:2E90       _DrawWindow
 104B:0B14 idle  _DropItem
 3755:9B1C       _dummyobj
 3755:0E42 idle  _ElevatorBackTo
 3755:31F8 idle  _EMMDriverName
 3755:E26C       _EMSAvail
 3755:E26A       _EMSHandle
 3755:E24E       _EMSList
 3755:E268       _EMSPageFrame
 3755:997E       _EMSPagesAvail
 3755:E23C       _EMSPagesUsed
 3755:E266       _EMSPhysicalPage
 3755:9982       _EMSPresent
 3755:02FE idle  _endextern
 3755:030F       _endfilename
 206B:0000 idle  _endStrings
 05CF:0923       _EndText
 066B:1F00 idle  _EnterCtrlData
 3755:4702       _environ
 3755:03F6 idle  _EpisodeSelect
 066B:3520 idle  _EraseGun
 3755:0094       _errno
 0000:12C0       _exit
 3755:9739       _extension
 3755:9C08       _extravbls
 3755:9BDA       _facecount
 0000:26F7       _farcoreleft
 0000:22D6       _farfree
 3755:E224       _farheap
 0000:23E0       _farmalloc
 3755:7D18       _farmapylookup
 0000:253D idle  _farrealloc
 0E8E:0375       _FarScalePost
 3755:D1E2       _farthest
 3755:E78D       _fastpalette
 0000:334B       _fclose
 0000:33CC       _fflush
 0000:34AD       _filelength
 0000:344D       _findfirst
 0000:3480       _findnext
 31BD:0000       _finetangent
 0B99:0BCA idle  _FinishDemoRecord
 0CCE:0DAC       _FinishPaletteShifts
 044F:0F4C idle  _FinishSignon
 104B:1282 idle  _FirstSighting
 0E8E:0007       _FixedByFrac
 0E8E:0D3A       _FixOfs
 066B:234C idle  _FixupCustom
 1C7C:07B9       _FizzleFade
 3755:99C2       _fizzlein
 0000:34EE       _flushall
 3755:8F80       _focallength
 3755:D34A       _focaltx
 3755:D348       _focalty
 3755:9435       _fontcolor
 3755:9433       _fontnumber
 0000:36A9       _fopen
 0000:36C8       _fprintf
 0000:3B71       _fputc
 0000:3CA7 idle  _fputchar
 3755:9BE0       _frameon
 0000:2A50       _free
 3755:1658       _freelatch
 066B:3C04       _FreeMusic
 0000:373B       _fseek
 0000:37A3 idle  _ftell
 3755:D356       _fullscalefarcall
 3755:9B10       _funnyticount
 0B99:115D       _GameLoop
 3755:3D2A       _gamepal
 3755:E685       _Games
 3755:8CA0       _gamestate
 3755:2F39 idle  _gdictname
 11AA:0538       _GetBonus
 0000:386A       _getenv
 0CCE:09C5       _GetNewActor
 0000:2790       _gettext
 0000:1338       _getvect
 3755:2F2F idle  _gfilename
 3755:2F25 idle  _gheadname
 11AA:04EE idle  _GiveAmmo
 11AA:03D8 idle  _GiveExtraMan
 11AA:0523 idle  _GiveKey
 11AA:040F       _GivePoints
 11AA:04A9       _GiveWeapon
 3755:9992       _globalsoundx
 3755:998E       _globalsoundy
 3755:9C0C       _godmode
 3755:D985       _gotgatgun
 0000:2747       _gotoxy
 1579:0008 idle  _GRFILEPOS
 3755:D99B       _grhandle
 3755:DD99       _grhuffman
 329E:0000       _grneeded
 3755:943A       _grsegs
 3755:E197       _grstarts
 11AA:0D4E idle  _GunAttack
 3755:E67B       _HackCount
 05CF:00FA idle  _HandleCommand
 05CF:03B7 idle  _HandleCtrls
 066B:3059       _HandleMenu
 05CF:03D7 idle  _HandleWord
 0000:2838       _harderr
 0000:284A idle  _hardresume
 0000:2858 idle  _hardretn
 11AA:0377       _HealSelf
 3755:8CE4       _heightnumerator
 3755:0300 idle  _helpextern
 3755:0302 idle  _helpfilename
 05CF:089C idle  _HelpScreens
 0E8E:05B0       _HitHorizDoor
 0E8E:07B1       _HitHorizPWall
 0E8E:0495       _HitHorizWall
 0E8E:06AF       _HitVertDoor
 0E8E:0885       _HitVertPWall
 0E8E:037D       _HitVertWall
 3755:4B08       _horizwall
 3755:9734       _ingame
 0CCE:097E       _InitActorList
 12BA:01EA       _InitAreas
 044F:104D idle  _InitDigiMap
 12BA:0212       _InitDoorList
 044F:125F idle  _InitGame
 0CCE:0B22       _InitRedShifts
 12BA:0009       _InitStaticList
 16D8:01E5       _INL_GetJoyDelta
 3755:D771       _insetupscaling
 066B:2C3E       _IntroScreen
 16D8:0AB6       _IN_Ack
 16D8:0A5D       _IN_CheckAck
 16D8:068F       _IN_ClearKeysDown
 16D8:0617 idle  _IN_Default
 16D8:014C       _IN_GetJoyAbs
 16D8:0347 idle  _IN_GetJoyButtonsDB
 066B:3C27 idle  _IN_GetScanName
 16D8:0B0F       _IN_JoyButtons
 16D8:0AF8       _IN_MouseButtons
 16D8:06AE       _IN_ReadControl
 16D8:09C6 idle  _IN_SetControlType
 16D8:0682 idle  _IN_SetKeyHook
 16D8:0492       _IN_SetupJoy
 16D8:0656       _IN_Shutdown
 16D8:0A0E       _IN_StartAck
 16D8:0579       _IN_Startup
 16D8:0AC7       _IN_UserInput
 16D8:09F3       _IN_WaitForASCII
 16D8:09D7 idle  _IN_WaitForKey
 0000:298C       _ioctl
 3755:8F84       _IsA386
 0000:14FB       _isatty
 0000:38C9       _itoa
 044B:002E       _jabhack2
 3755:00CA idle  _JHParmStrings
 3755:E1C6       _JoyDefs
 3755:4B8E       _joypadenabled
 3755:E1B6       _JoyPadPresent
 3755:932D       _JoysPresent
 3755:4B90       _joystickenabled
 3755:4B8A       _joystickport
 3755:4B8C       _joystickprogressive
 3755:3022 idle  _KbdDefs
 3755:9333       _Keyboard
 104B:0BA7 idle  _KillActor
 3755:99B4       _killerobj
 11AA:0CD1 idle  _KnifeAttack
 3755:9736       _LastASCII
 3755:D983       _LastAttacker
 3755:99A8       _lastdemoptr
 3755:D98B       _lastdoorobj
 3755:D34E       _lastintercept
 3755:AC12       _lastobj
 3755:95CC       _LastScan
 3755:D352       _lastside
 3755:8018       _laststatobj
 3755:D34C       _lasttilehit
 3755:95D6       _lasttimecount
 1C7C:0647       _LatchDrawPic
 11AA:027B idle  _LatchNumber
 3755:99CC       _latchpics
 3755:9578       _layoutdone
 3755:998C       _leftchannel
 3755:95A6       _leftmargin
 3755:3C9C idle  _leftmasks
 3755:E663       _LeftPosition
 3755:1010 idle  _lefttable
 0A58:05D7       _LevelCompleted
 3755:8FEC       _LevelRatios
 3755:D765       _linecmds
 3755:D761       _linescale
 3755:E921       _linewidth
 3755:926D       _loadedgame
 1C7C:069F       _LoadLatchMem
 044F:081C       _LoadTheGame
 3755:E659       _LocalTime
 0000:15A6       _lseek
 3755:03B4 idle  _LSItems
 2108:0000 idle  _LSMenu
 0000:390B       _ltoa
 3755:CF3E       _madenoise
 044F:17EC       _main
 3755:03A0       _MainItems
 3755:E338       _MainMemPages
 3755:E270       _MainMemUsed
 2098:0000       _MainMenu
 3755:E26E       _MainPagesAvail
 3755:E23A       _MainPagesUsed
 3755:E400       _MainPresent
 0000:2B1F       _malloc
 3755:D999       _maphandle
 3755:9A94       _mapheaderseg
 3755:99C6       _mapheight
 3755:16E8       _mapmasks1
 3755:1708       _mapmasks2
 3755:1728       _mapmasks3
 3755:9988       _mapon
 3755:CF4C       _maporgx
 3755:CF4A       _maporgy
 3755:9B0C       _mapsegs
 3755:99C8       _mapwidth
 3755:9B58       _mapwidthtable
 3755:D75E       _mask1
 3755:D75D       _mask2
 3755:D75C       _mask3
 3755:D75F       _maskword
 0000:0F3E       _matherr
 3755:D773       _maxscale
 3755:D354       _maxscaleshl2
 3755:8CE8       _maxslope
 3755:05C0 idle  _mbarray
 0000:3930       _memcpy
 3755:903C       _menuitems
 066B:3A4F       _Message
 3755:2F4D idle  _mfilename
 3755:2F43 idle  _mheadname
 3755:D342       _midangle
 3755:165E idle  _mindist
 3755:8CE2       _minheightdiv
 34E8:0000       _mmblocks
 3755:9986       _mmerror
 3755:E21A       _mmfree
 3755:E21E       _mmhead
 3755:9564       _mminfo
 178A:0004 idle  _MML_CheckForXMS
 178A:01E8 idle  _MML_ClearBlock
 178A:001F idle  _MML_SetupXMS
 178A:008B idle  _MML_ShutdownXMS
 178A:00BA       _MML_UseSpace
 3755:E212       _mmnew
 3755:E216       _mmrover
 3755:E228       _mmstarted
 178A:0C20       _MM_BombOnError
 178A:0A53 idle  _MM_DumpData
 178A:0635       _MM_FreePtr
 178A:0414       _MM_GetPtr
 178A:0732       _MM_SetLock
 178A:06CD       _MM_SetPurge
 178A:0921 idle  _MM_ShowMemory
 178A:03EF       _MM_Shutdown
 178A:079B       _MM_SortMem
 178A:023E       _MM_Startup
 178A:0BB0       _MM_TotalFree
 178A:0B57       _MM_UnusedMemory
 3755:8F70       _mouseadjustment
 3755:E1B2       _MouseDownCount
 3755:4B92       _mouseenabled
 3755:9331       _MousePresent
 066B:1994 idle  _MouseSensitivity
 0000:394F       _movedata
 12BA:08BC       _MoveDoors
 104B:0965       _MoveObj
 3755:05F0 idle  _moveorder
 12BA:0AA9       _MovePWalls
 0000:29B3       _movetext
 044F:0FE9       _MS_CheckParm
 3755:0192 idle  _MusicItems
 203B:0000 idle  _MusicMenu
 3755:9321       _MusicMode
 3755:E222       _nearheap
 3755:7C98       _nearmapylookup
 3755:E67D       _NeedsDigitized
 3755:E683       _NeedsMusic
 3755:8C9C       _new
 3755:03D2 idle  _NewEitems
 20E0:0000 idle  _NewEmenu
 044F:0361       _NewGame
 3755:03DC idle  _NewItems
 05CF:035C idle  _NewLine
 20FD:0000 idle  _NewMenu
 104B:00B8       _NewState
 044F:14C2       _NewViewSize
 3755:E675       _nextsoundpos
 3755:9C0A       _noclip
 0A58:1357 idle  _NonShareware
 3755:8F86       _nospr
 3755:01CA idle  _nosprtxt
 3755:926B       _NoWait
 3755:CF46       _NumDigi
 3755:95C4       _numpages
 3755:E20A       _numUMBs
 3755:AC14       _obj
 3755:9B1A       _objcount
 3755:AC10       _objfreelist
 3755:AC16       _objlist
 3755:D98D       _oldsoundmode
 0000:399C       _open
 12BA:033A       _OpenDoor
 12BA:059D       _OperateDoor
 3755:17DA idle  _opposite
 3755:05CC idle  _order
 3755:31EE idle  _PageFile
 3755:31E0       _PageFileName
 05CF:0485 idle  _PageLayout
 3755:95C6       _pagenum
 3725:0000       _palette1
 36F5:0000       _palette2
 3755:9B14       _palshifted
 05CF:001F idle  _ParseNumber
 05CF:0071 idle  _ParsePicCommand
 05CF:008F idle  _ParseTimedCommand
 044F:0303 idle  _Patch386
 3755:9737       _Paused
 3755:E63A       _pcLastSample
 3755:E632       _pcLengthLeft
 3755:E636       _pcSound
 3755:E434       _pcSoundLookup
 3755:E923       _pelpan
 0A58:03DE       _PG13
 3755:957A       _picdelay
 3755:95D4       _pickquick
 3755:957C       _picnum
 3755:95D1       _pictable
 0DDB:01CD       _PicturePause
 3755:9580       _picx
 3755:957E       _picy
 3755:8CF0       _pixelangle
 3755:3C98 idle  _pixmasks
 3755:D32C       _pixx
 12BA:00DB       _PlaceItemType
 0B99:0DD8       _PlayDemo
 3755:8C9A       _player
 3755:D97F       _playerxmove
 3755:D97B       _playerymove
 0CCE:0F5F       _PlayLoop
 0B99:00F6       _PlaySoundLocGlobal
 3755:8C9E       _playstate
 3755:D979       _plux
 3755:D977       _pluy
 3755:E234       _PMFrameCount
 184C:0674 idle  _PML_ClosePageFile
 184C:0A04 idle  _PML_GetAPageBuffer
 184C:06AB idle  _PML_GetEMSAddress
 184C:0B0A idle  _PML_GetPageFromXMS
 184C:07B6 idle  _PML_GiveLRUPage
 184C:083A idle  _PML_GiveLRUXMSPage
 184C:0B8A idle  _PML_LoadPage
 184C:000B idle  _PML_MapEMS
 184C:04BE idle  _PML_OpenPageFile
 184C:088F idle  _PML_PutPageInXMS
 184C:0443 idle  _PML_ReadFromFile
 184C:013D idle  _PML_ShutdownEMS
 184C:041C idle  _PML_ShutdownMainMem
 184C:0269 idle  _PML_ShutdownXMS
 184C:002D idle  _PML_StartupEMS
 184C:03A4 idle  _PML_StartupMainMem
 184C:0160 idle  _PML_StartupXMS
 184C:0937 idle  _PML_TransferPageSpace
 184C:01D2 idle  _PML_XMSCopy
 3755:E238       _PMNumBlocks
 3755:D1D8       _PMPages
 3755:E242       _PMPanicMode
 3755:E232       _PMSegPages
 3755:D1DC       _PMSoundStart
 3755:D1DE       _PMSpriteStart
 3755:E244       _PMStarted
 3755:E240       _PMThrashing
 184C:02B7       _PM_CheckMainMem
 184C:0BD5       _PM_GetPage
 184C:0763       _PM_GetPageAddress
 184C:0F01       _PM_NextFrame
 184C:0CB4       _PM_Preload
 184C:0F68 idle  _PM_Reset
 184C:028E       _PM_SetMainMemPurge
 184C:0C85       _PM_SetPageLock
 184C:107C       _PM_Shutdown
 184C:0FCF       _PM_Startup
 0CCE:03BB idle  _PollControls
 0CCE:0071 idle  _PollJoystickButtons
 0CCE:024A idle  _PollJoystickMove
 0CCE:0006 idle  _PollKeyboardButtons
 0CCE:0102 idle  _PollKeyboardMove
 0CCE:002D idle  _PollMouseButtons
 0CCE:020E idle  _PollMouseMove
 3755:CF52       _postsource
 3755:CF4E       _postwidth
 3755:CF50       _postx
 0000:0F33       _pow10
 0A58:0FB0       _PreloadGraphics
 0A58:0F1B idle  _PreloadUpdate
 066B:2845 idle  _PrintCustJoy
 066B:28EC idle  _PrintCustKeybd
 066B:2955 idle  _PrintCustKeys
 066B:279E idle  _PrintCustMouse
 0000:3B41       _printf
 066B:118D idle  _PrintLSEntry
 3755:9732       _PrintX
 3755:9269       _PrintY
 3755:E19B       _profilehandle
 1384:0052 idle  _ProjectileTryMove
 12BA:090F       _PushWall
 0000:3E61       _puts
 0000:27E4       _puttext
 3755:49B4       _pwalldir
 3755:4A86       _pwallpos
 3755:4A04       _pwallstate
 3755:49B8       _pwallx
 3755:49B6       _pwally
 3755:95CF       _px
 3755:95CD       _py
 044F:1506       _Quit
 3755:00D0 idle  _radtoint
 0000:3F7A       _read
 066B:37E4 idle  _ReadAnyControl
 044F:0001 idle  _ReadConfig
 0000:2C78 idle  _realloc
 0B99:0C98       _RecordDemo
 12BA:0165 idle  _RecursiveConnect
 33C8:0000       _redshifts
 0CCE:0A26 idle  _RemoveObj
 3755:998A       _rightchannel
 3755:9588       _rightmargin
 3755:3CA0 idle  _rightmasks
 3755:E661       _RightPosition
 3755:0E4E idle  _righttable
 05CF:000C idle  _RipToEOL
 202A:0002 idle  _rndtable
 3755:9582       _rowon
 3755:9BDE       _running
 3755:95DA       _SaveGameNames
 3755:971C       _SaveGamesAvail
 3755:0404 idle  _SaveName
 044F:0427       _SaveTheGame
 3755:E67F       _SBProPresent
 0000:1F8D idle  _sbrk
 3755:8CEC       _scale
 3755:D775       _scaledirectory
 0FC2:031B idle  _ScaleLine
 0E8E:0302 idle  _ScalePost
 0FC2:0465       _ScaleShape
 0B99:017F idle  _ScanInfoPlane
 3755:39E8       _Scores
 3755:CF42       _screenfaded
 3755:1652       _screenloc
 3755:8F7E       _screenofs
 3755:3C92       _screenseg
 1955:0AD0       _SDL_DigitizedDone
 1AD1:0012       _SDL_IndicatePC
 1955:0818 idle  _SDL_LoadDigiSegment
 1955:0849 idle  _SDL_PlayDigiSegment
 1955:04A8 idle  _SDL_SBSetDMA
 1AD1:000A       _SDL_SetDS
 1955:0B9E idle  _SDL_SetupDigi
 1AD1:001F       _SDL_t0ExtremeAsmService
 1AD1:0099       _SDL_t0FastAsmService
 1AD1:02CB       _SDL_t0SlowAsmService
 1955:13F4 idle  _SD_Default
 1955:179E idle  _SD_FadeOutMusic
 1955:1709       _SD_MusicOff
 1955:16FE       _SD_MusicOn
 1955:17AF idle  _SD_MusicPlaying
 1955:0A10 idle  _SD_PlayDigitized
 1955:14DC       _SD_PlaySound
 1955:093D       _SD_Poll
 1955:14C5       _SD_PositionSound
 1955:0B3A       _SD_SetDigiDevice
 1955:1089       _SD_SetMusicMode
 1955:09C9       _SD_SetPosition
 1955:0FFB       _SD_SetSoundMode
 1955:14B8 idle  _SD_SetUserHook
 1955:1463       _SD_Shutdown
 1955:1675       _SD_SoundPlaying
 1955:1752       _SD_StartMusic
 1955:10DB       _SD_Startup
 1955:089C       _SD_StopDigitized
 1955:16BA       _SD_StopSound
 1955:16F1       _SD_WaitSoundDone
 104B:0745       _SelectChaseDir
 104B:0617       _SelectDodgeDir
 1384:1737 idle  _SelectPathDir
 104B:089D       _SelectRunDir
 0000:312D       _setblock
 0B99:000D idle  _SetSoundLoc
 066B:377F idle  _SetTextColor
 066B:2F2D idle  _SetupControlPanel
 0B99:066E       _SetupGameLevel
 0FC2:0010       _SetupScaling
 044F:0EA4 idle  _SetupWalls
 0000:3F7D       _setvbuf
 0000:1347       _setvect
 044F:13F4       _SetViewSize
 0DDB:02E6 idle  _ShapeTest
 3755:8F76       _shootdelta
 066B:3D0F idle  _ShootSnd
 05CF:078A idle  _ShowArticle
 044F:1479       _ShowViewSize
 044F:0C1B       _ShutdownId
 104B:14D0       _SightPlayer
 2156:0000       _signon
 044F:0ECB idle  _SignonScreen
 0FC2:0779       _SimpleScaleShape
 0000:0F64       _sin
 3755:9C0E       _singlestep
 314C:0000       _sintable
 3755:D769       _slinewidth
 3755:D76B       _slinex
 3755:03AA idle  _SndItems
 20B0:0000 idle  _SndMenu
 3755:1266 idle  _songs
 3755:9327       _SoundBlasterPresent
 3755:9325       _SoundMode
 3755:E66B       _SoundNumber
 3755:99CA       _SoundPositioned
 3755:E667       _SoundPriority
 3755:9329       _SoundSourcePresent
 3755:0402 idle  _SoundStatus
 3755:E679       _SoundTable
 1384:1AE5       _SpawnBJVictory
 1384:0465       _SpawnBoss
 1384:0446       _SpawnDeadGuard
 12BA:0245       _SpawnDoor
 1384:101C       _SpawnFakeHitler
 1384:0995       _SpawnFat
 1384:0847       _SpawnGhosts
 1384:0930       _SpawnGift
 1384:04B5       _SpawnGretel
 1384:1081       _SpawnHitler
 104B:0008       _SpawnNewObj
 1384:0505       _SpawnPatrol
 11AA:0C33       _SpawnPlayer
 1384:08CB       _SpawnSchabbs
 1384:02A4       _SpawnStand
 12BA:0014       _SpawnStatic
 3755:99B8       _spearangle
 3755:99B6       _spearflag
 3755:99BE       _spearx
 3755:99BA       _speary
 3755:9C10       _spotvis
 0000:407D       _sprintf
 3755:E412       _sqActive
 3755:E40E       _sqHack
 3755:E408       _sqHackLen
 3755:E40A       _sqHackPtr
 3755:E406       _sqHackSeqLen
 3755:E402       _sqHackTime
 3755:E64B       _ssActive
 3755:E649       _ssControl
 3755:E645       _ssData
 3755:E677       _ssIsTandy
 3755:E63B       _ssLengthLeft
 3755:E64D       _ssNoCheck
 3755:E643       _ssOff
 3755:E644       _ssOn
 3755:366E idle  _ssPort
 3755:E63F       _ssSample
 3755:E647       _ssStatus
 0CCE:0C9F       _StartBonusFlash
 066B:3B7D       _StartCPMusic
 0CCE:0CAA       _StartDamageFlash
 0B99:0B78 idle  _StartDemoRecord
 3755:8F74       _startgame
 3755:971A       _StartGame
 3755:1B18 idle  _starthitpoints
 0CCE:0AAC       _StartMusic
 3755:19EC idle  _statinfo
 3755:801A       _statobjlist
 11AA:017E idle  _StatusDrawPic
 3755:D76D       _stepbytwo
 0CCE:0A74       _StopMusic
 3755:8F9C       _str
 3755:8F88       _str2
 3755:19DA idle  _strafeangle
 0000:40B6       _strcat
 0000:40EF       _strlen
 0000:4133       _strtol
 3755:18EA idle  _s_attack
 3755:2E82 idle  _s_bjjump1
 3755:2E92 idle  _s_bjjump2
 3755:2EA2 idle  _s_bjjump3
 3755:2EB2 idle  _s_bjjump4
 3755:2E22 idle  _s_bjrun1
 3755:2E32 idle  _s_bjrun1s
 3755:2E42 idle  _s_bjrun2
 3755:2E52 idle  _s_bjrun3
 3755:2E62 idle  _s_bjrun3s
 3755:2E72 idle  _s_bjrun4
 3755:1DA8       _s_blinkychase1
 3755:1DB8 idle  _s_blinkychase2
 3755:1C18 idle  _s_boom1
 3755:1C28 idle  _s_boom2
 3755:1C38 idle  _s_boom3
 3755:2438       _s_bosschase1
 3755:2448 idle  _s_bosschase1s
 3755:2458 idle  _s_bosschase2
 3755:2468 idle  _s_bosschase3
 3755:2478 idle  _s_bosschase3s
 3755:2488 idle  _s_bosschase4
 3755:2498       _s_bossdie1
 3755:24A8 idle  _s_bossdie2
 3755:24B8 idle  _s_bossdie3
 3755:24C8 idle  _s_bossdie4
 3755:24D8 idle  _s_bossshoot1
 3755:24E8 idle  _s_bossshoot2
 3755:24F8 idle  _s_bossshoot3
 3755:2508 idle  _s_bossshoot4
 3755:2518 idle  _s_bossshoot5
 3755:2528 idle  _s_bossshoot6
 3755:2538 idle  _s_bossshoot7
 3755:2548 idle  _s_bossshoot8
 3755:2428 idle  _s_bossstand
 3755:1E08 idle  _s_clydechase1
 3755:1E18 idle  _s_clydechase2
 3755:2EC2       _s_deathcam
 3755:1ED8       _s_dogchase1
 3755:1EE8 idle  _s_dogchase1s
 3755:1EF8 idle  _s_dogchase2
 3755:1F08 idle  _s_dogchase3
 3755:1F18 idle  _s_dogchase3s
 3755:1F28 idle  _s_dogchase4
 3755:1F68 idle  _s_dogdead
 3755:1F38       _s_dogdie1
 3755:1F48 idle  _s_dogdie2
 3755:1F58 idle  _s_dogdie3
 3755:1E88 idle  _s_dogjump1
 3755:1E98 idle  _s_dogjump2
 3755:1EA8 idle  _s_dogjump3
 3755:1EB8 idle  _s_dogjump4
 3755:1EC8 idle  _s_dogjump5
 3755:1E28 idle  _s_dogpath1
 3755:1E38 idle  _s_dogpath1s
 3755:1E48 idle  _s_dogpath2
 3755:1E58 idle  _s_dogpath3
 3755:1E68 idle  _s_dogpath3s
 3755:1E78 idle  _s_dogpath4
 3755:2A2A       _s_fakechase1
 3755:2A3A idle  _s_fakechase1s
 3755:2A4A idle  _s_fakechase2
 3755:2A5A idle  _s_fakechase3
 3755:2A6A idle  _s_fakechase3s
 3755:2A7A idle  _s_fakechase4
 3755:2A8A       _s_fakedie1
 3755:2A9A idle  _s_fakedie2
 3755:2AAA idle  _s_fakedie3
 3755:2ABA idle  _s_fakedie4
 3755:2ACA idle  _s_fakedie5
 3755:2ADA idle  _s_fakedie6
 3755:2AEA idle  _s_fakeshoot1
 3755:2AFA idle  _s_fakeshoot2
 3755:2B0A idle  _s_fakeshoot3
 3755:2B1A idle  _s_fakeshoot4
 3755:2B2A idle  _s_fakeshoot5
 3755:2B3A idle  _s_fakeshoot6
 3755:2B4A idle  _s_fakeshoot7
 3755:2B5A idle  _s_fakeshoot8
 3755:2B6A idle  _s_fakeshoot9
 3755:2A1A idle  _s_fakestand
 3755:28EA       _s_fatchase1
 3755:28FA idle  _s_fatchase1s
 3755:290A idle  _s_fatchase2
 3755:291A idle  _s_fatchase3
 3755:292A idle  _s_fatchase3s
 3755:293A idle  _s_fatchase4
 3755:294A idle  _s_fatdeathcam
 3755:295A       _s_fatdie1
 3755:296A idle  _s_fatdie2
 3755:297A idle  _s_fatdie3
 3755:298A idle  _s_fatdie4
 3755:299A idle  _s_fatdie5
 3755:29AA idle  _s_fatdie6
 3755:29BA idle  _s_fatshoot1
 3755:29CA idle  _s_fatshoot2
 3755:29DA idle  _s_fatshoot3
 3755:29EA idle  _s_fatshoot4
 3755:29FA idle  _s_fatshoot5
 3755:2A0A idle  _s_fatshoot6
 3755:28DA idle  _s_fatstand
 3755:2B7A idle  _s_fire1
 3755:2B8A idle  _s_fire2
 3755:27EA       _s_giftchase1
 3755:27FA idle  _s_giftchase1s
 3755:280A idle  _s_giftchase2
 3755:281A idle  _s_giftchase3
 3755:282A idle  _s_giftchase3s
 3755:283A idle  _s_giftchase4
 3755:284A idle  _s_giftdeathcam
 3755:285A       _s_giftdie1
 3755:286A idle  _s_giftdie2
 3755:287A idle  _s_giftdie3
 3755:288A idle  _s_giftdie4
 3755:289A idle  _s_giftdie5
 3755:28AA idle  _s_giftdie6
 3755:28BA idle  _s_giftshoot1
 3755:28CA idle  _s_giftshoot2
 3755:27DA idle  _s_giftstand
 3755:1D08       _s_grdchase1
 3755:1D18 idle  _s_grdchase1s
 3755:1D28 idle  _s_grdchase2
 3755:1D38 idle  _s_grdchase3
 3755:1D48 idle  _s_grdchase3s
 3755:1D58 idle  _s_grdchase4
 3755:1D68       _s_grddie1
 3755:1D78 idle  _s_grddie2
 3755:1D88 idle  _s_grddie3
 3755:1D98 idle  _s_grddie4
 3755:1CB8       _s_grdpain
 3755:1CC8       _s_grdpain1
 3755:1C58 idle  _s_grdpath1
 3755:1C68 idle  _s_grdpath1s
 3755:1C78 idle  _s_grdpath2
 3755:1C88 idle  _s_grdpath3
 3755:1C98 idle  _s_grdpath3s
 3755:1CA8 idle  _s_grdpath4
 3755:1CD8 idle  _s_grdshoot1
 3755:1CE8 idle  _s_grdshoot2
 3755:1CF8 idle  _s_grdshoot3
 3755:1C48 idle  _s_grdstand
 3755:2568       _s_gretelchase1
 3755:2578 idle  _s_gretelchase1s
 3755:2588 idle  _s_gretelchase2
 3755:2598 idle  _s_gretelchase3
 3755:25A8 idle  _s_gretelchase3s
 3755:25B8 idle  _s_gretelchase4
 3755:25C8       _s_greteldie1
 3755:25D8 idle  _s_greteldie2
 3755:25E8 idle  _s_greteldie3
 3755:25F8 idle  _s_greteldie4
 3755:2608 idle  _s_gretelshoot1
 3755:2618 idle  _s_gretelshoot2
 3755:2628 idle  _s_gretelshoot3
 3755:2638 idle  _s_gretelshoot4
 3755:2648 idle  _s_gretelshoot5
 3755:2658 idle  _s_gretelshoot6
 3755:2668 idle  _s_gretelshoot7
 3755:2678 idle  _s_gretelshoot8
 3755:2558 idle  _s_gretelstand
 3755:2CAA       _s_hitlerchase1
 3755:2CBA idle  _s_hitlerchase1s
 3755:2CCA idle  _s_hitlerchase2
 3755:2CDA idle  _s_hitlerchase3
 3755:2CEA idle  _s_hitlerchase3s
 3755:2CFA idle  _s_hitlerchase4
 3755:2D0A idle  _s_hitlerdeathcam
 3755:2D1A       _s_hitlerdie1
 3755:2DAA idle  _s_hitlerdie10
 3755:2D2A idle  _s_hitlerdie2
 3755:2D3A idle  _s_hitlerdie3
 3755:2D4A idle  _s_hitlerdie4
 3755:2D5A idle  _s_hitlerdie5
 3755:2D6A idle  _s_hitlerdie6
 3755:2D7A idle  _s_hitlerdie7
 3755:2D8A idle  _s_hitlerdie8
 3755:2D9A idle  _s_hitlerdie9
 3755:2DBA idle  _s_hitlershoot1
 3755:2DCA idle  _s_hitlershoot2
 3755:2DDA idle  _s_hitlershoot3
 3755:2DEA idle  _s_hitlershoot4
 3755:2DFA idle  _s_hitlershoot5
 3755:2E0A idle  _s_hitlershoot6
 3755:1DC8 idle  _s_inkychase1
 3755:1DD8 idle  _s_inkychase2
 3755:2BAA       _s_mechachase1
 3755:2BBA idle  _s_mechachase1s
 3755:2BCA idle  _s_mechachase2
 3755:2BDA idle  _s_mechachase3
 3755:2BEA idle  _s_mechachase3s
 3755:2BFA idle  _s_mechachase4
 3755:2C0A       _s_mechadie1
 3755:2C1A idle  _s_mechadie2
 3755:2C2A idle  _s_mechadie3
 3755:2C3A idle  _s_mechadie4
 3755:2C4A idle  _s_mechashoot1
 3755:2C5A idle  _s_mechashoot2
 3755:2C6A idle  _s_mechashoot3
 3755:2C7A idle  _s_mechashoot4
 3755:2C8A idle  _s_mechashoot5
 3755:2C9A idle  _s_mechashoot6
 3755:2B9A idle  _s_mechastand
 3755:21B8       _s_mutchase1
 3755:21C8 idle  _s_mutchase1s
 3755:21D8 idle  _s_mutchase2
 3755:21E8 idle  _s_mutchase3
 3755:21F8 idle  _s_mutchase3s
 3755:2208 idle  _s_mutchase4
 3755:2218       _s_mutdie1
 3755:2228 idle  _s_mutdie2
 3755:2238 idle  _s_mutdie3
 3755:2248 idle  _s_mutdie4
 3755:2258 idle  _s_mutdie5
 3755:2158       _s_mutpain
 3755:2168       _s_mutpain1
 3755:20F8 idle  _s_mutpath1
 3755:2108 idle  _s_mutpath1s
 3755:2118 idle  _s_mutpath2
 3755:2128 idle  _s_mutpath3
 3755:2138 idle  _s_mutpath3s
 3755:2148 idle  _s_mutpath4
 3755:2178 idle  _s_mutshoot1
 3755:2188 idle  _s_mutshoot2
 3755:2198 idle  _s_mutshoot3
 3755:21A8 idle  _s_mutshoot4
 3755:20E8 idle  _s_mutstand
 3755:279A idle  _s_needle1
 3755:27AA idle  _s_needle2
 3755:27BA idle  _s_needle3
 3755:27CA idle  _s_needle4
 3755:2038       _s_ofcchase1
 3755:2048 idle  _s_ofcchase1s
 3755:2058 idle  _s_ofcchase2
 3755:2068 idle  _s_ofcchase3
 3755:2078 idle  _s_ofcchase3s
 3755:2088 idle  _s_ofcchase4
 3755:2098       _s_ofcdie1
 3755:20A8 idle  _s_ofcdie2
 3755:20B8 idle  _s_ofcdie3
 3755:20C8 idle  _s_ofcdie4
 3755:20D8 idle  _s_ofcdie5
 3755:1FE8       _s_ofcpain
 3755:1FF8       _s_ofcpain1
 3755:1F88 idle  _s_ofcpath1
 3755:1F98 idle  _s_ofcpath1s
 3755:1FA8 idle  _s_ofcpath2
 3755:1FB8 idle  _s_ofcpath3
 3755:1FC8 idle  _s_ofcpath3s
 3755:1FD8 idle  _s_ofcpath4
 3755:2008 idle  _s_ofcshoot1
 3755:2018 idle  _s_ofcshoot2
 3755:2028 idle  _s_ofcshoot3
 3755:1F78 idle  _s_ofcstand
 3755:1DE8 idle  _s_pinkychase1
 3755:1DF8 idle  _s_pinkychase2
 3755:18DA idle  _s_player
 3755:1BC8 idle  _s_rocket
 3755:26AA       _s_schabbchase1
 3755:26BA idle  _s_schabbchase1s
 3755:26CA idle  _s_schabbchase2
 3755:26DA idle  _s_schabbchase3
 3755:26EA idle  _s_schabbchase3s
 3755:26FA idle  _s_schabbchase4
 3755:270A idle  _s_schabbdeathcam
 3755:271A       _s_schabbdie1
 3755:272A idle  _s_schabbdie2
 3755:273A idle  _s_schabbdie3
 3755:274A idle  _s_schabbdie4
 3755:275A idle  _s_schabbdie5
 3755:276A idle  _s_schabbdie6
 3755:277A idle  _s_schabbshoot1
 3755:278A idle  _s_schabbshoot2
 3755:269A idle  _s_schabbstand
 3755:1BD8 idle  _s_smoke1
 3755:1BE8 idle  _s_smoke2
 3755:1BF8 idle  _s_smoke3
 3755:1C08 idle  _s_smoke4
 3755:2388       _s_sschase1
 3755:2398 idle  _s_sschase1s
 3755:23A8 idle  _s_sschase2
 3755:23B8 idle  _s_sschase3
 3755:23C8 idle  _s_sschase3s
 3755:23D8 idle  _s_sschase4
 3755:23E8       _s_ssdie1
 3755:23F8 idle  _s_ssdie2
 3755:2408 idle  _s_ssdie3
 3755:2418 idle  _s_ssdie4
 3755:22D8       _s_sspain
 3755:22E8       _s_sspain1
 3755:2278 idle  _s_sspath1
 3755:2288 idle  _s_sspath1s
 3755:2298 idle  _s_sspath2
 3755:22A8 idle  _s_sspath3
 3755:22B8 idle  _s_sspath3s
 3755:22C8 idle  _s_sspath4
 3755:22F8 idle  _s_ssshoot1
 3755:2308 idle  _s_ssshoot2
 3755:2318 idle  _s_ssshoot3
 3755:2328 idle  _s_ssshoot4
 3755:2338 idle  _s_ssshoot5
 3755:2348 idle  _s_ssshoot6
 3755:2358 idle  _s_ssshoot7
 3755:2368 idle  _s_ssshoot8
 3755:2378 idle  _s_ssshoot9
 3755:2268 idle  _s_ssstand
 3755:E65D       _t0OldService
 11AA:031E       _TakeDamage
 0000:0FB1       _tan
 3755:9271       _tedlevel
 3755:926F       _tedlevelnum
 3755:9584       _text
 0E8E:0E47       _ThreeDRefresh
 11AA:09C1 idle  _Thrust
 3755:D987       _thrustspeed
 066B:3681 idle  _TicDelay
 3755:99C4       _tics
 3755:165A       _tileglobal
 3755:D32E       _tilehit
 3755:6C98       _tilemap
 3755:95C8       _TimeCount
 05CF:00B4 idle  _TimedPicCommand
 3755:E66D       _TimerCount
 3755:E671       _TimerDivisor
 3755:E657       _TimerRate
 3755:E19E       _tinf
 0000:18EE       _tolower
 0000:191A       _toupper
 066B:10B8 idle  _TrackWhichGame
 0E8E:0045 idle  _TransformActor
 0E8E:014C idle  _TransformTile
 11AA:076E idle  _TryMove
 104B:00D0       _TryWalk
 11AA:0F0A idle  _T_Attack
 1384:1A4A idle  _T_Bite
 1384:1BF9 idle  _T_BJDone
 1384:1BB8 idle  _T_BJJump
 1384:1B30 idle  _T_BJRun
 1384:1BDD idle  _T_BJYell
 1384:136C idle  _T_Chase
 1384:162D idle  _T_DogChase
 1384:129D idle  _T_Fake
 1384:11A2 idle  _T_FakeFire
 1384:0EB8 idle  _T_Fat
 1384:1599 idle  _T_Ghosts
 1384:0D54 idle  _T_Gift
 1384:0AF5 idle  _T_GiftThrow
 1384:1781 idle  _T_Path
 11AA:1091 idle  _T_Player
 1384:00E8 idle  _T_Projectile
 1384:0BF0 idle  _T_Schabb
 1384:09FA idle  _T_SchabbThrow
 1384:1892 idle  _T_Shoot
 1384:135C idle  _T_Stand
 0000:38F1       _ultoa
 3755:E1F6       _UMBbase
 066B:2E51       _UnCacheLump
 0000:1946       _unlink
 3755:4B94       _update
 11AA:0235 idle  _UpdateFace
 0CCE:0CB6 idle  _UpdatePaletteShifts
 3755:9261       _updateptr
 0B99:0139       _UpdateSoundLoc
 3755:39E4 idle  _USL_DrawString
 1B10:0006 idle  _USL_HardError
 3755:39E0       _USL_MeasureString
 1B10:03AC idle  _USL_PrintInCenter
 1B10:063F idle  _US_CenterWindow
 1B10:0213       _US_CheckParm
 1B10:04FE       _US_ClearWindow
 066B:000B       _US_ControlPanel
 1B10:049F       _US_CPrint
 1B10:0446 idle  _US_CPrintLine
 1B10:0529       _US_DrawWindow
 1BC8:0004       _US_InitRndT
 1B10:0752       _US_LineInput
 1B10:02CE       _US_Print
 1B10:0406       _US_PrintCentered
 1B10:0389 idle  _US_PrintSigned
 1B10:0366       _US_PrintUnsigned
 1B10:0690 idle  _US_RestoreWindow
 1BC8:002C       _US_RndT
 1B10:0663 idle  _US_SaveWindow
 1B10:02B9 idle  _US_SetPrintRoutines
 1B10:0201       _US_Shutdown
 1B10:0131       _US_Startup
 3755:9247       _uwidthtable
 3755:4A88       _vertwall
 3755:1666 idle  _vgaCeiling
 0E8E:0959 idle  _VGAClearScreen
 1D34:000C       _VH_UpdateScreen
 0A58:0035       _Victory
 11AA:0E6B idle  _VictorySpin
 11AA:09B1 idle  _VictoryTile
 3755:D75A       _viewangle
 3755:9996       _viewcos
 3755:8F7A       _viewheight
 3755:999A       _viewsin
 3755:4B88       _viewsize
 3755:D346       _viewtx
 3755:D344       _viewty
 3755:CF48       _viewtype
 3755:8F7C       _viewwidth
 3755:99A2       _viewx
 3755:999E       _viewy
 3755:8F72       _virtualreality
 3755:D1E8       _vislist
 3755:D1E6       _visptr
 3755:D1E4       _visstep
 1BCC:0643       _VL_Bar
 1BCC:0098 idle  _VL_ClearVideo
 1BCC:04A4       _VL_ColorBorder
 1BCC:00C2 idle  _VL_DePlaneVGA
 1BCC:0A36 idle  _VL_DrawLatch8String
 1BCC:0919 idle  _VL_DrawTile8String
 1BCC:0375       _VL_FadeIn
 1BCC:0257       _VL_FadeOut
 1BCC:0199 idle  _VL_FillPalette
 1BCC:01D9 idle  _VL_GetColor
 1BCC:0236 idle  _VL_GetPalette
 1BCC:0503       _VL_Hlin
 1BCC:08B0       _VL_LatchToScreen
 1BCC:082A idle  _VL_MaskedToScreen
 1BCC:0744       _VL_MemToLatch
 1BCC:0797       _VL_MemToScreen
 1C7C:024B       _VL_MungePic
 1BCC:04B8       _VL_Plot
 1D0B:00B0       _VL_ScreenToScreen
 1BCC:01BE idle  _VL_SetColor
 1D0B:001F idle  _VL_SetCRTC
 1BCC:0119 idle  _VL_SetLineWidth
 1BCC:0204       _VL_SetPalette
 1D0B:0043       _VL_SetScreen
 1BCC:014D idle  _VL_SetSplitScreen
 1BCC:008E idle  _VL_SetTextMode
 1BCC:006B       _VL_SetVGAPlaneMode
 1BCC:0061       _VL_Shutdown
 1BCC:0AE2 idle  _VL_SizeTile8String
 1BCC:0007       _VL_Startup
 1BCC:0449       _VL_TestPaletteSet
 1D0B:0130       _VL_VideoID
 1BCC:05DC       _VL_Vlin
 1D0B:0008       _VL_WaitVBL
 0000:409A idle  _vsprintf
 1C7C:056E       _VWB_Bar
 1C7C:04CD       _VWB_DrawPic
 1C7C:0539       _VWB_DrawPropString
 1C7C:0441       _VWB_DrawTile8
 1C7C:0486 idle  _VWB_DrawTile8M
 1C7C:05D5       _VWB_Hlin
 1C7C:05AA       _VWB_Plot
 1C7C:0609       _VWB_Vlin
 1C7C:0306 idle  _VWL_MeasureString
 1C7C:0127 idle  _VW_DrawColorPropString
 1C7C:000B idle  _VW_DrawPropString
 1C7C:0386       _VW_MarkUpdateBlock
 1C7C:0366 idle  _VW_MeasureMPropString
 1C7C:0346       _VW_MeasurePropString
 1C7C:063D       _VW_UpdateScreen
 066B:37B4 idle  _WaitKeyUp
 3755:CF56       _wallheight
 0E8E:0D5D idle  _WallRefresh
 3755:16DE idle  _weaponscale
 0000:31B0 idle  _wherex
 0000:31BF idle  _wherey
 32A8:0000       _whiteshifts
 3755:9730       _WindowH
 3755:9263       _WindowW
 3755:9267       _WindowX
 3755:9265       _WindowY
 3755:1748 idle  _wordmasks
 3755:D76F       _work
 0A58:0485       _Write
 0000:4350       _write
 044F:0205 idle  _WriteConfig
 3755:D320       _xintercept
 3755:D332       _xinttile
 3755:E20C       _XMSaddr
 3755:E24C       _XMSAvail
 3755:E246       _XMSDriver
 3755:E24A       _XMSHandle
 3755:9980       _XMSPagesAvail
 3755:E23E       _XMSPagesUsed
 3755:9984       _XMSPresent
 3755:31DE idle  _XMSProtectPage
 3755:D33E       _xpartial
 3755:D338       _xpartialdown
 3755:D33A       _xpartialup
 3755:D318       _xstep
 3755:D32A       _xtile
 3755:D326       _xtilestep
 3755:D31C       _yintercept
 3755:D330       _yinttile
 3755:E791       _ylookup
 3755:D33C       _ypartial
 3755:D334       _ypartialdown
 3755:D336       _ypartialup
 3755:D314       _ystep
 3755:D328       _ytile
 3755:D324       _ytilestep
 3755:4060       __8087
 0000:1000 idle  __AHINCR
 0000:000C idle  __AHSHIFT
 3755:46F4       __argc
 3755:46F6       __argv
 3755:4350       __atexitcnt
 3755:4914       __atexittbl
 0000:262D       __brk
 3755:00A2       __brklvl
 3755:0084       __C0argc
 3755:0086       __C0argv
 0000:2099 idle  __c0crtinit
 3755:0088       __C0environ
 0000:12E1 idle  __cexit
 0000:0176       __checknull
 0000:325F       __chmod
 0000:0163       __cleanup
 0000:32A2       __close
 0000:20B6 idle  __crtinit
 3755:4352       __ctype
 0000:0000  Abs  __cvtfak
 0000:12EF idle  __c_exit
 3755:4074       __default87
 3755:45D2       __doserrno
 0000:14E9       __DOSERROR
 3755:45D4 idle  __dosErrorToSV
 0000:1213 idle  __dos_getdate
 0000:11A5       __dos_getdiskfree
 0000:11DB       __dos_getfileattr
 0000:122C       __dos_gettime
 0000:11F8 idle  __dos_setfileattr
 0000:1245       __dos_write
 3755:4240       __emu
 3755:008A       __envLng
 3755:008C       __envseg
 3755:008E       __envSize
 0000:12CF       __exit
 3755:4454       __exitbuf
 3755:4458       __exitfopen
 3755:445C       __exitopen
 3755:46EE idle  __first
 0000:8087 idle  __floatconvert
 0000:439E       __fmemcmp
 0000:43C6       __fmemcpy
 0000:440E       __fmemset
 3755:45CA       __fmode
 0000:0DC4       __fperror
 3755:45CE       __fpstklen
 0000:05FA       __fpuint
 0000:3B58 idle  __fputc
 0000:3CB9       __FPUTN
 0000:43EA idle  __fsetmem
 0000:442D       __fstrcpy
 0000:4456       __fstricmp
 0000:4497       __fstrlen
 0000:367E idle  __GETFP
 0000:28E6 idle  __harderr
 0000:2912       __hardresume
 0000:292D       __hardretn
 3755:009E       __heapbase
 3755:45D0       __heaplen
 3755:00A6       __heaptop
 3755:407A       __huge_dble
 3755:4076 idle  __huge_flt
 3755:4082 idle  __huge_ldble
 3755:408C idle  __indefinite
 3755:0074 idle  __Int0Vector
 3755:0078 idle  __Int4Vector
 3755:007C idle  __Int5Vector
 3755:0080 idle  __Int6Vector
 0000:14B0       __IOERROR
 3755:46F0 idle  __last
 3755:4071       __LDT
 0000:060B       __LDTRUNC
[...]
 3755:1ED8       _s_dogchase1
 3755:1EE8 idle  _s_dogchase1s
 3755:1EF8 idle  _s_dogchase2
 3755:1F08 idle  _s_dogchase3
 3755:1F18 idle  _s_dogchase3s
 3755:1F28 idle  _s_dogchase4
 3755:1F38       _s_dogdie1
 3755:1F48 idle  _s_dogdie2
 3755:1F58 idle  _s_dogdie3
 3755:1F68 idle  _s_dogdead
 3755:1F78 idle  _s_ofcstand
 3755:1F88 idle  _s_ofcpath1
 3755:1F98 idle  _s_ofcpath1s
 3755:1FA8 idle  _s_ofcpath2
 3755:1FB8 idle  _s_ofcpath3
 3755:1FC8 idle  _s_ofcpath3s
 3755:1FD8 idle  _s_ofcpath4
 3755:1FE8       _s_ofcpain
 3755:1FF8       _s_ofcpain1
 3755:2008 idle  _s_ofcshoot1
 3755:2018 idle  _s_ofcshoot2
 3755:2028 idle  _s_ofcshoot3
 3755:2038       _s_ofcchase1
 3755:2048 idle  _s_ofcchase1s
 3755:2058 idle  _s_ofcchase2
 3755:2068 idle  _s_ofcchase3
 3755:2078 idle  _s_ofcchase3s
 3755:2088 idle  _s_ofcchase4
 3755:2098       _s_ofcdie1
 3755:20A8 idle  _s_ofcdie2
 3755:20B8 idle  _s_ofcdie3
 3755:20C8 idle  _s_ofcdie4
 3755:20D8 idle  _s_ofcdie5
 3755:20E8 idle  _s_mutstand
 3755:20F8 idle  _s_mutpath1
 3755:2108 idle  _s_mutpath1s
 3755:2118 idle  _s_mutpath2
 3755:2128 idle  _s_mutpath3
 3755:2138 idle  _s_mutpath3s
 3755:2148 idle  _s_mutpath4
 3755:2158       _s_mutpain
 3755:2168       _s_mutpain1
 3755:2178 idle  _s_mutshoot1
 3755:2188 idle  _s_mutshoot2
 3755:2198 idle  _s_mutshoot3
 3755:21A8 idle  _s_mutshoot4
 3755:21B8       _s_mutchase1
 3755:21C8 idle  _s_mutchase1s
 3755:21D8 idle  _s_mutchase2
 3755:21E8 idle  _s_mutchase3
 3755:21F8 idle  _s_mutchase3s
 3755:2208 idle  _s_mutchase4
 3755:2218       _s_mutdie1
 3755:2228 idle  _s_mutdie2
 3755:2238 idle  _s_mutdie3
 3755:2248 idle  _s_mutdie4
 3755:2258 idle  _s_mutdie5
 3755:2268 idle  _s_ssstand
 3755:2278 idle  _s_sspath1
 3755:2288 idle  _s_sspath1s
 3755:2298 idle  _s_sspath2
 3755:22A8 idle  _s_sspath3
 3755:22B8 idle  _s_sspath3s
 3755:22C8 idle  _s_sspath4
 3755:22D8       _s_sspain
 3755:22E8       _s_sspain1
 3755:22F8 idle  _s_ssshoot1
 3755:2308 idle  _s_ssshoot2
 3755:2318 idle  _s_ssshoot3
 3755:2328 idle  _s_ssshoot4
 3755:2338 idle  _s_ssshoot5
 3755:2348 idle  _s_ssshoot6
 3755:2358 idle  _s_ssshoot7
 3755:2368 idle  _s_ssshoot8
 3755:2378 idle  _s_ssshoot9
 3755:2388       _s_sschase1
 3755:2398 idle  _s_sschase1s
 3755:23A8 idle  _s_sschase2
 3755:23B8 idle  _s_sschase3
 3755:23C8 idle  _s_sschase3s
 3755:23D8 idle  _s_sschase4
 3755:23E8       _s_ssdie1
 3755:23F8 idle  _s_ssdie2
 3755:2408 idle  _s_ssdie3
 3755:2418 idle  _s_ssdie4
 3755:2428 idle  _s_bossstand
 3755:2438       _s_bosschase1
 3755:2448 idle  _s_bosschase1s
 3755:2458 idle  _s_bosschase2
 3755:2468 idle  _s_bosschase3
 3755:2478 idle  _s_bosschase3s
 3755:2488 idle  _s_bosschase4
 3755:2498       _s_bossdie1
 3755:24A8 idle  _s_bossdie2
 3755:24B8 idle  _s_bossdie3
 3755:24C8 idle  _s_bossdie4
 3755:24D8 idle  _s_bossshoot1
 3755:24E8 idle  _s_bossshoot2
 3755:24F8 idle  _s_bossshoot3
 3755:2508 idle  _s_bossshoot4
 3755:2518 idle  _s_bossshoot5
 3755:2528 idle  _s_bossshoot6
 3755:2538 idle  _s_bossshoot7
 3755:2548 idle  _s_bossshoot8
 3755:2558 idle  _s_gretelstand
 3755:2568       _s_gretelchase1
 3755:2578 idle  _s_gretelchase1s
 3755:2588 idle  _s_gretelchase2
 3755:2598 idle  _s_gretelchase3
 3755:25A8 idle  _s_gretelchase3s
 3755:25B8 idle  _s_gretelchase4
 3755:25C8       _s_greteldie1
 3755:25D8 idle  _s_greteldie2
 3755:25E8 idle  _s_greteldie3
 3755:25F8 idle  _s_greteldie4
 3755:2608 idle  _s_gretelshoot1
 3755:2618 idle  _s_gretelshoot2
 3755:2628 idle  _s_gretelshoot3
 3755:2638 idle  _s_gretelshoot4
 3755:2648 idle  _s_gretelshoot5
 3755:2658 idle  _s_gretelshoot6
 3755:2668 idle  _s_gretelshoot7
 3755:2678 idle  _s_gretelshoot8
 3755:269A idle  _s_schabbstand
 3755:26AA       _s_schabbchase1
 3755:26BA idle  _s_schabbchase1s
 3755:26CA idle  _s_schabbchase2
 3755:26DA idle  _s_schabbchase3
 3755:26EA idle  _s_schabbchase3s
 3755:26FA idle  _s_schabbchase4
 3755:270A idle  _s_schabbdeathcam
 3755:271A       _s_schabbdie1
 3755:272A idle  _s_schabbdie2
 3755:273A idle  _s_schabbdie3
 3755:274A idle  _s_schabbdie4
 3755:275A idle  _s_schabbdie5
 3755:276A idle  _s_schabbdie6
 3755:277A idle  _s_schabbshoot1
 3755:278A idle  _s_schabbshoot2
 3755:279A idle  _s_needle1
 3755:27AA idle  _s_needle2
 3755:27BA idle  _s_needle3
 3755:27CA idle  _s_needle4
 3755:27DA idle  _s_giftstand
 3755:27EA       _s_giftchase1
 3755:27FA idle  _s_giftchase1s
 3755:280A idle  _s_giftchase2
 3755:281A idle  _s_giftchase3
 3755:282A idle  _s_giftchase3s
 3755:283A idle  _s_giftchase4
 3755:284A idle  _s_giftdeathcam
 3755:285A       _s_giftdie1
 3755:286A idle  _s_giftdie2
 3755:287A idle  _s_giftdie3
 3755:288A idle  _s_giftdie4
 3755:289A idle  _s_giftdie5
 3755:28AA idle  _s_giftdie6
 3755:28BA idle  _s_giftshoot1
 3755:28CA idle  _s_giftshoot2
 3755:28DA idle  _s_fatstand
 3755:28EA       _s_fatchase1
 3755:28FA idle  _s_fatchase1s
 3755:290A idle  _s_fatchase2
 3755:291A idle  _s_fatchase3
 3755:292A idle  _s_fatchase3s
 3755:293A idle  _s_fatchase4
 3755:294A idle  _s_fatdeathcam
 3755:295A       _s_fatdie1
 3755:296A idle  _s_fatdie2
 3755:297A idle  _s_fatdie3
 3755:298A idle  _s_fatdie4
 3755:299A idle  _s_fatdie5
 3755:29AA idle  _s_fatdie6
 3755:29BA idle  _s_fatshoot1
 3755:29CA idle  _s_fatshoot2
 3755:29DA idle  _s_fatshoot3
 3755:29EA idle  _s_fatshoot4
 3755:29FA idle  _s_fatshoot5
 3755:2A0A idle  _s_fatshoot6
 3755:2A1A idle  _s_fakestand
 3755:2A2A       _s_fakechase1
 3755:2A3A idle  _s_fakechase1s
 3755:2A4A idle  _s_fakechase2
 3755:2A5A idle  _s_fakechase3
 3755:2A6A idle  _s_fakechase3s
 3755:2A7A idle  _s_fakechase4
 3755:2A8A       _s_fakedie1
 3755:2A9A idle  _s_fakedie2
 3755:2AAA idle  _s_fakedie3
 3755:2ABA idle  _s_fakedie4
 3755:2ACA idle  _s_fakedie5
 3755:2ADA idle  _s_fakedie6
 3755:2AEA idle  _s_fakeshoot1
 3755:2AFA idle  _s_fakeshoot2
 3755:2B0A idle  _s_fakeshoot3
 3755:2B1A idle  _s_fakeshoot4
 3755:2B2A idle  _s_fakeshoot5
 3755:2B3A idle  _s_fakeshoot6
 3755:2B4A idle  _s_fakeshoot7
 3755:2B5A idle  _s_fakeshoot8
 3755:2B6A idle  _s_fakeshoot9
 3755:2B7A idle  _s_fire1
 3755:2B8A idle  _s_fire2
 3755:2B9A idle  _s_mechastand
 3755:2BAA       _s_mechachase1
 3755:2BBA idle  _s_mechachase1s
 3755:2BCA idle  _s_mechachase2
 3755:2BDA idle  _s_mechachase3
 3755:2BEA idle  _s_mechachase3s
 3755:2BFA idle  _s_mechachase4
 3755:2C0A       _s_mechadie1
 3755:2C1A idle  _s_mechadie2
 3755:2C2A idle  _s_mechadie3
 3755:2C3A idle  _s_mechadie4
 3755:2C4A idle  _s_mechashoot1
 3755:2C5A idle  _s_mechashoot2
 3755:2C6A idle  _s_mechashoot3
 3755:2C7A idle  _s_mechashoot4
 3755:2C8A idle  _s_mechashoot5
 3755:2C9A idle  _s_mechashoot6
 3755:2CAA       _s_hitlerchase1
 3755:2CBA idle  _s_hitlerchase1s
 3755:2CCA idle  _s_hitlerchase2
 3755:2CDA idle  _s_hitlerchase3
 3755:2CEA idle  _s_hitlerchase3s
 3755:2CFA idle  _s_hitlerchase4
 3755:2D0A idle  _s_hitlerdeathcam
 3755:2D1A       _s_hitlerdie1
 3755:2D2A idle  _s_hitlerdie2
 3755:2D3A idle  _s_hitlerdie3
 3755:2D4A idle  _s_hitlerdie4
 3755:2D5A idle  _s_hitlerdie5
 3755:2D6A idle  _s_hitlerdie6
 3755:2D7A idle  _s_hitlerdie7
 3755:2D8A idle  _s_hitlerdie8
 3755:2D9A idle  _s_hitlerdie9
 3755:2DAA idle  _s_hitlerdie10
 3755:2DBA idle  _s_hitlershoot1
 3755:2DCA idle  _s_hitlershoot2
 3755:2DDA idle  _s_hitlershoot3
 3755:2DEA idle  _s_hitlershoot4
 3755:2DFA idle  _s_hitlershoot5
 3755:2E0A idle  _s_hitlershoot6
 3755:2E22 idle  _s_bjrun1
 3755:2E32 idle  _s_bjrun1s
 3755:2E42 idle  _s_bjrun2
 3755:2E52 idle  _s_bjrun3
 3755:2E62 idle  _s_bjrun3s
 3755:2E72 idle  _s_bjrun4
 3755:2E82 idle  _s_bjjump1
 3755:2E92 idle  _s_bjjump2
 3755:2EA2 idle  _s_bjjump3
 3755:2EB2 idle  _s_bjjump4
 3755:2EC2       _s_deathcam
 3755:2F18       _audioname
 3755:2F25 idle  _gheadname
 3755:2F2F idle  _gfilename
 3755:2F39 idle  _gdictname
 3755:2F43 idle  _mheadname
 3755:2F4D idle  _mfilename
 3755:2F57 idle  _aheadname
 3755:2F61 idle  _afilename
 3755:3022 idle  _KbdDefs
 3755:302C idle  _DemoMode
 3755:31DE idle  _XMSProtectPage
 3755:31E0       _PageFileName
 3755:31EE idle  _PageFile
 3755:31F8 idle  _EMMDriverName
 3755:366E idle  _ssPort
 3755:39E0       _USL_MeasureString
 3755:39E4 idle  _USL_DrawString
 3755:39E8       _Scores
 3755:3C92       _screenseg
 3755:3C98 idle  _pixmasks
 3755:3C9C idle  _leftmasks
 3755:3CA0 idle  _rightmasks
 3755:3D2A       _gamepal
 3755:4060       __8087
 3755:4070       __protected
 3755:4071       __LDT
 3755:4074       __default87
 3755:4076 idle  __huge_flt
 3755:407A       __huge_dble
 3755:4082 idle  __huge_ldble
 3755:408C idle  __indefinite
 3755:4090 idle  __tiny_ldble
 3755:409A       __mathwhy
 3755:4240       __emu
 3755:4350       __atexitcnt
 3755:4352       __ctype
 3755:4454       __exitbuf
 3755:4458       __exitfopen
 3755:445C       __exitopen
 3755:4460       __streams
 3755:45A0       __nfile
 3755:45A2       __openfd
 3755:45CA       __fmode
 3755:45CC       __notUmask
 3755:45CE       __fpstklen
 3755:45D0       __heaplen
 3755:45D2       __doserrno
 3755:45D4 idle  __dosErrorToSV
 3755:4638       __stklen
 3755:46A2       __video
 3755:46B1       _directvideo
 3755:46EE idle  __first
 3755:46F0 idle  __last
 3755:46F2 idle  __rover
 3755:46F4       __argc
 3755:46F6       __argv
 3755:4702       _environ
 3755:470A       __RealCvtVector
 3755:470E idle  __ScanTodVector
 3755:4914       __atexittbl
 3755:49A2       ___SignalPtr
 3755:49B4       _pwalldir
 3755:49B6       _pwally
 3755:49B8       _pwallx
 3755:49BA       _areabyplayer
 3755:4A04       _pwallstate
 3755:4A06       _doorposition
 3755:4A86       _pwallpos
 3755:4A88       _vertwall
 3755:4B08       _horizwall
 3755:4B88       _viewsize
 3755:4B8A       _joystickport
 3755:4B8C       _joystickprogressive
 3755:4B8E       _joypadenabled
 3755:4B90       _joystickenabled
 3755:4B92       _mouseenabled
 3755:4B94       _update
 3755:4C98       _actorat
 3755:6C98       _tilemap
 3755:7C98       _nearmapylookup
 3755:7D18       _farmapylookup
 3755:7D98       _doorobjlist
 3755:8018       _laststatobj
 3755:801A       _statobjlist
 3755:8C9A       _player
 3755:8C9C       _new
 3755:8C9E       _playstate
 3755:8CA0       _gamestate
 3755:8CE2       _minheightdiv
 3755:8CE4       _heightnumerator
 3755:8CE8       _maxslope
 3755:8CEC       _scale
 3755:8CF0       _pixelangle
 3755:8F70       _mouseadjustment
 3755:8F72       _virtualreality
 3755:8F74       _startgame
 3755:8F76       _shootdelta
 3755:8F78       _centerx
 3755:8F7A       _viewheight
 3755:8F7C       _viewwidth
 3755:8F7E       _screenofs
 3755:8F80       _focallength
 3755:8F84       _IsA386
 3755:8F86       _nospr
 3755:8F88       _str2
 3755:8F9C       _str
 3755:8FEC       _LevelRatios
 3755:903C       _menuitems
 3755:903E       _backcolor
 3755:903F       _blockstarts
 3755:9247       _uwidthtable
 3755:9261       _updateptr
 3755:9263       _WindowW
 3755:9265       _WindowY
 3755:9267       _WindowX
 3755:9269       _PrintY
 3755:926B       _NoWait
 3755:926D       _loadedgame
 3755:926F       _tedlevelnum
 3755:9271       _tedlevel
 3755:9273       _DigiMap
 3755:9321       _MusicMode
 3755:9323       _DigiMode
 3755:9325       _SoundMode
 3755:9327       _SoundBlasterPresent
 3755:9329       _SoundSourcePresent
 3755:932B       _AdLibPresent
 3755:932D       _JoysPresent
 3755:9331       _MousePresent
 3755:9333       _Keyboard
 3755:9433       _fontnumber
 3755:9435       _fontcolor
 3755:9436       _displayofs
 3755:9438       _bufferofs
 3755:943A       _grsegs
 3755:9564       _mminfo
 3755:9578       _layoutdone
 3755:957A       _picdelay
 3755:957C       _picnum
 3755:957E       _picy
 3755:9580       _picx
 3755:9582       _rowon
 3755:9584       _text
 3755:9588       _rightmargin
 3755:95A6       _leftmargin
 3755:95C4       _numpages
 3755:95C6       _pagenum
 3755:95C8       _TimeCount
 3755:95CC       _LastScan
 3755:95CD       _py
 3755:95CF       _px
 3755:95D1       _pictable
 3755:95D3       _ca_levelbit
 3755:95D4       _pickquick
 3755:95D6       _lasttimecount
 3755:95DA       _SaveGameNames
 3755:971A       _StartGame
 3755:971C       _SaveGamesAvail
 3755:9730       _WindowH
 3755:9732       _PrintX
 3755:9734       _ingame
 3755:9736       _LastASCII
 3755:9737       _Paused
 3755:9739       _extension
 3755:973E       _audiosegs
 3755:997E       _EMSPagesAvail
 3755:9980       _XMSPagesAvail
 3755:9982       _EMSPresent
 3755:9984       _XMSPresent
 3755:9986       _mmerror
 3755:9988       _mapon
 3755:998A       _rightchannel
 3755:998C       _leftchannel
 3755:998E       _globalsoundy
 3755:9992       _globalsoundx
 3755:9996       _viewcos
 3755:999A       _viewsin
 3755:999E       _viewy
 3755:99A2       _viewx
 3755:99A6       _demobuffer
 3755:99A8       _lastdemoptr
 3755:99AC       _demoptr
 3755:99B0       _demoplayback
 3755:99B2       _demorecord
 3755:99B4       _killerobj
 3755:99B6       _spearflag
 3755:99B8       _spearangle
 3755:99BA       _speary
 3755:99BE       _spearx
 3755:99C2       _fizzlein
 3755:99C4       _tics
 3755:99C6       _mapheight
 3755:99C8       _mapwidth
 3755:99CA       _SoundPositioned
 3755:99CC       _latchpics
 3755:9A94       _mapheaderseg
 3755:9B0C       _mapsegs
 3755:9B10       _funnyticount
 3755:9B14       _palshifted
 3755:9B16       _bonuscount
 3755:9B18       _damagecount
 3755:9B1A       _objcount
 3755:9B1C       _dummyobj
 3755:9B58       _mapwidthtable
 3755:9BD8       _DebugOk
 3755:9BDA       _facecount
 3755:9BDC       _anglefrac
 3755:9BDE       _running
 3755:9BE0       _frameon
 3755:9BE4       _buttonstate
 3755:9BF4       _controly
 3755:9BF6       _controlx
 3755:9BF8       _buttonheld
 3755:9C08       _extravbls
 3755:9C0A       _noclip
 3755:9C0C       _godmode
 3755:9C0E       _singlestep
 3755:9C10       _spotvis
 3755:AC10       _objfreelist
 3755:AC12       _lastobj
 3755:AC14       _obj
 3755:AC16       _objlist
 3755:CF3E       _madenoise
 3755:CF40       _compatability
 3755:CF42       _screenfaded
 3755:CF44       _DigiList
 3755:CF46       _NumDigi
 3755:CF48       _viewtype
 3755:CF4A       _maporgy
 3755:CF4C       _maporgx
 3755:CF4E       _postwidth
 3755:CF50       _postx
 3755:CF52       _postsource
 3755:CF56       _wallheight
 3755:D1D6       _doornum
 3755:D1D8       _PMPages
 3755:D1DC       _PMSoundStart
 3755:D1DE       _PMSpriteStart
 3755:D1E0       _ChunksInFile
 3755:D1E2       _farthest
 3755:D1E4       _visstep
 3755:D1E6       _visptr
 3755:D1E8       _vislist
 3755:D314       _ystep
 3755:D318       _xstep
 3755:D31C       _yintercept
 3755:D320       _xintercept
 3755:D324       _ytilestep
 3755:D326       _xtilestep
 3755:D328       _ytile
 3755:D32A       _xtile
 3755:D32C       _pixx
 3755:D32E       _tilehit
 3755:D330       _yinttile
 3755:D332       _xinttile
 3755:D334       _ypartialdown
 3755:D336       _ypartialup
 3755:D338       _xpartialdown
 3755:D33A       _xpartialup
 3755:D33C       _ypartial
 3755:D33E       _xpartial
 3755:D340       _angle
 3755:D342       _midangle
 3755:D344       _viewty
 3755:D346       _viewtx
 3755:D348       _focalty
 3755:D34A       _focaltx
 3755:D34C       _lasttilehit
 3755:D34E       _lastintercept
 3755:D352       _lastside
 3755:D354       _maxscaleshl2
 3755:D356       _fullscalefarcall
 3755:D75A       _viewangle
 3755:D75C       _mask3
 3755:D75D       _mask2
 3755:D75E       _mask1
 3755:D75F       _maskword
 3755:D761       _linescale
 3755:D765       _linecmds
 3755:D769       _slinewidth
 3755:D76B       _slinex
 3755:D76D       _stepbytwo
 3755:D76F       _work
 3755:D771       _insetupscaling
 3755:D773       _maxscale
 3755:D775       _scaledirectory
 3755:D977       _pluy
 3755:D979       _plux
 3755:D97B       _playerymove
 3755:D97F       _playerxmove
 3755:D983       _LastAttacker
 3755:D985       _gotgatgun
 3755:D987       _thrustspeed
 3755:D98B       _lastdoorobj
 3755:D98D       _oldsoundmode
 3755:D98F       _chunkexplen
 3755:D993       _chunkcomplen
 3755:D997       _audiohandle
 3755:D999       _maphandle
 3755:D99B       _grhandle
 3755:D99D       _audiohuffman
 3755:DD99       _grhuffman
 3755:E195       _audiostarts
 3755:E197       _grstarts
 3755:E199       _debughandle
 3755:E19B       _profilehandle
 3755:E19D       _ca_levelnum
 3755:E19E       _tinf
 3755:E1A0       _bufferseg
 3755:E1A2       _btnstate
 3755:E1B2       _MouseDownCount
 3755:E1B6       _JoyPadPresent
 3755:E1B8       _DemoSize
 3755:E1BA       _DemoOffset
 3755:E1BC       _DemoBuffer
 3755:E1BE       _Controls
 3755:E1C6       _JoyDefs
 3755:E1F6       _UMBbase
 3755:E20A       _numUMBs
 3755:E20C       _XMSaddr
 3755:E210       _bombonerror
 3755:E212       _mmnew
 3755:E216       _mmrover
 3755:E21A       _mmfree
 3755:E21E       _mmhead
 3755:E222       _nearheap
 3755:E224       _farheap
 3755:E228       _mmstarted
 3755:E22A       _aftersort
 3755:E22E       _beforesort
 3755:E232       _PMSegPages
 3755:E234       _PMFrameCount
 3755:E238       _PMNumBlocks
 3755:E23A       _MainPagesUsed
 3755:E23C       _EMSPagesUsed
 3755:E23E       _XMSPagesUsed
 3755:E240       _PMThrashing
 3755:E242       _PMPanicMode
 3755:E244       _PMStarted
 3755:E246       _XMSDriver
 3755:E24A       _XMSHandle
 3755:E24C       _XMSAvail
 3755:E24E       _EMSList
 3755:E266       _EMSPhysicalPage
 3755:E268       _EMSPageFrame
 3755:E26A       _EMSHandle
 3755:E26C       _EMSAvail
 3755:E26E       _MainPagesAvail
 3755:E270       _MainMemUsed
 3755:E338       _MainMemPages
 3755:E400       _MainPresent
 3755:E402       _sqHackTime
 3755:E406       _sqHackSeqLen
 3755:E408       _sqHackLen
 3755:E40A       _sqHackPtr
 3755:E40E       _sqHack
 3755:E412       _sqActive
 3755:E414       _alZeroInst
 3755:E424       _alTimeCount
 3755:E428       _alLengthLeft
 3755:E42C       _alBlock
 3755:E42E       _alSound
 3755:E432       _alNoCheck
 3755:E434       _pcSoundLookup
 3755:E632       _pcLengthLeft
 3755:E636       _pcSound
 3755:E63A       _pcLastSample
 3755:E63B       _ssLengthLeft
 3755:E63F       _ssSample
 3755:E643       _ssOff
 3755:E644       _ssOn
 3755:E645       _ssData
 3755:E647       _ssStatus
 3755:E649       _ssControl
 3755:E64B       _ssActive
 3755:E64D       _ssNoCheck
 3755:E64F       _DigiLastEnd
 3755:E651       _DigiLastStart
 3755:E653       _DigiPage
 3755:E655       _DigiLeft
 3755:E657       _TimerRate
 3755:E659       _LocalTime
 3755:E65D       _t0OldService
 3755:E661       _RightPosition
 3755:E663       _LeftPosition
 3755:E665       _DigiPriority
 3755:E667       _SoundPriority
 3755:E669       _DigiNumber
 3755:E66B       _SoundNumber
 3755:E66D       _TimerCount
 3755:E671       _TimerDivisor
 3755:E675       _nextsoundpos
 3755:E677       _ssIsTandy
 3755:E679       _SoundTable
 3755:E67B       _HackCount
 3755:E67D       _NeedsDigitized
 3755:E67F       _SBProPresent
 3755:E681       _DigiPlaying
 3755:E683       _NeedsMusic
 3755:E685       _Games
 3755:E781       _CursorY
 3755:E783       _CursorX
 3755:E785       _CursorBad
 3755:E787       _Button1
 3755:E789       _Button0
 3755:E78B       _abortprogram
 3755:E78D       _fastpalette
 3755:E78F       _bordercolor
 3755:E791       _ylookup
 3755:E921       _linewidth
 3755:E923       _pelpan
 3755:E925       _bufferheight
 3755:E927       _bufferwidth

Program entry point at 0000:0000

