
 Start  Stop   Length Name               Class

 00000H 044B5H 044B6H _TEXT              CODE
 044B6H 044B6H 00000H H_LDIV_TEXT        CODE
 044B6H 044FFH 0004AH QUEUE_TEXT         CODE
 04500H 045AEH 000AFH UTIL_TEXT          CODE
 045AFH 04DAFH 00801H BOT_TEXT           CODE
 04DB0H 04DEAH 0003BH WL_ASM_TEXT        CODE
 04DEBH 06606H 0181CH WL_MAIN_TEXT       CODE
 06607H 06FC5H 009BFH WL_TEXT_TEXT       CODE
 06FC6H 0AE92H 03ECDH WL_MENU_TEXT       CODE
 0AE93H 0C2A7H 01415H WL_INTER_TEXT      CODE
 0C2A8H 0D5F6H 0134FH WL_GAME_TEXT       CODE
 0D5F7H 0E6DFH 010E9H WL_PLAY_TEXT       CODE
 0E6E0H 0F20BH 00B2CH WL_DEBUG_TEXT      CODE
 0F20CH 100EFH 00EE4H WL_DRAW_TEXT       CODE
 100F0H 10543H 00454H WL_DR_A_TEXT       CODE
 10544H 10DDBH 00898H WL_SCALE_TEXT      CODE
 10DDCH 123CEH 015F3H WL_STATE_TEXT      CODE
 123CFH 134EEH 01120H WL_AGENT_TEXT      CODE
 134EFH 14191H 00CA3H WL_ACT1_TEXT       CODE
 14192H 160DDH 01F4CH WL_ACT2_TEXT       CODE
 160DEH 176D2H 015F5H ID_CA_TEXT         CODE
 176D3H 181E9H 00B17H ID_IN_TEXT         CODE
 181EAH 18E10H 00C27H ID_MM_TEXT         CODE
 18E11H 19E9DH 0108DH ID_PM_TEXT         CODE
 19E9EH 1B659H 017BCH ID_SD_TEXT         CODE
 1B65AH 1BA4BH 003F2H ID_SD_A_TEXT       CODE
 1BA4CH 1C5C6H 00B7BH ID_US_1_TEXT       CODE
 1C5C8H 1C60CH 00045H ID_US_A_TEXT       CODE
 1C60DH 1D110H 00B04H ID_VL_TEXT         CODE
 1D111H 1D9FDH 008EDH ID_VH_TEXT         CODE
 1D9FEH 1DC91H 00294H ID_VL_A_TEXT       CODE
 1DC92H 1DE87H 001F6H ID_VH_A_TEXT       CODE
 1DE90H 20606H 02777H EMU_PROG           CODE
 20610H 20BD7H 005C8H E87_PROG           CODE
 20BE0H 20BE0H 00000H _FARDATA           FAR_DATA
 20BE0H 20CE1H 00102H FAR_DATA           FAR_DATA
 20CF0H 20FE3H 002F4H WL_MAIN5_DATA      FAR_DATA
 20FF0H 212BFH 002D0H WL_MENU5_DATA      FAR_DATA
 212C0H 21439H 0017AH WL_MENU6_DATA      FAR_DATA
 21440H 21637H 001F8H WL_MENU7_DATA      FAR_DATA
 21640H 2173BH 000FCH WL_MENU8_DATA      FAR_DATA
 21740H 2190DH 001CEH WL_MENU9_DATA      FAR_DATA
 21910H 219B7H 000A8H WL_MENU10_DATA     FAR_DATA
 219C0H 21B63H 001A4H WL_MENU11_DATA     FAR_DATA
 21B70H 21CE9H 0017AH WL_MENU12_DATA     FAR_DATA
 21CF0H 21D13H 00024H WL_MENU13_DATA     FAR_DATA
 21D20H 21D9FH 00080H ID_IN5_DATA        FAR_DATA
 21DA0H 21E1FH 00080H ID_IN6_DATA        FAR_DATA
 21E20H 21E9FH 00080H ID_IN7_DATA        FAR_DATA
 21EA0H 3189FH 0FA00H SignonSeg          FAR_DATA
 318A0H 318A0H 00000H _FARBSS            FAR_BSS
 318A0H 3389FH 02000H _COMDEF_AA_        FAR_BSS
 338A0H 3589FH 02000H _COMDEF_AB_        FAR_BSS
 358A0H 35DF8H 00559H _COMDEF_AC_        FAR_BSS
 35E00H 36507H 00708H _COMDEF_AD_        FAR_BSS
 36510H 3731FH 00E10H _COMDEF_AE_        FAR_BSS
 37320H 373B4H 00095H _COMDEF_AF_        FAR_BSS
 373C0H 385BFH 01200H _COMDEF_AG_        FAR_BSS
 385C0H 397BFH 01200H _COMDEF_AH_        FAR_BSS
 397C0H 3B88FH 020D0H _COMDEF_AI_        FAR_BSS
 3B890H 3BB8FH 00300H _COMDEF_AJ_        FAR_BSS
 3BB90H 3BE8FH 00300H _COMDEF_AK_        FAR_BSS
 3BE90H 3BE90H 00000H _OVERLAY_          OVRINFO
 3BE90H 3BE90H 00000H _1STUB_            STUBSEG
 3BE90H 405E9H 0475AH _DATA              DATA
 405EAH 405EDH 00004H _CVTSEG            DATA
 405EEH 405F9H 0000CH _SCNSEG            DATA
 405FAH 405FAH 00000H _CONST             CONST
 405FAH 40617H 0001EH _INIT_             INITDATA
 40618H 40618H 00000H _INITEND_          INITDATA
 40618H 4061DH 00006H _EXIT_             EXITDATA
 4061EH 4061EH 00000H _EXITEND_          EXITDATA
 4061EH 4089BH 0027EH _BSS               BSS
 4089CH 4A81CH 09F81H _COMDEF_           BSS
 4A81DH 4A81DH 00000H _BSSEND            BSSEND
 4A820H 4A89FH 00080H _STACK             STACK


Detailed map of segments

 0000:0000 02C8 C=CODE   S=_TEXT          G=(none)  M=c0.ASM     ACBP=28
 0000:02C8 00DE C=CODE   S=_TEXT          G=(none)  M=H_LDIV.ASM ACBP=28
 0000:03A6 0258 C=CODE   S=_TEXT          G=(none)  M=FPINIT     ACBP=28
 0000:05FE 0000 C=CODE   S=_TEXT          G=(none)  M=E87TRAP    ACBP=28
 0000:05FE 0000 C=CODE   S=_TEXT          G=(none)  M=PROTFLAG   ACBP=28
 0000:05FE 0000 C=CODE   S=_TEXT          G=(none)  M=DEFLT87    ACBP=28
 0000:05FE 000D C=CODE   S=_TEXT          G=(none)  M=ATAN       ACBP=28
 0000:060B 0000 C=CODE   S=_TEXT          G=(none)  M=HUGEVAL    ACBP=28
 0000:060B 009A C=CODE   S=_TEXT          G=(none)  M=LDTRUNC    ACBP=28
 0000:06A5 0000 C=CODE   S=_TEXT          G=(none)  M=MATHWHY    ACBP=28
 0000:06A5 01B5 C=CODE   S=_TEXT          G=(none)  M=REALCVT    ACBP=28
 0000:085A 0361 C=CODE   S=_TEXT          G=(none)  M=SCANTOD    ACBP=28
 0000:0BBB 0209 C=CODE   S=_TEXT          G=(none)  M=XCVT       ACBP=28
 0000:0DC4 00A6 C=CODE   S=_TEXT          G=(none)  M=FPERR      ACBP=28
 0000:0E6A 00C9 C=CODE   S=_TEXT          G=(none)  M=_POW10     ACBP=28
 0000:0F33 000B C=CODE   S=_TEXT          G=(none)  M=POW10D     ACBP=28
 0000:0F3E 0026 C=CODE   S=_TEXT          G=(none)  M=MATHERR    ACBP=28
 0000:0F64 004D C=CODE   S=_TEXT          G=(none)  M=SIN        ACBP=28
 0000:0FB1 0050 C=CODE   S=_TEXT          G=(none)  M=TAN        ACBP=28
 0000:1001 0090 C=CODE   S=_TEXT          G=(none)  M=_MATHERR   ACBP=28
 0000:1091 00BB C=CODE   S=_TEXT          G=(none)  M=ATAN2      ACBP=28
 0000:114C 002C C=CODE   S=_TEXT          G=(none)  M=FFTOL      ACBP=28
 0000:1178 002D C=CODE   S=_TEXT          G=(none)  M=ATEXIT     ACBP=28
 0000:11A5 0000 C=CODE   S=_TEXT          G=(none)  M=CTYPE      ACBP=28
 0000:11A5 0036 C=CODE   S=_TEXT          G=(none)  M=DOSDFREE   ACBP=28
 0000:11DB 0038 C=CODE   S=_TEXT          G=(none)  M=DOSFATTR   ACBP=28
 0000:1213 0032 C=CODE   S=_TEXT          G=(none)  M=DOSGDATE   ACBP=28
 0000:1245 0023 C=CODE   S=_TEXT          G=(none)  M=DOSWRITE   ACBP=28
 0000:1268 0093 C=CODE   S=_TEXT          G=(none)  M=EXIT       ACBP=28
 0000:12FB 0000 C=CODE   S=_TEXT          G=(none)  M=FILES      ACBP=28
 0000:12FB 0000 C=CODE   S=_TEXT          G=(none)  M=FILES2     ACBP=28
 0000:12FB 0000 C=CODE   S=_TEXT          G=(none)  M=FMODE      ACBP=28
 0000:12FB 0000 C=CODE   S=_TEXT          G=(none)  M=FPSTKLEN   ACBP=28
 0000:12FB 0021 C=CODE   S=_TEXT          G=(none)  M=F_PCMP     ACBP=28
 0000:131C 001C C=CODE   S=_TEXT          G=(none)  M=F_SCOPY    ACBP=28
 0000:1338 0020 C=CODE   S=_TEXT          G=(none)  M=GETVECT    ACBP=28
 0000:1358 0000 C=CODE   S=_TEXT          G=(none)  M=HEAPLEN    ACBP=28
 0000:1358 0021 C=CODE   S=_TEXT          G=(none)  M=H_LLSH     ACBP=28
 0000:1379 0088 C=CODE   S=_TEXT          G=(none)  M=H_PADA     ACBP=28
 0000:1401 0060 C=CODE   S=_TEXT          G=(none)  M=H_PADD     ACBP=28
 0000:1461 0028 C=CODE   S=_TEXT          G=(none)  M=H_PSBP     ACBP=28
 0000:1489 0027 C=CODE   S=_TEXT          G=(none)  M=H_SPUSH    ACBP=28
 0000:14B0 004B C=CODE   S=_TEXT          G=(none)  M=IOERROR    ACBP=28
 0000:14FB 0011 C=CODE   S=_TEXT          G=(none)  M=ISATTY     ACBP=28
 0000:150C 009A C=CODE   S=_TEXT          G=(none)  M=LONGTOA    ACBP=28
 0000:15A6 0029 C=CODE   S=_TEXT          G=(none)  M=LSEEK      ACBP=28
 0000:15CF 0082 C=CODE   S=_TEXT          G=(none)  M=MKNAME     ACBP=28
 0000:1651 0021 C=CODE   S=_TEXT          G=(none)  M=N_PCMP     ACBP=28
 0000:1672 002D C=CODE   S=_TEXT          G=(none)  M=READA      ACBP=28
 0000:169F 01AA C=CODE   S=_TEXT          G=(none)  M=SCANTOL    ACBP=28
 0000:1849 00A5 C=CODE   S=_TEXT          G=(none)  M=SETUPIO    ACBP=28
 0000:18EE 0000 C=CODE   S=_TEXT          G=(none)  M=SIGDATA    ACBP=28
 0000:18EE 0000 C=CODE   S=_TEXT          G=(none)  M=STKLEN     ACBP=28
 0000:18EE 002C C=CODE   S=_TEXT          G=(none)  M=TOLOWER    ACBP=28
 0000:191A 002C C=CODE   S=_TEXT          G=(none)  M=TOUPPER    ACBP=28
 0000:1946 0016 C=CODE   S=_TEXT          G=(none)  M=UNLINK     ACBP=28
 0000:195C 04CB C=CODE   S=_TEXT          G=(none)  M=VPRINTER   ACBP=28
 0000:1E27 009F C=CODE   S=_TEXT          G=(none)  M=VRAM       ACBP=28
 0000:1EC6 001A C=CODE   S=_TEXT          G=(none)  M=XCLOSE     ACBP=28
 0000:1EE0 0029 C=CODE   S=_TEXT          G=(none)  M=_STPCPY    ACBP=28
 0000:1F09 0025 C=CODE   S=_TEXT          G=(none)  M=BIOSKEY    ACBP=28
 0000:1F2E 006F C=CODE   S=_TEXT          G=(none)  M=BRK        ACBP=28
 0000:1F9D 0029 C=CODE   S=_TEXT          G=(none)  M=CLRSCR     ACBP=28
 0000:1FC6 0010 C=CODE   S=_TEXT          G=(none)  M=CORELEFT   ACBP=28
 0000:1FD6 01A1 C=CODE   S=_TEXT          G=(none)  M=CRTINIT    ACBP=28
 0000:2177 001F C=CODE   S=_TEXT          G=(none)  M=CVTFAK     ACBP=28
 0000:2196 0421 C=CODE   S=_TEXT          G=(none)  M=FARHEAP    ACBP=28
 0000:25B7 0140 C=CODE   S=_TEXT          G=(none)  M=FBRK       ACBP=28
 0000:26F7 0050 C=CODE   S=_TEXT          G=(none)  M=FCORELFT   ACBP=28
 0000:2747 0049 C=CODE   S=_TEXT          G=(none)  M=GOTOXY     ACBP=28
 0000:2790 00A8 C=CODE   S=_TEXT          G=(none)  M=GPTEXT     ACBP=28
 0000:2838 002E C=CODE   S=_TEXT          G=(none)  M=HARD       ACBP=28
 0000:2866 0126 C=CODE   S=_TEXT          G=(none)  M=HARDERR    ACBP=28
 0000:298C 0027 C=CODE   S=_TEXT          G=(none)  M=IOCTL      ACBP=28
 0000:29B3 009D C=CODE   S=_TEXT          G=(none)  M=MOVETEXT   ACBP=28
 0000:2A50 027B C=CODE   S=_TEXT          G=(none)  M=NEARHEAP   ACBP=28
 0000:2CCB 0004 C=CODE   S=_TEXT          G=(none)  M=REALCVT    ACBP=28
 0000:2CCF 01BD C=CODE   S=_TEXT          G=(none)  M=SCREEN     ACBP=28
 0000:2E8C 0188 C=CODE   S=_TEXT          G=(none)  M=SCROLL     ACBP=28
 0000:3014 0119 C=CODE   S=_TEXT          G=(none)  M=SETARGV    ACBP=28
 0000:312D 001C C=CODE   S=_TEXT          G=(none)  M=SETBLOCK   ACBP=28
 0000:3149 005D C=CODE   S=_TEXT          G=(none)  M=SETENVP    ACBP=28
 0000:31A6 002C C=CODE   S=_TEXT          G=(none)  M=WHEREXY    ACBP=28
 0000:31D2 007D C=CODE   S=_TEXT          G=(none)  M=ATOL       ACBP=28
 0000:324F 0010 C=CODE   S=_TEXT          G=(none)  M=BDOS       ACBP=28
 0000:325F 001B C=CODE   S=_TEXT          G=(none)  M=CHMODA     ACBP=28
 0000:327A 0028 C=CODE   S=_TEXT          G=(none)  M=CLOSE      ACBP=28
 0000:32A2 001E C=CODE   S=_TEXT          G=(none)  M=CLOSEA     ACBP=28
 0000:32C0 008B C=CODE   S=_TEXT          G=(none)  M=CREAT      ACBP=28
 0000:334B 0081 C=CODE   S=_TEXT          G=(none)  M=FCLOSE     ACBP=28
 0000:33CC 0081 C=CODE   S=_TEXT          G=(none)  M=FFLUSH     ACBP=28
 0000:344D 0060 C=CODE   S=_TEXT          G=(none)  M=FINDFIRS   ACBP=28
 0000:34AD 0041 C=CODE   S=_TEXT          G=(none)  M=FLENGTH    ACBP=28
 0000:34EE 003A C=CODE   S=_TEXT          G=(none)  M=FLUSHALL   ACBP=28
 0000:3528 01A0 C=CODE   S=_TEXT          G=(none)  M=FOPEN      ACBP=28
 0000:36C8 0016 C=CODE   S=_TEXT          G=(none)  M=FPRINTF    ACBP=28
 0000:36DE 018C C=CODE   S=_TEXT          G=(none)  M=FSEEK      ACBP=28
 0000:386A 005F C=CODE   S=_TEXT          G=(none)  M=GETENV     ACBP=28
 0000:38C9 0067 C=CODE   S=_TEXT          G=(none)  M=LTOA1      ACBP=28
 0000:3930 001F C=CODE   S=_TEXT          G=(none)  M=MEMCPY     ACBP=28
 0000:394F 0022 C=CODE   S=_TEXT          G=(none)  M=MOVEDATA   ACBP=28
 0000:3971 0183 C=CODE   S=_TEXT          G=(none)  M=OPEN       ACBP=28
 0000:3AF4 004D C=CODE   S=_TEXT          G=(none)  M=OPENA      ACBP=28
 0000:3B41 0017 C=CODE   S=_TEXT          G=(none)  M=PRINTF     ACBP=28
 0000:3B58 0309 C=CODE   S=_TEXT          G=(none)  M=PUTC       ACBP=28
 0000:3E61 004B C=CODE   S=_TEXT          G=(none)  M=PUTS       ACBP=28
 0000:3EAC 00CE C=CODE   S=_TEXT          G=(none)  M=READ       ACBP=28
 0000:3F7A 0003 C=CODE   S=_TEXT          G=(none)  M=READU      ACBP=28
 0000:3F7D 00D8 C=CODE   S=_TEXT          G=(none)  M=SETVBUF    ACBP=28
 0000:4055 0061 C=CODE   S=_TEXT          G=(none)  M=SPRINTF    ACBP=28
 0000:40B6 0039 C=CODE   S=_TEXT          G=(none)  M=STRCAT     ACBP=28
 0000:40EF 001A C=CODE   S=_TEXT          G=(none)  M=STRLEN     ACBP=28
 0000:4109 00FF C=CODE   S=_TEXT          G=(none)  M=STRTOL     ACBP=28
 0000:4208 010E C=CODE   S=_TEXT          G=(none)  M=WRITE      ACBP=28
 0000:4316 003A C=CODE   S=_TEXT          G=(none)  M=WRITEA     ACBP=28
 0000:4350 0003 C=CODE   S=_TEXT          G=(none)  M=WRITEU     ACBP=28
 0000:4353 0028 C=CODE   S=_TEXT          G=(none)  M=XFCLOSE    ACBP=28
 0000:437B 0023 C=CODE   S=_TEXT          G=(none)  M=XFFLUSH    ACBP=28
 0000:439E 0028 C=CODE   S=_TEXT          G=(none)  M=FMEMCMP    ACBP=28
 0000:43C6 0024 C=CODE   S=_TEXT          G=(none)  M=FMEMCPY    ACBP=28
 0000:43EA 0043 C=CODE   S=_TEXT          G=(none)  M=FMEMSET    ACBP=28
 0000:442D 0029 C=CODE   S=_TEXT          G=(none)  M=FSTRCPY    ACBP=28
 0000:4456 0041 C=CODE   S=_TEXT          G=(none)  M=FSTRICMP   ACBP=28
 0000:4497 001F C=CODE   S=_TEXT          G=(none)  M=FSTRLEN    ACBP=28
 044B:0006 0000 C=CODE   S=H_LDIV_TEXT    G=(none)  M=H_LDIV.ASM ACBP=48
 044B:0006 004A C=CODE   S=QUEUE_TEXT     G=(none)  M=QUEUE.C    ACBP=28
 0450:0000 00AF C=CODE   S=UTIL_TEXT      G=(none)  M=UTIL.C     ACBP=28
 045A:000F 0801 C=CODE   S=BOT_TEXT       G=(none)  M=BOT.C      ACBP=28
 04DB:0000 003B C=CODE   S=WL_ASM_TEXT    G=(none)  M=WL_ASM.ASM ACBP=48
 04DE:000B 181C C=CODE   S=WL_MAIN_TEXT   G=(none)  M=WL_MAIN.C  ACBP=28
 0660:0007 09BF C=CODE   S=WL_TEXT_TEXT   G=(none)  M=WL_TEXT.C  ACBP=28
 06FC:0006 3ECD C=CODE   S=WL_MENU_TEXT   G=(none)  M=WL_MENU.C  ACBP=28
 0AE9:0003 1415 C=CODE   S=WL_INTER_TEXT  G=(none)  M=WL_INTER.C ACBP=28
 0C2A:0008 134F C=CODE   S=WL_GAME_TEXT   G=(none)  M=WL_GAME.C  ACBP=28
 0D5F:0007 10E9 C=CODE   S=WL_PLAY_TEXT   G=(none)  M=WL_PLAY.C  ACBP=28
 0E6E:0000 0B2C C=CODE   S=WL_DEBUG_TEXT  G=(none)  M=WL_DEBUG.C ACBP=28
 0F20:000C 0EE4 C=CODE   S=WL_DRAW_TEXT   G=(none)  M=WL_DRAW.C  ACBP=28
 100F:0000 0454 C=CODE   S=WL_DR_A_TEXT   G=(none)  M=WL_DR_A.ASM ACBP=48
 1054:0004 0898 C=CODE   S=WL_SCALE_TEXT  G=(none)  M=WL_SCALE.C ACBP=28
 10DD:000C 15F3 C=CODE   S=WL_STATE_TEXT  G=(none)  M=WL_STATE.C ACBP=28
 123C:000F 1120 C=CODE   S=WL_AGENT_TEXT  G=(none)  M=WL_AGENT.C ACBP=28
 134E:000F 0CA3 C=CODE   S=WL_ACT1_TEXT   G=(none)  M=WL_ACT1.C  ACBP=28
 1419:0002 1F4C C=CODE   S=WL_ACT2_TEXT   G=(none)  M=WL_ACT2.C  ACBP=28
 160D:000E 15F5 C=CODE   S=ID_CA_TEXT     G=(none)  M=ID_CA.C    ACBP=28
 176D:0003 0B17 C=CODE   S=ID_IN_TEXT     G=(none)  M=ID_IN.C    ACBP=28
 181E:000A 0C27 C=CODE   S=ID_MM_TEXT     G=(none)  M=ID_MM.C    ACBP=28
 18E1:0001 108D C=CODE   S=ID_PM_TEXT     G=(none)  M=ID_PM.C    ACBP=28
 19E9:000E 17BC C=CODE   S=ID_SD_TEXT     G=(none)  M=ID_SD.C    ACBP=28
 1B65:000A 03F2 C=CODE   S=ID_SD_A_TEXT   G=(none)  M=ID_SD_A.ASM ACBP=48
 1BA4:000C 0B7B C=CODE   S=ID_US_1_TEXT   G=(none)  M=ID_US_1.C  ACBP=28
 1C5C:0008 0045 C=CODE   S=ID_US_A_TEXT   G=(none)  M=ID_US_A.ASM ACBP=48
 1C60:000D 0B04 C=CODE   S=ID_VL_TEXT     G=(none)  M=ID_VL.C    ACBP=28
 1D11:0001 08ED C=CODE   S=ID_VH_TEXT     G=(none)  M=ID_VH.C    ACBP=28
 1D9F:000E 0294 C=CODE   S=ID_VL_A_TEXT   G=(none)  M=ID_VL_A.ASM ACBP=48
 1DC9:0002 01F6 C=CODE   S=ID_VH_A_TEXT   G=(none)  M=ID_VH_A.ASM ACBP=48
 1DE9:0000 0000 C=CODE   S=EMU_PROG       G=(none)  M=FPINIT     ACBP=68
 1DE9:0000 2777 C=CODE   S=EMU_PROG       G=(none)  M=EMU086     ACBP=68
 2061:0000 0000 C=CODE   S=E87_PROG       G=(none)  M=FPINIT     ACBP=68
 2061:0000 03E3 C=CODE   S=E87_PROG       G=(none)  M=EMU087     ACBP=68
 2061:03F0 01D8 C=CODE   S=E87_PROG       G=(none)  M=E87TRAP    ACBP=68
 20BE:0000 0000 C=FAR_DATA S=_FARDATA       G=(none)  M=c0.ASM     ACBP=68
 20BE:0000 0102 C=FAR_DATA S=FAR_DATA       G=(none)  M=ID_US_A.ASM ACBP=60
 20CF:0000 02F4 C=FAR_DATA S=WL_MAIN5_DATA  G=(none)  M=WL_MAIN.C  ACBP=68
 20FF:0000 02D0 C=FAR_DATA S=WL_MENU5_DATA  G=(none)  M=WL_MENU.C  ACBP=68
 212C:0000 017A C=FAR_DATA S=WL_MENU6_DATA  G=(none)  M=WL_MENU.C  ACBP=68
 2144:0000 01F8 C=FAR_DATA S=WL_MENU7_DATA  G=(none)  M=WL_MENU.C  ACBP=68
 2164:0000 00FC C=FAR_DATA S=WL_MENU8_DATA  G=(none)  M=WL_MENU.C  ACBP=68
 2174:0000 01CE C=FAR_DATA S=WL_MENU9_DATA  G=(none)  M=WL_MENU.C  ACBP=68
 2191:0000 00A8 C=FAR_DATA S=WL_MENU10_DATA G=(none)  M=WL_MENU.C  ACBP=68
 219C:0000 01A4 C=FAR_DATA S=WL_MENU11_DATA G=(none)  M=WL_MENU.C  ACBP=68
 21B7:0000 017A C=FAR_DATA S=WL_MENU12_DATA G=(none)  M=WL_MENU.C  ACBP=68
 21CF:0000 0024 C=FAR_DATA S=WL_MENU13_DATA G=(none)  M=WL_MENU.C  ACBP=68
 21D2:0000 0080 C=FAR_DATA S=ID_IN5_DATA    G=(none)  M=ID_IN.C    ACBP=68
 21DA:0000 0080 C=FAR_DATA S=ID_IN6_DATA    G=(none)  M=ID_IN.C    ACBP=68
 21E2:0000 0080 C=FAR_DATA S=ID_IN7_DATA    G=(none)  M=ID_IN.C    ACBP=68
 21EA:0000 FA00 C=FAR_DATA S=SignonSeg      G=(none)  M=SIGNON.BIN   ACBP=60
 318A:0000 0000 C=FAR_BSS S=_FARBSS        G=(none)  M=c0.ASM     ACBP=68
 318A:0000 2000 C=FAR_BSS S=_COMDEF_AA_    G=(none)  M=QUEUE.C    ACBP=60
 338A:0000 2000 C=FAR_BSS S=_COMDEF_AB_    G=(none)  M=BOT.C      ACBP=60
 358A:0000 0559 C=FAR_BSS S=_COMDEF_AC_    G=(none)  M=WL_ACT1.C  ACBP=60
 35E0:0000 0708 C=FAR_BSS S=_COMDEF_AD_    G=(none)  M=WL_DRAW.C  ACBP=60
 3651:0000 0E10 C=FAR_BSS S=_COMDEF_AE_    G=(none)  M=WL_DRAW.C  ACBP=60
 3732:0000 0095 C=FAR_BSS S=_COMDEF_AF_    G=(none)  M=ID_CA.C    ACBP=60
 373C:0000 1200 C=FAR_BSS S=_COMDEF_AG_    G=(none)  M=WL_PLAY.C  ACBP=60
 385C:0000 1200 C=FAR_BSS S=_COMDEF_AH_    G=(none)  M=WL_PLAY.C  ACBP=60
 397C:0000 20D0 C=FAR_BSS S=_COMDEF_AI_    G=(none)  M=ID_MM.C    ACBP=60
 3B89:0000 0300 C=FAR_BSS S=_COMDEF_AJ_    G=(none)  M=ID_VL.C    ACBP=60
 3BB9:0000 0300 C=FAR_BSS S=_COMDEF_AK_    G=(none)  M=ID_VL.C    ACBP=60
 3BE9:0000 0000 C=OVRINFO S=_OVERLAY_      G=(none)  M=c0.ASM     ACBP=68
 3BE9:0000 0000 C=STUBSEG S=_1STUB_        G=(none)  M=c0.ASM     ACBP=68
 3BE9:0000 00AA C=DATA   S=_DATA          G=DGROUP  M=c0.ASM     ACBP=68
 3BE9:00AA 0000 C=DATA   S=_DATA          G=DGROUP  M=H_LDIV.ASM ACBP=48
 3BE9:00AA 0000 C=DATA   S=_DATA          G=DGROUP  M=QUEUE.C    ACBP=48
 3BE9:00AA 0004 C=DATA   S=_DATA          G=DGROUP  M=UTIL.C     ACBP=48
 3BE9:00AE 0039 C=DATA   S=_DATA          G=DGROUP  M=BOT.C      ACBP=48
 3BE9:00E8 0000 C=DATA   S=_DATA          G=DGROUP  M=WL_ASM.ASM ACBP=48
 3BE9:00E8 0264 C=DATA   S=_DATA          G=DGROUP  M=WL_MAIN.C  ACBP=48
 3BE9:034C 00A1 C=DATA   S=_DATA          G=DGROUP  M=WL_TEXT.C  ACBP=48
 3BE9:03EE 06B4 C=DATA   S=_DATA          G=DGROUP  M=WL_MENU.C  ACBP=48
 3BE9:0AA2 03ED C=DATA   S=_DATA          G=DGROUP  M=WL_INTER.C ACBP=48
 3BE9:0E90 03FC C=DATA   S=_DATA          G=DGROUP  M=WL_GAME.C  ACBP=48
 3BE9:128C 0216 C=DATA   S=_DATA          G=DGROUP  M=WL_PLAY.C  ACBP=48
 3BE9:14A2 01FE C=DATA   S=_DATA          G=DGROUP  M=WL_DEBUG.C ACBP=48
 3BE9:16A0 0096 C=DATA   S=_DATA          G=DGROUP  M=WL_DRAW.C  ACBP=48
 3BE9:1736 0000 C=DATA   S=_DATA          G=DGROUP  M=WL_DR_A.ASM ACBP=48
 3BE9:1736 00F1 C=DATA   S=_DATA          G=DGROUP  M=WL_SCALE.C ACBP=48
 3BE9:1828 00FF C=DATA   S=_DATA          G=DGROUP  M=WL_STATE.C ACBP=48
 3BE9:1928 0112 C=DATA   S=_DATA          G=DGROUP  M=WL_AGENT.C ACBP=48
 3BE9:1A3A 0119 C=DATA   S=_DATA          G=DGROUP  M=WL_ACT1.C  ACBP=48
 3BE9:1B54 1412 C=DATA   S=_DATA          G=DGROUP  M=WL_ACT2.C  ACBP=48
 3BE9:2F66 0109 C=DATA   S=_DATA          G=DGROUP  M=ID_CA.C    ACBP=48
 3BE9:3070 005F C=DATA   S=_DATA          G=DGROUP  M=ID_IN.C    ACBP=48
 3BE9:30D0 015B C=DATA   S=_DATA          G=DGROUP  M=ID_MM.C    ACBP=48
 3BE9:322C 0490 C=DATA   S=_DATA          G=DGROUP  M=ID_PM.C    ACBP=48
 3BE9:36BC 0265 C=DATA   S=_DATA          G=DGROUP  M=ID_SD.C    ACBP=48
 3BE9:3922 0104 C=DATA   S=_DATA          G=DGROUP  M=ID_SD_A.ASM ACBP=48
 3BE9:3A26 02B9 C=DATA   S=_DATA          G=DGROUP  M=ID_US_1.C  ACBP=48
 3BE9:3CE0 0000 C=DATA   S=_DATA          G=DGROUP  M=ID_US_A.ASM ACBP=48
 3BE9:3CE0 0097 C=DATA   S=_DATA          G=DGROUP  M=ID_VL.C    ACBP=48
 3BE9:3D78 0300 C=DATA   S=_DATA          G=DGROUP  M=GAMEPAL.BIN  ACBP=48
 3BE9:4078 0029 C=DATA   S=_DATA          G=DGROUP  M=ID_VH.C    ACBP=48
 3BE9:40A2 0002 C=DATA   S=_DATA          G=DGROUP  M=ID_VL_A.ASM ACBP=48
 3BE9:40A4 0000 C=DATA   S=_DATA          G=DGROUP  M=ID_VH_A.ASM ACBP=48
 3BE9:40B0 0002 C=DATA   S=_DATA          G=DGROUP  M=FPINIT     ACBP=68
 3BE9:40C0 0000 C=DATA   S=_DATA          G=DGROUP  M=E87TRAP    ACBP=68
 3BE9:40C0 0003 C=DATA   S=_DATA          G=DGROUP  M=PROTFLAG   ACBP=48
 3BE9:40C4 0002 C=DATA   S=_DATA          G=DGROUP  M=DEFLT87    ACBP=48
 3BE9:40C6 0000 C=DATA   S=_DATA          G=DGROUP  M=ATAN       ACBP=48
 3BE9:40C6 0024 C=DATA   S=_DATA          G=DGROUP  M=HUGEVAL    ACBP=48
 3BE9:40EA 0000 C=DATA   S=_DATA          G=DGROUP  M=LDTRUNC    ACBP=48
 3BE9:40EA 0037 C=DATA   S=_DATA          G=DGROUP  M=MATHWHY    ACBP=48
 3BE9:4122 0000 C=DATA   S=_DATA          G=DGROUP  M=REALCVT    ACBP=48
 3BE9:4122 0018 C=DATA   S=_DATA          G=DGROUP  M=SCANTOD    ACBP=48
 3BE9:413A 0000 C=DATA   S=_DATA          G=DGROUP  M=XCVT       ACBP=48
 3BE9:413A 008C C=DATA   S=_DATA          G=DGROUP  M=FPERR      ACBP=48
 3BE9:41C6 0080 C=DATA   S=_DATA          G=DGROUP  M=_POW10     ACBP=48
 3BE9:4246 0000 C=DATA   S=_DATA          G=DGROUP  M=POW10D     ACBP=48
 3BE9:4246 0000 C=DATA   S=_DATA          G=DGROUP  M=MATHERR    ACBP=48
 3BE9:4246 000C C=DATA   S=_DATA          G=DGROUP  M=SIN        ACBP=48
 3BE9:4252 000C C=DATA   S=_DATA          G=DGROUP  M=TAN        ACBP=48
 3BE9:425E 000E C=DATA   S=_DATA          G=DGROUP  M=_MATHERR   ACBP=48
 3BE9:426C 0018 C=DATA   S=_DATA          G=DGROUP  M=ATAN2      ACBP=48
 3BE9:4290 0110 C=DATA   S=_DATA          G=DGROUP  M=EMUVARS    ACBP=68
 3BE9:43A0 0000 C=DATA   S=_DATA          G=DGROUP  M=FFTOL      ACBP=48
 3BE9:43A0 0002 C=DATA   S=_DATA          G=DGROUP  M=ATEXIT     ACBP=48
 3BE9:43A2 0101 C=DATA   S=_DATA          G=DGROUP  M=CTYPE      ACBP=48
 3BE9:44A4 0000 C=DATA   S=_DATA          G=DGROUP  M=DOSDFREE   ACBP=48
 3BE9:44A4 0000 C=DATA   S=_DATA          G=DGROUP  M=DOSFATTR   ACBP=48
 3BE9:44A4 0000 C=DATA   S=_DATA          G=DGROUP  M=DOSGDATE   ACBP=48
 3BE9:44A4 0000 C=DATA   S=_DATA          G=DGROUP  M=DOSWRITE   ACBP=48
 3BE9:44A4 000C C=DATA   S=_DATA          G=DGROUP  M=EXIT       ACBP=48
 3BE9:44B0 0140 C=DATA   S=_DATA          G=DGROUP  M=FILES      ACBP=48
 3BE9:45F0 002A C=DATA   S=_DATA          G=DGROUP  M=FILES2     ACBP=48
 3BE9:461A 0004 C=DATA   S=_DATA          G=DGROUP  M=FMODE      ACBP=48
 3BE9:461E 0002 C=DATA   S=_DATA          G=DGROUP  M=FPSTKLEN   ACBP=48
 3BE9:4620 0000 C=DATA   S=_DATA          G=DGROUP  M=F_PCMP     ACBP=48
 3BE9:4620 0000 C=DATA   S=_DATA          G=DGROUP  M=F_SCOPY    ACBP=48
 3BE9:4620 0000 C=DATA   S=_DATA          G=DGROUP  M=GETVECT    ACBP=48
 3BE9:4620 0002 C=DATA   S=_DATA          G=DGROUP  M=HEAPLEN    ACBP=48
 3BE9:4622 0000 C=DATA   S=_DATA          G=DGROUP  M=H_LLSH     ACBP=48
 3BE9:4622 0000 C=DATA   S=_DATA          G=DGROUP  M=H_PADA     ACBP=48
 3BE9:4622 0000 C=DATA   S=_DATA          G=DGROUP  M=H_PADD     ACBP=48
 3BE9:4622 0000 C=DATA   S=_DATA          G=DGROUP  M=H_PSBP     ACBP=48
 3BE9:4622 0000 C=DATA   S=_DATA          G=DGROUP  M=H_SPUSH    ACBP=48
 3BE9:4622 005B C=DATA   S=_DATA          G=DGROUP  M=IOERROR    ACBP=48
 3BE9:467E 0000 C=DATA   S=_DATA          G=DGROUP  M=ISATTY     ACBP=48
 3BE9:467E 0000 C=DATA   S=_DATA          G=DGROUP  M=LONGTOA    ACBP=48
 3BE9:467E 0000 C=DATA   S=_DATA          G=DGROUP  M=LSEEK      ACBP=48
 3BE9:467E 0009 C=DATA   S=_DATA          G=DGROUP  M=MKNAME     ACBP=48
 3BE9:4688 0000 C=DATA   S=_DATA          G=DGROUP  M=N_PCMP     ACBP=48
 3BE9:4688 0000 C=DATA   S=_DATA          G=DGROUP  M=READA      ACBP=48
 3BE9:4688 0000 C=DATA   S=_DATA          G=DGROUP  M=SCANTOL    ACBP=48
 3BE9:4688 0000 C=DATA   S=_DATA          G=DGROUP  M=SETUPIO    ACBP=48
 3BE9:4688 0000 C=DATA   S=_DATA          G=DGROUP  M=SIGDATA    ACBP=48
 3BE9:4688 0002 C=DATA   S=_DATA          G=DGROUP  M=STKLEN     ACBP=48
 3BE9:468A 0000 C=DATA   S=_DATA          G=DGROUP  M=TOLOWER    ACBP=48
 3BE9:468A 0000 C=DATA   S=_DATA          G=DGROUP  M=TOUPPER    ACBP=48
 3BE9:468A 0000 C=DATA   S=_DATA          G=DGROUP  M=UNLINK     ACBP=48
 3BE9:468A 0067 C=DATA   S=_DATA          G=DGROUP  M=VPRINTER   ACBP=48
 3BE9:46F2 0000 C=DATA   S=_DATA          G=DGROUP  M=VRAM       ACBP=48
 3BE9:46F2 0000 C=DATA   S=_DATA          G=DGROUP  M=XCLOSE     ACBP=48
 3BE9:46F2 0000 C=DATA   S=_DATA          G=DGROUP  M=_STPCPY    ACBP=48
 3BE9:46F2 0000 C=DATA   S=_DATA          G=DGROUP  M=BIOSKEY    ACBP=48
 3BE9:46F2 0000 C=DATA   S=_DATA          G=DGROUP  M=BRK        ACBP=48
 3BE9:46F2 0000 C=DATA   S=_DATA          G=DGROUP  M=CLRSCR     ACBP=48
 3BE9:46F2 0000 C=DATA   S=_DATA          G=DGROUP  M=CORELEFT   ACBP=48
 3BE9:46F2 0018 C=DATA   S=_DATA          G=DGROUP  M=CRTINIT    ACBP=48
 3BE9:470A 0031 C=DATA   S=_DATA          G=DGROUP  M=CVTFAK     ACBP=48
 3BE9:473C 0000 C=DATA   S=_DATA          G=DGROUP  M=FARHEAP    ACBP=48
 3BE9:473C 0002 C=DATA   S=_DATA          G=DGROUP  M=FBRK       ACBP=48
 3BE9:473E 0000 C=DATA   S=_DATA          G=DGROUP  M=FCORELFT   ACBP=48
 3BE9:473E 0000 C=DATA   S=_DATA          G=DGROUP  M=GOTOXY     ACBP=48
 3BE9:473E 0000 C=DATA   S=_DATA          G=DGROUP  M=GPTEXT     ACBP=48
 3BE9:473E 0000 C=DATA   S=_DATA          G=DGROUP  M=HARD       ACBP=48
 3BE9:473E 0000 C=DATA   S=_DATA          G=DGROUP  M=HARDERR    ACBP=48
 3BE9:473E 0000 C=DATA   S=_DATA          G=DGROUP  M=IOCTL      ACBP=48
 3BE9:473E 0000 C=DATA   S=_DATA          G=DGROUP  M=MOVETEXT   ACBP=48
 3BE9:473E 0006 C=DATA   S=_DATA          G=DGROUP  M=NEARHEAP   ACBP=48
 3BE9:4744 0000 C=DATA   S=_DATA          G=DGROUP  M=REALCVT    ACBP=48
 3BE9:4744 0000 C=DATA   S=_DATA          G=DGROUP  M=SCREEN     ACBP=48
 3BE9:4744 0000 C=DATA   S=_DATA          G=DGROUP  M=SCROLL     ACBP=48
 3BE9:4744 000E C=DATA   S=_DATA          G=DGROUP  M=SETARGV    ACBP=48
 3BE9:4752 0000 C=DATA   S=_DATA          G=DGROUP  M=SETBLOCK   ACBP=48
 3BE9:4752 0002 C=DATA   S=_DATA          G=DGROUP  M=SETENVP    ACBP=48
 3BE9:4754 0000 C=DATA   S=_DATA          G=DGROUP  M=WHEREXY    ACBP=48
 3BE9:4754 0000 C=DATA   S=_DATA          G=DGROUP  M=ATOL       ACBP=48
 3BE9:4754 0000 C=DATA   S=_DATA          G=DGROUP  M=BDOS       ACBP=48
 3BE9:4754 0000 C=DATA   S=_DATA          G=DGROUP  M=CHMODA     ACBP=48
 3BE9:4754 0000 C=DATA   S=_DATA          G=DGROUP  M=CLOSE      ACBP=48
 3BE9:4754 0000 C=DATA   S=_DATA          G=DGROUP  M=CLOSEA     ACBP=48
 3BE9:4754 0000 C=DATA   S=_DATA          G=DGROUP  M=CREAT      ACBP=48
 3BE9:4754 0000 C=DATA   S=_DATA          G=DGROUP  M=FCLOSE     ACBP=48
 3BE9:4754 0000 C=DATA   S=_DATA          G=DGROUP  M=FFLUSH     ACBP=48
 3BE9:4754 0000 C=DATA   S=_DATA          G=DGROUP  M=FINDFIRS   ACBP=48
 3BE9:4754 0000 C=DATA   S=_DATA          G=DGROUP  M=FLENGTH    ACBP=48
 3BE9:4754 0000 C=DATA   S=_DATA          G=DGROUP  M=FLUSHALL   ACBP=48
 3BE9:4754 0000 C=DATA   S=_DATA          G=DGROUP  M=FOPEN      ACBP=48
 3BE9:4754 0000 C=DATA   S=_DATA          G=DGROUP  M=FPRINTF    ACBP=48
 3BE9:4754 0000 C=DATA   S=_DATA          G=DGROUP  M=FSEEK      ACBP=48
 3BE9:4754 0000 C=DATA   S=_DATA          G=DGROUP  M=GETENV     ACBP=48
 3BE9:4754 0000 C=DATA   S=_DATA          G=DGROUP  M=LTOA1      ACBP=48
 3BE9:4754 0000 C=DATA   S=_DATA          G=DGROUP  M=MEMCPY     ACBP=48
 3BE9:4754 0000 C=DATA   S=_DATA          G=DGROUP  M=MOVEDATA   ACBP=48
 3BE9:4754 0000 C=DATA   S=_DATA          G=DGROUP  M=OPEN       ACBP=48
 3BE9:4754 0000 C=DATA   S=_DATA          G=DGROUP  M=OPENA      ACBP=48
 3BE9:4754 0000 C=DATA   S=_DATA          G=DGROUP  M=PRINTF     ACBP=48
 3BE9:4754 0001 C=DATA   S=_DATA          G=DGROUP  M=PUTC       ACBP=48
 3BE9:4756 0000 C=DATA   S=_DATA          G=DGROUP  M=PUTS       ACBP=48
 3BE9:4756 0000 C=DATA   S=_DATA          G=DGROUP  M=READ       ACBP=48
 3BE9:4756 0000 C=DATA   S=_DATA          G=DGROUP  M=READU      ACBP=48
 3BE9:4756 0004 C=DATA   S=_DATA          G=DGROUP  M=SETVBUF    ACBP=48
 3BE9:475A 0000 C=DATA   S=_DATA          G=DGROUP  M=SPRINTF    ACBP=48
 3BE9:475A 0000 C=DATA   S=_DATA          G=DGROUP  M=STRCAT     ACBP=48
 3BE9:475A 0000 C=DATA   S=_DATA          G=DGROUP  M=STRLEN     ACBP=48
 3BE9:475A 0000 C=DATA   S=_DATA          G=DGROUP  M=STRTOL     ACBP=48
 3BE9:475A 0000 C=DATA   S=_DATA          G=DGROUP  M=WRITE      ACBP=48
 3BE9:475A 0000 C=DATA   S=_DATA          G=DGROUP  M=WRITEA     ACBP=48
 3BE9:475A 0000 C=DATA   S=_DATA          G=DGROUP  M=WRITEU     ACBP=48
 3BE9:475A 0000 C=DATA   S=_DATA          G=DGROUP  M=XFCLOSE    ACBP=48
 3BE9:475A 0000 C=DATA   S=_DATA          G=DGROUP  M=XFFLUSH    ACBP=48
 3BE9:475A 0000 C=DATA   S=_DATA          G=DGROUP  M=FMEMCMP    ACBP=48
 3BE9:475A 0000 C=DATA   S=_DATA          G=DGROUP  M=FMEMCPY    ACBP=48
 3BE9:475A 0000 C=DATA   S=_DATA          G=DGROUP  M=FMEMSET    ACBP=48
 3BE9:475A 0000 C=DATA   S=_DATA          G=DGROUP  M=FSTRCPY    ACBP=48
 3BE9:475A 0000 C=DATA   S=_DATA          G=DGROUP  M=FSTRICMP   ACBP=48
 3BE9:475A 0000 C=DATA   S=_DATA          G=DGROUP  M=FSTRLEN    ACBP=48
 3BE9:475A 0000 C=DATA   S=_CVTSEG        G=DGROUP  M=c0.ASM     ACBP=48
 3BE9:475A 0002 C=DATA   S=_CVTSEG        G=DGROUP  M=REALCVT    ACBP=48
 3BE9:475C 0002 C=DATA   S=_CVTSEG        G=DGROUP  M=CVTFAK     ACBP=48
 3BE9:475E 0000 C=DATA   S=_CVTSEG        G=DGROUP  M=REALCVT    ACBP=48
 3BE9:475E 0000 C=DATA   S=_SCNSEG        G=DGROUP  M=c0.ASM     ACBP=48
 3BE9:475E 0006 C=DATA   S=_SCNSEG        G=DGROUP  M=SCANTOD    ACBP=48
 3BE9:4764 0006 C=DATA   S=_SCNSEG        G=DGROUP  M=CVTFAK     ACBP=48
 3BE9:476A 0000 C=CONST  S=_CONST         G=DGROUP  M=c0.ASM     ACBP=48
 3BE9:476A 0000 C=INITDATA S=_INIT_         G=DGROUP  M=c0.ASM     ACBP=48
 3BE9:476A 0006 C=INITDATA S=_INIT_         G=DGROUP  M=FPINIT     ACBP=48
 3BE9:4770 0006 C=INITDATA S=_INIT_         G=DGROUP  M=SETUPIO    ACBP=48
 3BE9:4776 0006 C=INITDATA S=_INIT_         G=DGROUP  M=CRTINIT    ACBP=48
 3BE9:477C 0006 C=INITDATA S=_INIT_         G=DGROUP  M=SETARGV    ACBP=48
 3BE9:4782 0006 C=INITDATA S=_INIT_         G=DGROUP  M=SETENVP    ACBP=48
 3BE9:4788 0000 C=INITDATA S=_INITEND_      G=DGROUP  M=c0.ASM     ACBP=28
 3BE9:4788 0000 C=EXITDATA S=_EXIT_         G=DGROUP  M=c0.ASM     ACBP=48
 3BE9:4788 0006 C=EXITDATA S=_EXIT_         G=DGROUP  M=FPINIT     ACBP=48
 3BE9:478E 0000 C=EXITDATA S=_EXITEND_      G=DGROUP  M=c0.ASM     ACBP=28
 3BE9:478E 0000 C=BSS    S=_BSS           G=DGROUP  M=c0.ASM     ACBP=48
 3BE9:478E 0000 C=BSS    S=_BSS           G=DGROUP  M=QUEUE.C    ACBP=48
 3BE9:478E 0000 C=BSS    S=_BSS           G=DGROUP  M=UTIL.C     ACBP=48
 3BE9:478E 0008 C=BSS    S=_BSS           G=DGROUP  M=BOT.C      ACBP=48
 3BE9:4796 0002 C=BSS    S=_BSS           G=DGROUP  M=WL_MAIN.C  ACBP=48
 3BE9:4798 0000 C=BSS    S=_BSS           G=DGROUP  M=WL_TEXT.C  ACBP=48
 3BE9:4798 0002 C=BSS    S=_BSS           G=DGROUP  M=WL_MENU.C  ACBP=48
 3BE9:479A 0000 C=BSS    S=_BSS           G=DGROUP  M=WL_INTER.C ACBP=48
 3BE9:479A 0000 C=BSS    S=_BSS           G=DGROUP  M=WL_GAME.C  ACBP=48
 3BE9:479A 0000 C=BSS    S=_BSS           G=DGROUP  M=WL_PLAY.C  ACBP=48
 3BE9:479A 000A C=BSS    S=_BSS           G=DGROUP  M=WL_DEBUG.C ACBP=48
 3BE9:47A4 0000 C=BSS    S=_BSS           G=DGROUP  M=WL_DRAW.C  ACBP=48
 3BE9:47A4 0004 C=BSS    S=_BSS           G=DGROUP  M=WL_SCALE.C ACBP=48
 3BE9:47A8 0000 C=BSS    S=_BSS           G=DGROUP  M=WL_STATE.C ACBP=48
 3BE9:47A8 0000 C=BSS    S=_BSS           G=DGROUP  M=WL_AGENT.C ACBP=48
 3BE9:47A8 0000 C=BSS    S=_BSS           G=DGROUP  M=WL_ACT1.C  ACBP=48
 3BE9:47A8 0000 C=BSS    S=_BSS           G=DGROUP  M=WL_ACT2.C  ACBP=48
 3BE9:47A8 0000 C=BSS    S=_BSS           G=DGROUP  M=ID_CA.C    ACBP=48
 3BE9:47A8 0014 C=BSS    S=_BSS           G=DGROUP  M=ID_IN.C    ACBP=48
 3BE9:47BC 0000 C=BSS    S=_BSS           G=DGROUP  M=ID_MM.C    ACBP=48
 3BE9:47BC 0000 C=BSS    S=_BSS           G=DGROUP  M=ID_PM.C    ACBP=48
 3BE9:47BC 0180 C=BSS    S=_BSS           G=DGROUP  M=ID_SD.C    ACBP=48
 3BE9:493C 0030 C=BSS    S=_BSS           G=DGROUP  M=ID_US_1.C  ACBP=48
 3BE9:496C 0000 C=BSS    S=_BSS           G=DGROUP  M=ID_VL.C    ACBP=48
 3BE9:496C 0000 C=BSS    S=_BSS           G=DGROUP  M=ID_VH.C    ACBP=48
 3BE9:496C 0000 C=BSS    S=_BSS           G=DGROUP  M=ATAN       ACBP=48
 3BE9:496C 0000 C=BSS    S=_BSS           G=DGROUP  M=LDTRUNC    ACBP=48
 3BE9:496C 0000 C=BSS    S=_BSS           G=DGROUP  M=REALCVT    ACBP=48
 3BE9:496C 0000 C=BSS    S=_BSS           G=DGROUP  M=SCANTOD    ACBP=48
 3BE9:496C 0000 C=BSS    S=_BSS           G=DGROUP  M=XCVT       ACBP=48
 3BE9:496C 0000 C=BSS    S=_BSS           G=DGROUP  M=_POW10     ACBP=48
 3BE9:496C 0000 C=BSS    S=_BSS           G=DGROUP  M=SIN        ACBP=48
 3BE9:496C 0000 C=BSS    S=_BSS           G=DGROUP  M=TAN        ACBP=48
 3BE9:496C 0000 C=BSS    S=_BSS           G=DGROUP  M=ATAN2      ACBP=48
 3BE9:496C 0080 C=BSS    S=_BSS           G=DGROUP  M=ATEXIT     ACBP=48
 3BE9:49EC 0000 C=BSS    S=_BSS           G=DGROUP  M=DOSFATTR   ACBP=48
 3BE9:49EC 0000 C=BSS    S=_BSS           G=DGROUP  M=DOSWRITE   ACBP=48
 3BE9:49EC 0000 C=BSS    S=_BSS           G=DGROUP  M=GETVECT    ACBP=48
 3BE9:49EC 0000 C=BSS    S=_BSS           G=DGROUP  M=IOERROR    ACBP=48
 3BE9:49EC 0000 C=BSS    S=_BSS           G=DGROUP  M=ISATTY     ACBP=48
 3BE9:49EC 0000 C=BSS    S=_BSS           G=DGROUP  M=LONGTOA    ACBP=48
 3BE9:49EC 0000 C=BSS    S=_BSS           G=DGROUP  M=LSEEK      ACBP=48
 3BE9:49EC 000D C=BSS    S=_BSS           G=DGROUP  M=MKNAME     ACBP=48
 3BE9:49FA 0000 C=BSS    S=_BSS           G=DGROUP  M=READA      ACBP=48
 3BE9:49FA 0000 C=BSS    S=_BSS           G=DGROUP  M=SCANTOL    ACBP=48
 3BE9:49FA 0000 C=BSS    S=_BSS           G=DGROUP  M=SETUPIO    ACBP=48
 3BE9:49FA 0004 C=BSS    S=_BSS           G=DGROUP  M=SIGDATA    ACBP=48
 3BE9:49FE 0000 C=BSS    S=_BSS           G=DGROUP  M=UNLINK     ACBP=48
 3BE9:49FE 0000 C=BSS    S=_BSS           G=DGROUP  M=VPRINTER   ACBP=48
 3BE9:49FE 0000 C=BSS    S=_BSS           G=DGROUP  M=VRAM       ACBP=48
 3BE9:49FE 0000 C=BSS    S=_BSS           G=DGROUP  M=BIOSKEY    ACBP=48
 3BE9:49FE 0000 C=BSS    S=_BSS           G=DGROUP  M=BRK        ACBP=48
 3BE9:49FE 0000 C=BSS    S=_BSS           G=DGROUP  M=CORELEFT   ACBP=48
 3BE9:49FE 0000 C=BSS    S=_BSS           G=DGROUP  M=CRTINIT    ACBP=48
 3BE9:49FE 000C C=BSS    S=_BSS           G=DGROUP  M=HARDERR    ACBP=48
 3BE9:4A0A 0000 C=BSS    S=_BSS           G=DGROUP  M=IOCTL      ACBP=48
 3BE9:4A0A 0000 C=BSS    S=_BSS           G=DGROUP  M=SETBLOCK   ACBP=48
 3BE9:4A0A 0000 C=BSS    S=_BSS           G=DGROUP  M=ATOL       ACBP=48
 3BE9:4A0A 0000 C=BSS    S=_BSS           G=DGROUP  M=BDOS       ACBP=48
 3BE9:4A0A 0000 C=BSS    S=_BSS           G=DGROUP  M=CHMODA     ACBP=48
 3BE9:4A0A 0000 C=BSS    S=_BSS           G=DGROUP  M=CLOSEA     ACBP=48
 3BE9:4A0A 0000 C=BSS    S=_BSS           G=DGROUP  M=CREAT      ACBP=48
 3BE9:4A0A 0000 C=BSS    S=_BSS           G=DGROUP  M=FINDFIRS   ACBP=48
 3BE9:4A0A 0000 C=BSS    S=_BSS           G=DGROUP  M=FLENGTH    ACBP=48
 3BE9:4A0A 0000 C=BSS    S=_BSS           G=DGROUP  M=GETENV     ACBP=48
 3BE9:4A0A 0000 C=BSS    S=_BSS           G=DGROUP  M=MEMCPY     ACBP=48
 3BE9:4A0A 0000 C=BSS    S=_BSS           G=DGROUP  M=MOVEDATA   ACBP=48
 3BE9:4A0A 0000 C=BSS    S=_BSS           G=DGROUP  M=OPEN       ACBP=48
 3BE9:4A0A 0000 C=BSS    S=_BSS           G=DGROUP  M=OPENA      ACBP=48
 3BE9:4A0A 0001 C=BSS    S=_BSS           G=DGROUP  M=PUTC       ACBP=48
 3BE9:4A0C 0000 C=BSS    S=_BSS           G=DGROUP  M=READ       ACBP=48
 3BE9:4A0C 0000 C=BSS    S=_BSS           G=DGROUP  M=STRCAT     ACBP=48
 3BE9:4A0C 0000 C=BSS    S=_BSS           G=DGROUP  M=STRLEN     ACBP=48
 3BE9:4A0C 0000 C=BSS    S=_BSS           G=DGROUP  M=WRITEA     ACBP=48
 3BE9:4A0C 0000 C=BSS    S=_BSS           G=DGROUP  M=FMEMCMP    ACBP=48
 3BE9:4A0C 0000 C=BSS    S=_BSS           G=DGROUP  M=FMEMCPY    ACBP=48
 3BE9:4A0C 0000 C=BSS    S=_BSS           G=DGROUP  M=FMEMSET    ACBP=48
 3BE9:4A0C 0000 C=BSS    S=_BSS           G=DGROUP  M=FSTRCPY    ACBP=48
 3BE9:4A0C 0000 C=BSS    S=_BSS           G=DGROUP  M=FSTRICMP   ACBP=48
 3BE9:4A0C 0000 C=BSS    S=_BSS           G=DGROUP  M=FSTRLEN    ACBP=48
 3BE9:4A0C 9F81 C=BSS    S=_COMDEF_       G=DGROUP  M=QUEUE.C    ACBP=48
 3BE9:E98D 0000 C=BSSEND S=_BSSEND        G=DGROUP  M=c0.ASM     ACBP=28
 4A82:0000 0080 C=STACK  S=_STACK         G=(none)  M=c0.ASM     ACBP=74

  Address         Publics by Name

 3BE9:0000 idle  DATASEG@
 0000:02C4 idle  DGROUP@
 1DE9:2152       e086_Entry
 1DE9:26E0       e086_Shortcut
 2061:0306       e087_Entry
 2061:03C6       e087_Shortcut
 2061:0430       e087_Trap
 0000:FE32 idle  FIARQQ
 0000:0E32 idle  FICRQQ
 0000:5C32  Abs  FIDRQQ
 0000:1632  Abs  FIERQQ
 0000:0632 idle  FISRQQ
 0000:A23D  Abs  FIWRQQ
 0000:4000 idle  FJARQQ
 0000:C000 idle  FJCRQQ
 0000:8000 idle  FJSRQQ
 0000:114C idle  FTOL@
 0000:114C       F_FTOL@
 0000:02CB       F_LDIV@
 0000:02F2 idle  F_LMOD@
 0000:02EA idle  F_LUDIV@
 0000:02FA idle  F_LUMOD@
 0000:135B idle  F_LXLSH@
 0000:137C       F_PADA@
 0000:1404       F_PADD@
 0000:12FB       F_PCMP@
 0000:13C0       F_PSBA@
 0000:1464       F_PSBP@
 0000:1433 idle  F_PSUB@
 0000:131C       F_SCOPY@
 0000:148F       F_SPUSH@
 0000:02CB       LDIV@
 0000:02F2 idle  LMOD@
 0000:02EA idle  LUDIV@
 0000:02FA idle  LUMOD@
 0000:135B idle  LXLSH@
 0000:02C8 idle  N_LDIV@
 0000:02EF idle  N_LMOD@
 0000:02E7 idle  N_LUDIV@
 0000:02F7 idle  N_LUMOD@
 0000:1358       N_LXLSH@
 0000:1379 idle  N_PADA@
 0000:1401       N_PADD@
 0000:1651       N_PCMP@
 0000:13BD idle  N_PSBA@
 0000:1461       N_PSBP@
 0000:1430 idle  N_PSUB@
 0000:1489 idle  N_SPUSH@
 0000:137C idle  PADA@
 0000:1404 idle  PADD@
 0000:12FB idle  PCMP@
 0000:13C0 idle  PSBA@
 0000:1464 idle  PSBP@
 0000:1433 idle  PSUB@
 0000:131C idle  SCOPY@
 0000:148F idle  SPUSH@
 0000:02AD       _abort
 3BE9:E7EF       _abortprogram
 3BE9:4A2A       _actorat
 3BE9:B6C9       _AdLibPresent
 3BE9:2FAF idle  _afilename
 3BE9:E28E       _aftersort
 3BE9:2FA5 idle  _aheadname
 3BE9:E490       _alBlock
 3BE9:E48C       _alLengthLeft
 3BE9:E496       _alNoCheck
 19E9:0C7C       _alOut
 3BE9:E492       _alSound
 3BE9:E488       _alTimeCount
 3BE9:E478       _alZeroInst
 3BE9:D3A4       _angle
 3BE9:BF78       _anglefrac
 3BE9:ACA2       _areabyplayer
 358A:0000       _areaconnect
 100F:006C       _AsmRefresh
 0000:05FE       _atan
 0000:1091       _atan2
 0000:1178 idle  _atexit
 0000:3242 idle  _atoi
 0000:31D2       _atol
 3BE9:1948 idle  _attackinfo
 3BE9:D9FB       _audiohandle
 3BE9:DA01       _audiohuffman
 3BE9:2F66       _audioname
 3BE9:BADC       _audiosegs
 3BE9:E1F9       _audiostarts
 1419:069D       _A_DeathScream
 1419:10DC idle  _A_HitlerMorph
 1419:115D idle  _A_MechaSound
 1419:1189 idle  _A_Slurpie
 1419:0002 idle  _A_Smoke
 1419:1C90 idle  _A_StartDeathCam
 3BE9:B3DC       _backcolor
 0660:0672 idle  _BackPage
 1054:0004 idle  _BadScale
 0000:324F       _bdos
 3BE9:E292       _beforesort
 0000:1F09       _bioskey
 0AE9:0581 idle  _BJ_Breathe
 3BE9:B3DD       _blockstarts
 3BE9:E274       _bombonerror
 3BE9:BEB2       _bonuscount
 3BE9:E7F3       _bordercolor
 06FC:0263 idle  _BossKey
 045A:07D3       _BotCommand
 045A:000F       _BotMapInit
 0000:1F81 idle  _brk
 3BE9:E206       _btnstate
 3BE9:E989       _bufferheight
 3BE9:B7D6       _bufferofs
 3BE9:E204       _bufferseg
 3BE9:E98B       _bufferwidth
 1054:01C6 idle  _BuildCompScale
 04DE:0C4D idle  _BuildTables
 3BE9:E7ED       _Button0
 3BE9:E7EB       _Button1
 3BE9:BF80       _buttonheld
 3BE9:12AC       _buttonjoy
 3BE9:12A4       _buttonmouse
 3BE9:1294       _buttonscan
 3BE9:4A16       _buttonstate
 0660:069C idle  _CacheLayoutGraphics
 06FC:2E2D       _CacheLump
 0F20:028A idle  _CalcHeight
 04DE:0D94 idle  _CalcProjection
 0F20:09C6 idle  _CalcRotate
 0F20:0CEB       _CalcTics
 06FC:1543 idle  _CalibrateJoystick
 160D:0462 idle  _CAL_CarmackExpand
 160D:0DCC idle  _CAL_ExpandGrChunk
 160D:0086 idle  _CAL_GetGrChunkLength
 160D:0306 idle  _CAL_HuffExpand
 160D:02BB idle  _CAL_OptimizeNodes
 160D:0B3A idle  _CAL_SetupAudioFile
 160D:076F idle  _CAL_SetupGrFile
 160D:098D idle  _CAL_SetupMapFile
 045A:02E0 idle  _CanGoThruLockedDoor
 160D:0CB5       _CA_CacheAudioChunk
 160D:0E87       _CA_CacheGrChunk
 160D:10A3       _CA_CacheMap
 160D:12E4       _CA_CacheMarks
 160D:0FB7       _CA_CacheScreen
 160D:15A4 idle  _CA_CannotOpen
 160D:1269 idle  _CA_ClearAllMarks
 160D:1248 idle  _CA_ClearMarks
 160D:0075 idle  _CA_CloseDebug
 160D:1222       _CA_DownLevel
 160D:00EE       _CA_FarRead
 160D:0135       _CA_FarWrite
 3BE9:B971       _ca_levelbit
 3BE9:E201       _ca_levelnum
 160D:0D4B       _CA_LoadAllSounds
 160D:023E idle  _CA_LoadFile
 160D:0054 idle  _CA_OpenDebug
 160D:017C idle  _CA_ReadFile
 160D:0579 idle  _CA_RLEWCompress
 160D:06BB idle  _CA_RLEWexpand
 160D:12B8       _CA_SetAllPurge
 160D:128C idle  _CA_SetGrPurge
 160D:0C8C       _CA_Shutdown
 160D:0C6B       _CA_Startup
 160D:11E0       _CA_UpLevel
 160D:01EC       _CA_WriteFile
 0D5F:05C3       _CenterWindow
 3BE9:B318       _centerx
 0450:0000       _CentreAngle
 06FC:3D19       _CheckForEpisodes
 0AE9:1222       _CheckHighScore
 04DB:0000       _CheckIs386
 0D5F:05F1 idle  _CheckKeys
 10DD:0F57       _CheckLine
 06FC:3C66 idle  _CheckPause
 1419:1BFA idle  _CheckPosition
 10DD:11C4 idle  _CheckSight
 123C:000F idle  _CheckWeaponChange
 3BE9:D9F7       _chunkcomplen
 3BE9:D9F3       _chunkexplen
 3BE9:D244       _ChunksInFile
 06FC:303C idle  _CleanupControlPanel
 0C2A:0161       _ClearMemory
 06FC:2E12       _ClearMScreen
 0D5F:0C98 idle  _ClearPaletteShifts
 0AE9:0003       _ClearSplitVWB
 123C:08CF idle  _ClipMove
 0000:327A       _close
 134E:0369 idle  _CloseDoor
 123C:0CD5 idle  _ClosestTarget
 0000:1F9D       _clrscr
 123C:0AA2 idle  _Cmd_Fire
 123C:0AF4 idle  _Cmd_Use
 3BE9:0434 idle  _color_hlite
 3BE9:043C idle  _color_norml
 3BE9:CFA4       _compatability
 3BE9:00FA       _configname
 06FC:393C idle  _Confirm
 134E:01B7 idle  _ConnectAreas
 123C:0043 idle  _ControlMovement
 3BE9:E222       _Controls
 3BE9:4A28       _controlx
 3BE9:4A26       _controly
 0000:1FC6       _coreleft
 3BE9:16B0       _costable
 0E6E:00C4 idle  _CountObjects
 06FC:29B8 idle  _CP_ChangeView
 06FC:02AD idle  _CP_CheckQuick
 06FC:176E idle  _CP_Control
 06FC:07B9 idle  _CP_EndGame
 06FC:0F2C idle  _CP_LoadGame
 06FC:0870 idle  _CP_NewGame
 06FC:2BB0 idle  _CP_Quit
 06FC:1214 idle  _CP_SaveGame
 06FC:0B18 idle  _CP_Sound
 06FC:080F       _CP_ViewScores
 0000:32D9       _creat
 3BE9:040C idle  _CtlItems
 2164:0000 idle  _CtlMenu
 3BE9:E7E9       _CursorBad
 3BE9:E7E7       _CursorX
 3BE9:E7E5       _CursorY
 3BE9:0416 idle  _CusItems
 21B7:0000 idle  _CusMenu
 06FC:1D68 idle  _CustomControls
 10DD:0E5C       _DamageActor
 3BE9:BEB4       _damagecount
 3BE9:E1FD       _debughandle
 0E6E:0789       _DebugKeys
 0E6E:0000 idle  _DebugMemory
 3BE9:BF74       _DebugOk
 06FC:1E47 idle  _DefineJoyBtns
 06FC:1E83 idle  _DefineKeyBtns
 06FC:1EBF idle  _DefineKeyMove
 06FC:1E0B idle  _DefineMouseBtns
 3BE9:E220       _DemoBuffer
 3BE9:BD44       _demobuffer
 04DE:15E5 idle  _DemoLoop
 3BE9:307A idle  _DemoMode
 3BE9:1220       _demoname
 3BE9:E21E       _DemoOffset
 3BE9:BD4E       _demoplayback
 3BE9:BD4A       _demoptr
 3BE9:BD50       _demorecord
 3BE9:E21C       _DemoSize
 3BE9:4A12       _destination
 3BE9:183A idle  _diagonal
 0C2A:0F47 idle  _Died
 3BE9:E6B3       _DigiLastEnd
 3BE9:E6B5       _DigiLastStart
 3BE9:E6B9       _DigiLeft
 3BE9:CFA8       _DigiList
 3BE9:B611       _DigiMap
 3BE9:B6C1       _DigiMode
 3BE9:E6CD       _DigiNumber
 3BE9:E6B7       _DigiPage
 3BE9:E6E5       _DigiPlaying
 3BE9:E6C9       _DigiPriority
 3BE9:00E8       _dirangle
 0450:0023       _DirAngle
 3BE9:4701       _directvideo
 3BE9:128C       _dirscan
 3BE9:1B54 idle  _dirtable
 04DE:03B9 idle  _DiskFlopAnim
 3BE9:B7D4       _displayofs
 0D5F:0DDC idle  _DoActor
 04DE:03E8 idle  _DoChecksum
 045A:05AD idle  _DoCombatAI
 04DE:1078 idle  _DoJukebox
 045A:063E idle  _DoNonCombatAI
 134E:079E idle  _DoorClosing
 3BE9:D23A       _doornum
 3BE9:7A2A       _doorobjlist
 134E:0617 idle  _DoorOpen
 134E:0645 idle  _DoorOpening
 3BE9:ACEC       _doorposition
 0C2A:09D8       _DrawAllPlayBorder
 0C2A:09A8       _DrawAllPlayBorderSides
 123C:04D6       _DrawAmmo
 06FC:2B2F idle  _DrawChangeView
 06FC:1B9B idle  _DrawCtlScreen
 06FC:288A idle  _DrawCustJoy
 06FC:291E idle  _DrawCustKeybd
 06FC:2986 idle  _DrawCustKeys
 06FC:27E3 idle  _DrawCustMouse
 06FC:24C7 idle  _DrawCustomScreen
 123C:01D9       _DrawFace
 06FC:35C9 idle  _DrawGun
 06FC:3594 idle  _DrawHalfStep
 123C:0306       _DrawHealth
 0AE9:104C       _DrawHighScores
 123C:0458       _DrawKeys
 123C:03A2       _DrawLevel
 123C:03C0       _DrawLives
 06FC:10DA idle  _DrawLoadSaveScreen
 06FC:0EA6 idle  _DrawLSAction
 06FC:01BE idle  _DrawMainMenu
 06FC:36AF       _DrawMenu
 06FC:3CA6 idle  _DrawMenuGun
 06FC:1876 idle  _DrawMouseSens
 06FC:09BE idle  _DrawNewEpisode
 06FC:0A6F idle  _DrawNewGame
 06FC:0AFE idle  _DrawNewGameDiff
 06FC:2EC3 idle  _DrawOutline
 0C2A:0A09       _DrawPlayBorder
 0C2A:091C idle  _DrawPlayBorderSides
 0F20:0C55 idle  _DrawPlayerWeapon
 0C2A:0AD6       _DrawPlayScreen
 0F20:0A42 idle  _DrawScaleds
 123C:03FA       _DrawScore
 06FC:0CAA idle  _DrawSoundMenu
 06FC:3CD9       _DrawStripes
 123C:043F       _DrawWeapon
 06FC:2E8B       _DrawWindow
 10DD:0B18 idle  _DropItem
 3BE9:BEB8       _dummyobj
 3BE9:0E90 idle  _ElevatorBackTo
 3BE9:3246 idle  _EMMDriverName
 3BE9:E2D0       _EMSAvail
 3BE9:E2CE       _EMSHandle
 3BE9:E2B2       _EMSList
 3BE9:E2CC       _EMSPageFrame
 3BE9:BD1C       _EMSPagesAvail
 3BE9:E2A0       _EMSPagesUsed
 3BE9:E2CA       _EMSPhysicalPage
 3BE9:BD20       _EMSPresent
 3BE9:034C idle  _endextern
 3BE9:035D       _endfilename
 20FF:0000 idle  _endStrings
 0660:091E       _EndText
 045A:001A idle  _EnemyVisible
 06FC:1EFB idle  _EnterCtrlData
 3BE9:4752       _environ
 3BE9:0444 idle  _EpisodeSelect
 06FC:351B idle  _EraseGun
 3BE9:0094       _errno
 0000:12C0       _exit
 3BE9:BAD7       _extension
 3BE9:BF90       _extravbls
 3BE9:BF76       _facecount
 0000:26F7       _farcoreleft
 0000:22D6       _farfree
 3BE9:E288       _farheap
 0000:23E0       _farmalloc
 3BE9:AFFE       _farmapylookup
 0000:253D idle  _farrealloc
 0F20:037A       _FarScalePost
 3BE9:D246       _farthest
 3BE9:E7F1       _fastpalette
 0000:334B       _fclose
 0000:33CC       _fflush
 0000:34AD       _filelength
 0000:344D       _findfirst
 0000:3480       _findnext
 045A:0389 idle  _FindShortestPath
 3651:0000       _finetangent
 0C2A:0BCB idle  _FinishDemoRecord
 0D5F:0DB2       _FinishPaletteShifts
 04DE:0F56 idle  _FinishSignon
 10DD:1286 idle  _FirstSighting
 0F20:000C       _FixedByFrac
 0F20:0D3F       _FixOfs
 06FC:2347 idle  _FixupCustom
 1D11:07AF       _FizzleFade
 3BE9:BD60       _fizzlein
 0000:34EE       _flushall
 3BE9:B320       _focallength
 3BE9:D3AE       _focaltx
 3BE9:D3AC       _focalty
 3BE9:B7D3       _fontcolor
 3BE9:B7D1       _fontnumber
 0000:36A9       _fopen
 0000:36C8       _fprintf
 0000:3B71       _fputc
 0000:3CA7 idle  _fputchar
 3BE9:BF7C       _frameon
 0000:2A50       _free
 3BE9:16A6       _freelatch
 06FC:3BFF       _FreeMusic
 0000:373B       _fseek
 0000:37A3 idle  _ftell
 3BE9:D3BA       _fullscalefarcall
 3BE9:BEAC       _funnyticount
 0C2A:115E       _GameLoop
 3BE9:3D78       _gamepal
 3BE9:E6E9       _Games
 3BE9:AC56       _gamestate
 3BE9:2F87 idle  _gdictname
 123C:053C       _GetBonus
 0000:386A       _getenv
 0D5F:09CB       _GetNewActor
 0000:2790       _gettext
 0000:1338       _getvect
 3BE9:2F7D idle  _gfilename
 3BE9:2F73 idle  _gheadname
 123C:04F2 idle  _GiveAmmo
 123C:03DC idle  _GiveExtraMan
 123C:0527 idle  _GiveKey
 123C:0413       _GivePoints
 123C:04AD       _GiveWeapon
 3BE9:BD30       _globalsoundx
 3BE9:BD2C       _globalsoundy
 3BE9:BF94       _godmode
 3BE9:D9E9       _gotgatgun
 0000:2747       _gotoxy
 160D:000E idle  _GRFILEPOS
 3BE9:D9FF       _grhandle
 3BE9:DDFD       _grhuffman
 3732:0000       _grneeded
 3BE9:B7D8       _grsegs
 3BE9:E1FB       _grstarts
 123C:0DCA idle  _GunAttack
 123C:0D6D       _GunSightTarget
 3BE9:E6DF       _HackCount
 0660:00F5 idle  _HandleCommand
 0660:03B2 idle  _HandleCtrls
 06FC:3054       _HandleMenu
 0660:03D2 idle  _HandleWord
 0000:2838       _harderr
 0000:284A idle  _hardresume
 0000:2858 idle  _hardretn
 123C:037B       _HealSelf
 3BE9:B084       _heightnumerator
 3BE9:034E idle  _helpextern
 3BE9:0350 idle  _helpfilename
 0660:0897 idle  _HelpScreens
 0F20:05B5       _HitHorizDoor
 0F20:07B6       _HitHorizPWall
 0F20:049A       _HitHorizWall
 0F20:06B4       _HitVertDoor
 0F20:088A       _HitVertPWall
 0F20:0382       _HitVertWall
 3BE9:ADEE       _horizwall
 3BE9:BAD2       _ingame
 0D5F:0984       _InitActorList
 134E:01F0       _InitAreas
 04DE:1057 idle  _InitDigiMap
 134E:0218       _InitDoorList
 04DE:1269 idle  _InitGame
 0D5F:0B28       _InitRedShifts
 134E:000F       _InitStaticList
 176D:01DB       _INL_GetJoyDelta
 3BE9:D7D5       _insetupscaling
 06FC:2C39       _IntroScreen
 176D:0AAC       _IN_Ack
 176D:0A53       _IN_CheckAck
 176D:0685       _IN_ClearKeysDown
 176D:060D idle  _IN_Default
 176D:0142       _IN_GetJoyAbs
 176D:033D idle  _IN_GetJoyButtonsDB
 06FC:3C22 idle  _IN_GetScanName
 176D:0B05       _IN_JoyButtons
 176D:0AEE       _IN_MouseButtons
 176D:06A4       _IN_ReadControl
 176D:09BC idle  _IN_SetControlType
 176D:0678 idle  _IN_SetKeyHook
 176D:0488       _IN_SetupJoy
 176D:064C       _IN_Shutdown
 176D:0A04       _IN_StartAck
 176D:056F       _IN_Startup
 176D:0ABD       _IN_UserInput
 176D:09E9       _IN_WaitForASCII
 176D:09CD idle  _IN_WaitForKey
 0000:298C       _ioctl
 3BE9:B324       _IsA386
 0000:14FB       _isatty
 0000:38C9       _itoa
 04DB:0028       _jabhack2
 3BE9:0108 idle  _JHParmStrings
 3BE9:E22A       _JoyDefs
 3BE9:AE74       _joypadenabled
 3BE9:E21A       _JoyPadPresent
 3BE9:B6CB       _JoysPresent
 3BE9:AE76       _joystickenabled
 3BE9:AE70       _joystickport
 3BE9:AE72       _joystickprogressive
 3BE9:3070 idle  _KbdDefs
 3BE9:B6D1       _Keyboard
 10DD:0BAB idle  _KillActor
 3BE9:BD52       _killerobj
 123C:0D22 idle  _KnifeAttack
 3BE9:BAD4       _LastASCII
 3BE9:D9E7       _LastAttacker
 3BE9:BD46       _lastdemoptr
 3BE9:D9EF       _lastdoorobj
 3BE9:D3B2       _lastintercept
 3BE9:CF9A       _lastobj
 3BE9:B96A       _LastScan
 3BE9:D3B6       _lastside
 3BE9:7CAA       _laststatobj
 3BE9:D3B0       _lasttilehit
 3BE9:B974       _lasttimecount
 1D11:063D       _LatchDrawPic
 123C:027F idle  _LatchNumber
 3BE9:BD68       _latchpics
 3BE9:B916       _layoutdone
 3BE9:BD2A       _leftchannel
 3BE9:B944       _leftmargin
 3BE9:3CEA idle  _leftmasks
 3BE9:E6C7       _LeftPosition
 3BE9:105E idle  _lefttable
 0AE9:05D2       _LevelCompleted
 3BE9:B38C       _LevelRatios
 3BE9:D7C9       _linecmds
 3BE9:D7C5       _linescale
 3BE9:E985       _linewidth
 3BE9:B60B       _loadedgame
 1D11:0695       _LoadLatchMem
 04DE:0826       _LoadTheGame
 3BE9:E6BD       _LocalTime
 3BE9:AC98       _logfile
 0000:15A6       _lseek
 3BE9:0402 idle  _LSItems
 219C:0000 idle  _LSMenu
 0000:390B       _ltoa
 3BE9:CF9E       _madenoise
 04DE:17F6       _main
 3BE9:03EE       _MainItems
 3BE9:E39C       _MainMemPages
 3BE9:E2D4       _MainMemUsed
 212C:0000       _MainMenu
 3BE9:E2D2       _MainPagesAvail
 3BE9:E29E       _MainPagesUsed
 3BE9:E464       _MainPresent
 0000:2B1F       _malloc
 3BE9:D9FD       _maphandle
 3BE9:BE30       _mapheaderseg
 3BE9:BD62       _mapheight
 3BE9:1736       _mapmasks1
 3BE9:1756       _mapmasks2
 3BE9:1776       _mapmasks3
 3BE9:BD26       _mapon
 3BE9:CFB0       _maporgx
 3BE9:CFAE       _maporgy
 3BE9:BEA8       _mapsegs
 3BE9:BD64       _mapwidth
 3BE9:BEF4       _mapwidthtable
 3BE9:D7C2       _mask1
 3BE9:D7C1       _mask2
 3BE9:D7C0       _mask3
 3BE9:D7C3       _maskword
 0000:0F3E       _matherr
 3BE9:D7D7       _maxscale
 3BE9:D3B8       _maxscaleshl2
 3BE9:B088       _maxslope
 3BE9:060E idle  _mbarray
 0000:3930       _memcpy
 3BE9:4A10       _menuitems
 06FC:3A4A       _Message
 3BE9:2F9B idle  _mfilename
 3BE9:2F91 idle  _mheadname
 3BE9:D3A6       _midangle
 3BE9:16AC idle  _mindist
 3BE9:B082       _minheightdiv
 397C:0000       _mmblocks
 3BE9:BD24       _mmerror
 3BE9:E27E       _mmfree
 3BE9:E282       _mmhead
 3BE9:B902       _mminfo
 181E:000A idle  _MML_CheckForXMS
 181E:01EE idle  _MML_ClearBlock
 181E:0025 idle  _MML_SetupXMS
 181E:0091 idle  _MML_ShutdownXMS
 181E:00C0       _MML_UseSpace
 3BE9:E276       _mmnew
 3BE9:E27A       _mmrover
 3BE9:E28C       _mmstarted
 181E:0C26       _MM_BombOnError
 181E:0A59 idle  _MM_DumpData
 181E:063B       _MM_FreePtr
 181E:041A       _MM_GetPtr
 181E:0738       _MM_SetLock
 181E:06D3       _MM_SetPurge
 181E:0927 idle  _MM_ShowMemory
 181E:03F5       _MM_Shutdown
 181E:07A1       _MM_SortMem
 181E:0244       _MM_Startup
 181E:0BB6       _MM_TotalFree
 181E:0B5D       _MM_UnusedMemory
 3BE9:B310       _mouseadjustment
 3BE9:E216       _MouseDownCount
 3BE9:AE78       _mouseenabled
 3BE9:B6CF       _MousePresent
 06FC:198F idle  _MouseSensitivity
 0000:394F       _movedata
 134E:08C2       _MoveDoors
 10DD:0969       _MoveObj
 3BE9:063E idle  _moveorder
 134E:0AAF       _MovePWalls
 0000:29B3       _movetext
 04DE:0FF3       _MS_CheckParm
 3BE9:01D0 idle  _MusicItems
 20CF:0000 idle  _MusicMenu
 3BE9:B6BF       _MusicMode
 3BE9:E286       _nearheap
 3BE9:AF7E       _nearmapylookup
 3BE9:E6E1       _NeedsDigitized
 3BE9:E6E7       _NeedsMusic
 3BE9:B07E       _new
 3BE9:0420 idle  _NewEitems
 2174:0000 idle  _NewEmenu
 04DE:036B       _NewGame
 3BE9:042A idle  _NewItems
 0660:0357 idle  _NewLine
 2191:0000 idle  _NewMenu
 10DD:00BC       _NewState
 04DE:14CC       _NewViewSize
 3BE9:E6D9       _nextsoundpos
 3BE9:BF92       _noclip
 0AE9:1352 idle  _NonShareware
 3BE9:B326       _nospr
 3BE9:0208 idle  _nosprtxt
 3BE9:B609       _NoWait
 3BE9:CFAA       _NumDigi
 3BE9:B962       _numpages
 3BE9:E26E       _numUMBs
 3BE9:CF9C       _obj
 3BE9:BEB6       _objcount
 045A:0166 idle  _ObjectOfInterest
 3BE9:CF98       _objfreelist
 3BE9:892E       _objlist
 3BE9:D9F1       _oldsoundmode
 0000:399C       _open
 134E:0340       _OpenDoor
 134E:05A3       _OperateDoor
 3BE9:1828 idle  _opposite
 3BE9:061A idle  _order
 3BE9:323C idle  _PageFile
 3BE9:322E       _PageFileName
 0660:0480 idle  _PageLayout
 3BE9:B964       _pagenum
 3BB9:0000       _palette1
 3B89:0000       _palette2
 3BE9:BEB0       _palshifted
 0660:001A idle  _ParseNumber
 0660:006C idle  _ParsePicCommand
 0660:008A idle  _ParseTimedCommand
 04DE:030D idle  _Patch386
 338A:0000       _path_prev
 3BE9:BAD5       _Paused
 3BE9:E69E       _pcLastSample
 3BE9:E696       _pcLengthLeft
 3BE9:E69A       _pcSound
 3BE9:E498       _pcSoundLookup
 3BE9:E987       _pelpan
 0AE9:03D9       _PG13
 3BE9:B918       _picdelay
 3BE9:B972       _pickquick
 3BE9:B91A       _picnum
 3BE9:B96F       _pictable
 0E6E:01C2       _PicturePause
 3BE9:B91E       _picx
 3BE9:B91C       _picy
 3BE9:B090       _pixelangle
 3BE9:3CE6 idle  _pixmasks
 3BE9:D390       _pixx
 134E:00E1       _PlaceItemType
 0C2A:0DD9       _PlayDemo
 3BE9:892C       _player
 3BE9:D9E3       _playerxmove
 3BE9:D9DF       _playerymove
 0D5F:0F70       _PlayLoop
 0C2A:00F1       _PlaySoundLocGlobal
 3BE9:B080       _playstate
 3BE9:D9DD       _plux
 3BE9:D9DB       _pluy
 3BE9:E298       _PMFrameCount
 18E1:066A idle  _PML_ClosePageFile
 18E1:09FA idle  _PML_GetAPageBuffer
 18E1:06A1 idle  _PML_GetEMSAddress
 18E1:0B00 idle  _PML_GetPageFromXMS
 18E1:07AC idle  _PML_GiveLRUPage
 18E1:0830 idle  _PML_GiveLRUXMSPage
 18E1:0B80 idle  _PML_LoadPage
 18E1:0001 idle  _PML_MapEMS
 18E1:04B4 idle  _PML_OpenPageFile
 18E1:0885 idle  _PML_PutPageInXMS
 18E1:0439 idle  _PML_ReadFromFile
 18E1:0133 idle  _PML_ShutdownEMS
 18E1:0412 idle  _PML_ShutdownMainMem
 18E1:025F idle  _PML_ShutdownXMS
 18E1:0023 idle  _PML_StartupEMS
 18E1:039A idle  _PML_StartupMainMem
 18E1:0156 idle  _PML_StartupXMS
 18E1:092D idle  _PML_TransferPageSpace
 18E1:01C8 idle  _PML_XMSCopy
 3BE9:E29C       _PMNumBlocks
 3BE9:D23C       _PMPages
 3BE9:E2A6       _PMPanicMode
 3BE9:E296       _PMSegPages
 3BE9:D240       _PMSoundStart
 3BE9:D242       _PMSpriteStart
 3BE9:E2A8       _PMStarted
 3BE9:E2A4       _PMThrashing
 18E1:02AD       _PM_CheckMainMem
 18E1:0BCB       _PM_GetPage
 18E1:0759       _PM_GetPageAddress
 18E1:0EF7       _PM_NextFrame
 18E1:0CAA       _PM_Preload
 18E1:0F5E idle  _PM_Reset
 18E1:0284       _PM_SetMainMemPurge
 18E1:0C7B       _PM_SetPageLock
 18E1:1072       _PM_Shutdown
 18E1:0FC5       _PM_Startup
 0D5F:03BC idle  _PollControls
 0D5F:0072 idle  _PollJoystickButtons
 0D5F:024B idle  _PollJoystickMove
 0D5F:0007 idle  _PollKeyboardButtons
 0D5F:0103 idle  _PollKeyboardMove
 0D5F:002E idle  _PollMouseButtons
 0D5F:020F idle  _PollMouseMove
 3BE9:CFB6       _postsource
 3BE9:CFB2       _postwidth
 3BE9:CFB4       _postx
 0000:0F33       _pow10
 0AE9:0FAB       _PreloadGraphics
 0AE9:0F16 idle  _PreloadUpdate
 06FC:2840 idle  _PrintCustJoy
 06FC:28E7 idle  _PrintCustKeybd
 06FC:2950 idle  _PrintCustKeys
 06FC:2799 idle  _PrintCustMouse
 0000:3B41       _printf
 06FC:1188 idle  _PrintLSEntry
 3BE9:BAD0       _PrintX
 3BE9:B607       _PrintY
 3BE9:E1FF       _profilehandle
 1419:0048 idle  _ProjectileTryMove
 134E:0915       _PushWall
 0000:3E61       _puts
 0000:27E4       _puttext
 3BE9:AC9C       _pwalldir
 3BE9:AD6C       _pwallpos
 3BE9:4A14       _pwallstate
 3BE9:ACA0       _pwallx
 3BE9:AC9E       _pwally
 3BE9:B96D       _px
 3BE9:B96B       _py
 318A:0000       _queue
 044B:0028       _QueuePop
 044B:0006 idle  _QueuePush
 3BE9:4A0E       _queue_head
 3BE9:4A0C       _queue_tail
 04DE:1510       _Quit
 3BE9:010E idle  _radtoint
 0000:3F7A       _read
 06FC:37DF idle  _ReadAnyControl
 04DE:000B idle  _ReadConfig
 0000:2C78 idle  _realloc
 0C2A:0C99       _RecordDemo
 134E:016B idle  _RecursiveConnect
 385C:0000       _redshifts
 0D5F:0A2C idle  _RemoveObj
 0D5F:0F65 idle  _ResetTicVariables
 3BE9:BD28       _rightchannel
 3BE9:B926       _rightmargin
 3BE9:3CEE idle  _rightmasks
 3BE9:E6C5       _RightPosition
 3BE9:0E9C idle  _righttable
 0660:0007 idle  _RipToEOL
 20BE:0002 idle  _rndtable
 3BE9:B920       _rowon
 3BE9:BF7A       _running
 3BE9:B978       _SaveGameNames
 3BE9:BABA       _SaveGamesAvail
 3BE9:0452 idle  _SaveName
 04DE:0431       _SaveTheGame
 3BE9:E6E3       _SBProPresent
 0000:1F8D idle  _sbrk
 3BE9:B08C       _scale
 3BE9:D7D9       _scaledirectory
 1054:031F idle  _ScaleLine
 0F20:0307 idle  _ScalePost
 1054:0469       _ScaleShape
 0C2A:017A idle  _ScanInfoPlane
 3BE9:3A36       _Scores
 3BE9:CFA6       _screenfaded
 3BE9:16A0       _screenloc
 3BE9:B31E       _screenofs
 3BE9:3CE0       _screenseg
 19E9:0AD6       _SDL_DigitizedDone
 1B65:0018       _SDL_IndicatePC
 19E9:081E idle  _SDL_LoadDigiSegment
 19E9:084F idle  _SDL_PlayDigiSegment
 19E9:04AE idle  _SDL_SBSetDMA
 1B65:0010       _SDL_SetDS
 19E9:0BA4 idle  _SDL_SetupDigi
 1B65:0025       _SDL_t0ExtremeAsmService
 1B65:009F       _SDL_t0FastAsmService
 1B65:02D1       _SDL_t0SlowAsmService
 19E9:13FA idle  _SD_Default
 19E9:17A4 idle  _SD_FadeOutMusic
 19E9:170F       _SD_MusicOff
 19E9:1704       _SD_MusicOn
 19E9:17B5 idle  _SD_MusicPlaying
 19E9:0A16 idle  _SD_PlayDigitized
 19E9:14E2       _SD_PlaySound
 19E9:0943       _SD_Poll
 19E9:14CB       _SD_PositionSound
 19E9:0B40       _SD_SetDigiDevice
 19E9:108F       _SD_SetMusicMode
 19E9:09CF       _SD_SetPosition
 19E9:1001       _SD_SetSoundMode
 19E9:14BE idle  _SD_SetUserHook
 19E9:1469       _SD_Shutdown
 19E9:167B       _SD_SoundPlaying
 19E9:1758       _SD_StartMusic
 19E9:10E1       _SD_Startup
 19E9:08A2       _SD_StopDigitized
 19E9:16C0       _SD_StopSound
 19E9:16F7       _SD_WaitSoundDone
 10DD:0749       _SelectChaseDir
 10DD:061B       _SelectDodgeDir
 1419:172D idle  _SelectPathDir
 10DD:08A1       _SelectRunDir
 0000:312D       _setblock
 0C2A:0008 idle  _SetSoundLoc
 06FC:377A idle  _SetTextColor
 06FC:2F28 idle  _SetupControlPanel
 0C2A:0669       _SetupGameLevel
 1054:0014       _SetupScaling
 04DE:0EAE idle  _SetupWalls
 0000:3F7D       _setvbuf
 0000:1347       _setvect
 04DE:13FE       _SetViewSize
 0E6E:02DB idle  _ShapeTest
 3BE9:B316       _shootdelta
 06FC:3D0A idle  _ShootSnd
 0660:0785 idle  _ShowArticle
 04DE:1483       _ShowViewSize
 04DE:0C25       _ShutdownId
 10DD:14D4       _SightPlayer
 21EA:0000       _signon
 04DE:0ED5 idle  _SignonScreen
 1054:077D       _SimpleScaleShape
 0000:0F64       _sin
 3BE9:BF96       _singlestep
 35E0:0000       _sintable
 3BE9:D7CD       _slinewidth
 3BE9:D7CF       _slinex
 3BE9:03F8 idle  _SndItems
 2144:0000 idle  _SndMenu
 3BE9:12B4 idle  _songs
 3BE9:B6C5       _SoundBlasterPresent
 3BE9:B6C3       _SoundMode
 3BE9:E6CF       _SoundNumber
 3BE9:BD66       _SoundPositioned
 3BE9:E6CB       _SoundPriority
 3BE9:B6C7       _SoundSourcePresent
 3BE9:0450 idle  _SoundStatus
 3BE9:E6DD       _SoundTable
 1419:1ADB       _SpawnBJVictory
 1419:045B       _SpawnBoss
 1419:043C       _SpawnDeadGuard
 134E:024B       _SpawnDoor
 1419:1012       _SpawnFakeHitler
 1419:098B       _SpawnFat
 1419:083D       _SpawnGhosts
 1419:0926       _SpawnGift
 1419:04AB       _SpawnGretel
 1419:1077       _SpawnHitler
 10DD:000C       _SpawnNewObj
 1419:04FB       _SpawnPatrol
 123C:0C37       _SpawnPlayer
 1419:08C1       _SpawnSchabbs
 1419:029A       _SpawnStand
 134E:001A       _SpawnStatic
 3BE9:BD56       _spearangle
 3BE9:BD54       _spearflag
 3BE9:BD5C       _spearx
 3BE9:BD58       _speary
 3BE9:BF98       _spotvis
 0000:407D       _sprintf
 3BE9:E476       _sqActive
 3BE9:E472       _sqHack
 3BE9:E46C       _sqHackLen
 3BE9:E46E       _sqHackPtr
 3BE9:E46A       _sqHackSeqLen
 3BE9:E466       _sqHackTime
 3BE9:E6AF       _ssActive
 3BE9:E6AD       _ssControl
 3BE9:E6A9       _ssData
 3BE9:E6DB       _ssIsTandy
 3BE9:E69F       _ssLengthLeft
 3BE9:E6B1       _ssNoCheck
 3BE9:E6A7       _ssOff
 3BE9:E6A8       _ssOn
 3BE9:36BC idle  _ssPort
 3BE9:E6A3       _ssSample
 3BE9:E6AB       _ssStatus
 0D5F:0CA5       _StartBonusFlash
 06FC:3B78       _StartCPMusic
 0D5F:0CB0       _StartDamageFlash
 0C2A:0B79 idle  _StartDemoRecord
 3BE9:BAB8       _StartGame
 3BE9:B314       _startgame
 3BE9:1B66 idle  _starthitpoints
 0D5F:0AB2       _StartMusic
 3BE9:1A3A idle  _statinfo
 3BE9:7CAC       _statobjlist
 123C:0182 idle  _StatusDrawPic
 3BE9:D7D1       _stepbytwo
 0D5F:0A7A       _StopMusic
 3BE9:B33C       _str
 3BE9:B328       _str2
 3BE9:1A28 idle  _strafeangle
 0000:40B6       _strcat
 0000:40EF       _strlen
 0000:4133       _strtol
 3BE9:1938 idle  _s_attack
 3BE9:2ED0 idle  _s_bjjump1
 3BE9:2EE0 idle  _s_bjjump2
 3BE9:2EF0 idle  _s_bjjump3
 3BE9:2F00 idle  _s_bjjump4
 3BE9:2E70 idle  _s_bjrun1
 3BE9:2E80 idle  _s_bjrun1s
 3BE9:2E90 idle  _s_bjrun2
 3BE9:2EA0 idle  _s_bjrun3
 3BE9:2EB0 idle  _s_bjrun3s
 3BE9:2EC0 idle  _s_bjrun4
 3BE9:1DF6       _s_blinkychase1
 3BE9:1E06 idle  _s_blinkychase2
 3BE9:1C66 idle  _s_boom1
 3BE9:1C76 idle  _s_boom2
 3BE9:1C86 idle  _s_boom3
 3BE9:2486       _s_bosschase1
 3BE9:2496 idle  _s_bosschase1s
 3BE9:24A6 idle  _s_bosschase2
 3BE9:24B6 idle  _s_bosschase3
 3BE9:24C6 idle  _s_bosschase3s
 3BE9:24D6 idle  _s_bosschase4
 3BE9:24E6       _s_bossdie1
 3BE9:24F6 idle  _s_bossdie2
 3BE9:2506 idle  _s_bossdie3
 3BE9:2516 idle  _s_bossdie4
 3BE9:2526 idle  _s_bossshoot1
 3BE9:2536 idle  _s_bossshoot2
 3BE9:2546 idle  _s_bossshoot3
 3BE9:2556 idle  _s_bossshoot4
 3BE9:2566 idle  _s_bossshoot5
 3BE9:2576 idle  _s_bossshoot6
 3BE9:2586 idle  _s_bossshoot7
 3BE9:2596 idle  _s_bossshoot8
 3BE9:2476 idle  _s_bossstand
 3BE9:1E56 idle  _s_clydechase1
 3BE9:1E66 idle  _s_clydechase2
 3BE9:2F10       _s_deathcam
 3BE9:1F26       _s_dogchase1
 3BE9:1F36 idle  _s_dogchase1s
 3BE9:1F46 idle  _s_dogchase2
 3BE9:1F56 idle  _s_dogchase3
 3BE9:1F66 idle  _s_dogchase3s
 3BE9:1F76 idle  _s_dogchase4
 3BE9:1FB6 idle  _s_dogdead
 3BE9:1F86       _s_dogdie1
 3BE9:1F96 idle  _s_dogdie2
 3BE9:1FA6 idle  _s_dogdie3
 3BE9:1ED6 idle  _s_dogjump1
 3BE9:1EE6 idle  _s_dogjump2
 3BE9:1EF6 idle  _s_dogjump3
 3BE9:1F06 idle  _s_dogjump4
 3BE9:1F16 idle  _s_dogjump5
 3BE9:1E76 idle  _s_dogpath1
 3BE9:1E86 idle  _s_dogpath1s
 3BE9:1E96 idle  _s_dogpath2
 3BE9:1EA6 idle  _s_dogpath3
 3BE9:1EB6 idle  _s_dogpath3s
 3BE9:1EC6 idle  _s_dogpath4
 3BE9:2A78       _s_fakechase1
 3BE9:2A88 idle  _s_fakechase1s
 3BE9:2A98 idle  _s_fakechase2
 3BE9:2AA8 idle  _s_fakechase3
 3BE9:2AB8 idle  _s_fakechase3s
 3BE9:2AC8 idle  _s_fakechase4
 3BE9:2AD8       _s_fakedie1
 3BE9:2AE8 idle  _s_fakedie2
 3BE9:2AF8 idle  _s_fakedie3
 3BE9:2B08 idle  _s_fakedie4
 3BE9:2B18 idle  _s_fakedie5
 3BE9:2B28 idle  _s_fakedie6
 3BE9:2B38 idle  _s_fakeshoot1
 3BE9:2B48 idle  _s_fakeshoot2
 3BE9:2B58 idle  _s_fakeshoot3
 3BE9:2B68 idle  _s_fakeshoot4
 3BE9:2B78 idle  _s_fakeshoot5
 3BE9:2B88 idle  _s_fakeshoot6
 3BE9:2B98 idle  _s_fakeshoot7
 3BE9:2BA8 idle  _s_fakeshoot8
 3BE9:2BB8 idle  _s_fakeshoot9
 3BE9:2A68 idle  _s_fakestand
 3BE9:2938       _s_fatchase1
 3BE9:2948 idle  _s_fatchase1s
 3BE9:2958 idle  _s_fatchase2
 3BE9:2968 idle  _s_fatchase3
 3BE9:2978 idle  _s_fatchase3s
 3BE9:2988 idle  _s_fatchase4
 3BE9:2998 idle  _s_fatdeathcam
 3BE9:29A8       _s_fatdie1
 3BE9:29B8 idle  _s_fatdie2
 3BE9:29C8 idle  _s_fatdie3
 3BE9:29D8 idle  _s_fatdie4
 3BE9:29E8 idle  _s_fatdie5
 3BE9:29F8 idle  _s_fatdie6
 3BE9:2A08 idle  _s_fatshoot1
 3BE9:2A18 idle  _s_fatshoot2
 3BE9:2A28 idle  _s_fatshoot3
 3BE9:2A38 idle  _s_fatshoot4
 3BE9:2A48 idle  _s_fatshoot5
 3BE9:2A58 idle  _s_fatshoot6
 3BE9:2928 idle  _s_fatstand
 3BE9:2BC8 idle  _s_fire1
 3BE9:2BD8 idle  _s_fire2
 3BE9:2838       _s_giftchase1
 3BE9:2848 idle  _s_giftchase1s
 3BE9:2858 idle  _s_giftchase2
 3BE9:2868 idle  _s_giftchase3
 3BE9:2878 idle  _s_giftchase3s
 3BE9:2888 idle  _s_giftchase4
 3BE9:2898 idle  _s_giftdeathcam
 3BE9:28A8       _s_giftdie1
 3BE9:28B8 idle  _s_giftdie2
 3BE9:28C8 idle  _s_giftdie3
 3BE9:28D8 idle  _s_giftdie4
 3BE9:28E8 idle  _s_giftdie5
 3BE9:28F8 idle  _s_giftdie6
 3BE9:2908 idle  _s_giftshoot1
 3BE9:2918 idle  _s_giftshoot2
 3BE9:2828 idle  _s_giftstand
 3BE9:1D56       _s_grdchase1
 3BE9:1D66 idle  _s_grdchase1s
 3BE9:1D76 idle  _s_grdchase2
 3BE9:1D86 idle  _s_grdchase3
 3BE9:1D96 idle  _s_grdchase3s
 3BE9:1DA6 idle  _s_grdchase4
 3BE9:1DB6       _s_grddie1
 3BE9:1DC6 idle  _s_grddie2
 3BE9:1DD6 idle  _s_grddie3
 3BE9:1DE6 idle  _s_grddie4
 3BE9:1D06       _s_grdpain
 3BE9:1D16       _s_grdpain1
 3BE9:1CA6 idle  _s_grdpath1
 3BE9:1CB6 idle  _s_grdpath1s
 3BE9:1CC6 idle  _s_grdpath2
 3BE9:1CD6 idle  _s_grdpath3
 3BE9:1CE6 idle  _s_grdpath3s
 3BE9:1CF6 idle  _s_grdpath4
 3BE9:1D26 idle  _s_grdshoot1
 3BE9:1D36 idle  _s_grdshoot2
 3BE9:1D46 idle  _s_grdshoot3
 3BE9:1C96 idle  _s_grdstand
 3BE9:25B6       _s_gretelchase1
 3BE9:25C6 idle  _s_gretelchase1s
 3BE9:25D6 idle  _s_gretelchase2
 3BE9:25E6 idle  _s_gretelchase3
 3BE9:25F6 idle  _s_gretelchase3s
 3BE9:2606 idle  _s_gretelchase4
 3BE9:2616       _s_greteldie1
 3BE9:2626 idle  _s_greteldie2
 3BE9:2636 idle  _s_greteldie3
 3BE9:2646 idle  _s_greteldie4
 3BE9:2656 idle  _s_gretelshoot1
 3BE9:2666 idle  _s_gretelshoot2
 3BE9:2676 idle  _s_gretelshoot3
 3BE9:2686 idle  _s_gretelshoot4
 3BE9:2696 idle  _s_gretelshoot5
 3BE9:26A6 idle  _s_gretelshoot6
 3BE9:26B6 idle  _s_gretelshoot7
 3BE9:26C6 idle  _s_gretelshoot8
 3BE9:25A6 idle  _s_gretelstand
 3BE9:2CF8       _s_hitlerchase1
 3BE9:2D08 idle  _s_hitlerchase1s
 3BE9:2D18 idle  _s_hitlerchase2
 3BE9:2D28 idle  _s_hitlerchase3
 3BE9:2D38 idle  _s_hitlerchase3s
 3BE9:2D48 idle  _s_hitlerchase4
 3BE9:2D58 idle  _s_hitlerdeathcam
 3BE9:2D68       _s_hitlerdie1
 3BE9:2DF8 idle  _s_hitlerdie10
 3BE9:2D78 idle  _s_hitlerdie2
 3BE9:2D88 idle  _s_hitlerdie3
 3BE9:2D98 idle  _s_hitlerdie4
 3BE9:2DA8 idle  _s_hitlerdie5
 3BE9:2DB8 idle  _s_hitlerdie6
 3BE9:2DC8 idle  _s_hitlerdie7
 3BE9:2DD8 idle  _s_hitlerdie8
 3BE9:2DE8 idle  _s_hitlerdie9
 3BE9:2E08 idle  _s_hitlershoot1
 3BE9:2E18 idle  _s_hitlershoot2
 3BE9:2E28 idle  _s_hitlershoot3
 3BE9:2E38 idle  _s_hitlershoot4
 3BE9:2E48 idle  _s_hitlershoot5
 3BE9:2E58 idle  _s_hitlershoot6
 3BE9:1E16 idle  _s_inkychase1
 3BE9:1E26 idle  _s_inkychase2
 3BE9:2BF8       _s_mechachase1
 3BE9:2C08 idle  _s_mechachase1s
 3BE9:2C18 idle  _s_mechachase2
 3BE9:2C28 idle  _s_mechachase3
 3BE9:2C38 idle  _s_mechachase3s
 3BE9:2C48 idle  _s_mechachase4
 3BE9:2C58       _s_mechadie1
 3BE9:2C68 idle  _s_mechadie2
 3BE9:2C78 idle  _s_mechadie3
 3BE9:2C88 idle  _s_mechadie4
 3BE9:2C98 idle  _s_mechashoot1
 3BE9:2CA8 idle  _s_mechashoot2
 3BE9:2CB8 idle  _s_mechashoot3
 3BE9:2CC8 idle  _s_mechashoot4
 3BE9:2CD8 idle  _s_mechashoot5
 3BE9:2CE8 idle  _s_mechashoot6
 3BE9:2BE8 idle  _s_mechastand
 3BE9:2206       _s_mutchase1
 3BE9:2216 idle  _s_mutchase1s
 3BE9:2226 idle  _s_mutchase2
 3BE9:2236 idle  _s_mutchase3
 3BE9:2246 idle  _s_mutchase3s
 3BE9:2256 idle  _s_mutchase4
 3BE9:2266       _s_mutdie1
 3BE9:2276 idle  _s_mutdie2
 3BE9:2286 idle  _s_mutdie3
 3BE9:2296 idle  _s_mutdie4
 3BE9:22A6 idle  _s_mutdie5
 3BE9:21A6       _s_mutpain
 3BE9:21B6       _s_mutpain1
 3BE9:2146 idle  _s_mutpath1
 3BE9:2156 idle  _s_mutpath1s
 3BE9:2166 idle  _s_mutpath2
 3BE9:2176 idle  _s_mutpath3
 3BE9:2186 idle  _s_mutpath3s
 3BE9:2196 idle  _s_mutpath4
 3BE9:21C6 idle  _s_mutshoot1
 3BE9:21D6 idle  _s_mutshoot2
 3BE9:21E6 idle  _s_mutshoot3
 3BE9:21F6 idle  _s_mutshoot4
 3BE9:2136 idle  _s_mutstand
 3BE9:27E8 idle  _s_needle1
 3BE9:27F8 idle  _s_needle2
 3BE9:2808 idle  _s_needle3
 3BE9:2818 idle  _s_needle4
 3BE9:2086       _s_ofcchase1
 3BE9:2096 idle  _s_ofcchase1s
 3BE9:20A6 idle  _s_ofcchase2
 3BE9:20B6 idle  _s_ofcchase3
 3BE9:20C6 idle  _s_ofcchase3s
 3BE9:20D6 idle  _s_ofcchase4
 3BE9:20E6       _s_ofcdie1
 3BE9:20F6 idle  _s_ofcdie2
 3BE9:2106 idle  _s_ofcdie3
 3BE9:2116 idle  _s_ofcdie4
 3BE9:2126 idle  _s_ofcdie5
 3BE9:2036       _s_ofcpain
 3BE9:2046       _s_ofcpain1
 3BE9:1FD6 idle  _s_ofcpath1
 3BE9:1FE6 idle  _s_ofcpath1s
 3BE9:1FF6 idle  _s_ofcpath2
 3BE9:2006 idle  _s_ofcpath3
 3BE9:2016 idle  _s_ofcpath3s
 3BE9:2026 idle  _s_ofcpath4
 3BE9:2056 idle  _s_ofcshoot1
 3BE9:2066 idle  _s_ofcshoot2
 3BE9:2076 idle  _s_ofcshoot3
 3BE9:1FC6 idle  _s_ofcstand
 3BE9:1E36 idle  _s_pinkychase1
 3BE9:1E46 idle  _s_pinkychase2
 3BE9:1928 idle  _s_player
 3BE9:1C16 idle  _s_rocket
 3BE9:26F8       _s_schabbchase1
 3BE9:2708 idle  _s_schabbchase1s
 3BE9:2718 idle  _s_schabbchase2
 3BE9:2728 idle  _s_schabbchase3
 3BE9:2738 idle  _s_schabbchase3s
 3BE9:2748 idle  _s_schabbchase4
 3BE9:2758 idle  _s_schabbdeathcam
 3BE9:2768       _s_schabbdie1
 3BE9:2778 idle  _s_schabbdie2
 3BE9:2788 idle  _s_schabbdie3
 3BE9:2798 idle  _s_schabbdie4
 3BE9:27A8 idle  _s_schabbdie5
 3BE9:27B8 idle  _s_schabbdie6
 3BE9:27C8 idle  _s_schabbshoot1
 3BE9:27D8 idle  _s_schabbshoot2
 3BE9:26E8 idle  _s_schabbstand
 3BE9:1C26 idle  _s_smoke1
 3BE9:1C36 idle  _s_smoke2
 3BE9:1C46 idle  _s_smoke3
 3BE9:1C56 idle  _s_smoke4
 3BE9:23D6       _s_sschase1
 3BE9:23E6 idle  _s_sschase1s
 3BE9:23F6 idle  _s_sschase2
 3BE9:2406 idle  _s_sschase3
 3BE9:2416 idle  _s_sschase3s
 3BE9:2426 idle  _s_sschase4
 3BE9:2436       _s_ssdie1
 3BE9:2446 idle  _s_ssdie2
 3BE9:2456 idle  _s_ssdie3
 3BE9:2466 idle  _s_ssdie4
 3BE9:2326       _s_sspain
 3BE9:2336       _s_sspain1
 3BE9:22C6 idle  _s_sspath1
 3BE9:22D6 idle  _s_sspath1s
 3BE9:22E6 idle  _s_sspath2
 3BE9:22F6 idle  _s_sspath3
 3BE9:2306 idle  _s_sspath3s
 3BE9:2316 idle  _s_sspath4
 3BE9:2346 idle  _s_ssshoot1
 3BE9:2356 idle  _s_ssshoot2
 3BE9:2366 idle  _s_ssshoot3
 3BE9:2376 idle  _s_ssshoot4
 3BE9:2386 idle  _s_ssshoot5
 3BE9:2396 idle  _s_ssshoot6
 3BE9:23A6 idle  _s_ssshoot7
 3BE9:23B6 idle  _s_ssshoot8
 3BE9:23C6 idle  _s_ssshoot9
 3BE9:22B6 idle  _s_ssstand
 3BE9:E6C1       _t0OldService
 123C:0322       _TakeDamage
 0000:0FB1       _tan
 3BE9:B60F       _tedlevel
 3BE9:B60D       _tedlevelnum
 3BE9:B922       _text
 0F20:0E4C       _ThreeDRefresh
 123C:09C5 idle  _Thrust
 3BE9:D9EB       _thrustspeed
 06FC:367C idle  _TicDelay
 3BE9:AC9A       _tics
 3BE9:CFA0       _tic_gunsight
 3BE9:CFA2       _tic_gunsight_set
 3BE9:16A8       _tileglobal
 3BE9:D392       _tilehit
 3BE9:6A2A       _tilemap
 045A:0329 idle  _TilePassable
 3BE9:B966       _TimeCount
 0660:00AF idle  _TimedPicCommand
 3BE9:E6D1       _TimerCount
 3BE9:E6D5       _TimerDivisor
 3BE9:E6BB       _TimerRate
 3BE9:E202       _tinf
 0000:18EE       _tolower
 0000:191A       _toupper
 06FC:10B3 idle  _TrackWhichGame
 0F20:004A idle  _TransformActor
 0F20:0151 idle  _TransformTile
 123C:0772 idle  _TryMove
 10DD:00D4       _TryWalk
 045A:055B idle  _TurnToAngle
 123C:0F30 idle  _T_Attack
 1419:1A40 idle  _T_Bite
 1419:1BEF idle  _T_BJDone
 1419:1BAE idle  _T_BJJump
 1419:1B26 idle  _T_BJRun
 1419:1BD3 idle  _T_BJYell
 1419:1362 idle  _T_Chase
 1419:1623 idle  _T_DogChase
 1419:1293 idle  _T_Fake
 1419:1198 idle  _T_FakeFire
 1419:0EAE idle  _T_Fat
 1419:158F idle  _T_Ghosts
 1419:0D4A idle  _T_Gift
 1419:0AEB idle  _T_GiftThrow
 1419:1777 idle  _T_Path
 123C:10B7 idle  _T_Player
 1419:00DE idle  _T_Projectile
 1419:0BE6 idle  _T_Schabb
 1419:09F0 idle  _T_SchabbThrow
 1419:1888 idle  _T_Shoot
 1419:1352 idle  _T_Stand
 0000:38F1       _ultoa
 3BE9:E25A       _UMBbase
 06FC:2E4C       _UnCacheLump
 0000:1946       _unlink
 3BE9:AE7A       _update
 123C:0239 idle  _UpdateFace
 0D5F:0CBC idle  _UpdatePaletteShifts
 3BE9:B5FF       _updateptr
 0C2A:0134       _UpdateSoundLoc
 3BE9:3A32 idle  _USL_DrawString
 1BA4:000C idle  _USL_HardError
 3BE9:3A2E       _USL_MeasureString
 1BA4:03B2 idle  _USL_PrintInCenter
 1BA4:0645 idle  _US_CenterWindow
 1BA4:0219       _US_CheckParm
 1BA4:0504       _US_ClearWindow
 06FC:0006       _US_ControlPanel
 1BA4:04A5       _US_CPrint
 1BA4:044C idle  _US_CPrintLine
 1BA4:052F       _US_DrawWindow
 1C5C:000A       _US_InitRndT
 1BA4:0758       _US_LineInput
 1BA4:02D4       _US_Print
 1BA4:040C       _US_PrintCentered
 1BA4:038F idle  _US_PrintSigned
 1BA4:036C       _US_PrintUnsigned
 1BA4:0696 idle  _US_RestoreWindow
 1C5C:0032       _US_RndT
 1BA4:0669 idle  _US_SaveWindow
 1BA4:02BF idle  _US_SetPrintRoutines
 1BA4:0207       _US_Shutdown
 1BA4:0137       _US_Startup
 3BE9:B5E5       _uwidthtable
 3BE9:AD6E       _vertwall
 3BE9:16B4 idle  _vgaCeiling
 0F20:095E idle  _VGAClearScreen
 1DC9:0002       _VH_UpdateScreen
 0AE9:0030       _Victory
 123C:0E91 idle  _VictorySpin
 123C:09B5 idle  _VictoryTile
 3BE9:D7BE       _viewangle
 3BE9:BD34       _viewcos
 3BE9:B31A       _viewheight
 3BE9:BD38       _viewsin
 3BE9:AE6E       _viewsize
 3BE9:D3AA       _viewtx
 3BE9:D3A8       _viewty
 3BE9:CFAC       _viewtype
 3BE9:B31C       _viewwidth
 3BE9:BD40       _viewx
 3BE9:BD3C       _viewy
 3BE9:B312       _virtualreality
 3BE9:D24C       _vislist
 3BE9:D24A       _visptr
 3BE9:D248       _visstep
 1C60:0649       _VL_Bar
 1C60:009E idle  _VL_ClearVideo
 1C60:04AA       _VL_ColorBorder
 1C60:00C8 idle  _VL_DePlaneVGA
 1C60:0A3C idle  _VL_DrawLatch8String
 1C60:091F idle  _VL_DrawTile8String
 1C60:037B       _VL_FadeIn
 1C60:025D       _VL_FadeOut
 1C60:019F idle  _VL_FillPalette
 1C60:01DF idle  _VL_GetColor
 1C60:023C idle  _VL_GetPalette
 1C60:0509       _VL_Hlin
 1C60:08B6       _VL_LatchToScreen
 1C60:0830 idle  _VL_MaskedToScreen
 1C60:074A       _VL_MemToLatch
 1C60:079D       _VL_MemToScreen
 1D11:0241       _VL_MungePic
 1C60:04BE       _VL_Plot
 1D9F:00B6       _VL_ScreenToScreen
 1C60:01C4 idle  _VL_SetColor
 1D9F:0025 idle  _VL_SetCRTC
 1C60:011F idle  _VL_SetLineWidth
 1C60:020A       _VL_SetPalette
 1D9F:0049       _VL_SetScreen
 1C60:0153 idle  _VL_SetSplitScreen
 1C60:0094 idle  _VL_SetTextMode
 1C60:0071       _VL_SetVGAPlaneMode
 1C60:0067       _VL_Shutdown
 1C60:0AE8 idle  _VL_SizeTile8String
 1C60:000D       _VL_Startup
 1C60:044F       _VL_TestPaletteSet
 1D9F:0136       _VL_VideoID
 1C60:05E2       _VL_Vlin
 1D9F:000E       _VL_WaitVBL
 0000:409A idle  _vsprintf
 1D11:0564       _VWB_Bar
 1D11:04C3       _VWB_DrawPic
 1D11:052F       _VWB_DrawPropString
 1D11:0437       _VWB_DrawTile8
 1D11:047C idle  _VWB_DrawTile8M
 1D11:05CB       _VWB_Hlin
 1D11:05A0       _VWB_Plot
 1D11:05FF       _VWB_Vlin
 1D11:02FC idle  _VWL_MeasureString
 1D11:011D idle  _VW_DrawColorPropString
 1D11:0001 idle  _VW_DrawPropString
 1D11:037C       _VW_MarkUpdateBlock
 1D11:035C idle  _VW_MeasureMPropString
 1D11:033C       _VW_MeasurePropString
 1D11:0633       _VW_UpdateScreen
 06FC:37AF idle  _WaitKeyUp
 3BE9:CFBA       _wallheight
 0F20:0D62 idle  _WallRefresh
 3BE9:172C idle  _weaponscale
 0000:31B0 idle  _wherex
 0000:31BF idle  _wherey
 373C:0000       _whiteshifts
 3BE9:BACE       _WindowH
 3BE9:B601       _WindowW
 3BE9:B605       _WindowX
 3BE9:B603       _WindowY
 3BE9:1796 idle  _wordmasks
 3BE9:D7D3       _work
 0000:4350       _write
 0AE9:0480       _Write
 04DE:020F idle  _WriteConfig
 3BE9:D384       _xintercept
 3BE9:D396       _xinttile
 3BE9:E270       _XMSaddr
 3BE9:E2B0       _XMSAvail
 3BE9:E2AA       _XMSDriver
 3BE9:E2AE       _XMSHandle
 3BE9:BD1E       _XMSPagesAvail
 3BE9:E2A2       _XMSPagesUsed
 3BE9:BD22       _XMSPresent
 3BE9:322C idle  _XMSProtectPage
 3BE9:D3A2       _xpartial
 3BE9:D39C       _xpartialdown
 3BE9:D39E       _xpartialup
 3BE9:D37C       _xstep
 3BE9:D38E       _xtile
 3BE9:D38A       _xtilestep
 3BE9:D380       _yintercept
 3BE9:D394       _yinttile
 3BE9:E7F5       _ylookup
 3BE9:D3A0       _ypartial
 3BE9:D398       _ypartialdown
 3BE9:D39A       _ypartialup
 3BE9:D378       _ystep
 3BE9:D38C       _ytile
 3BE9:D388       _ytilestep
 3BE9:40B0       __8087
 0000:1000 idle  __AHINCR
 0000:000C idle  __AHSHIFT
 3BE9:4744       __argc
 3BE9:4746       __argv
 3BE9:43A0       __atexitcnt
 3BE9:496C       __atexittbl
 0000:262D       __brk
 3BE9:00A2       __brklvl
 3BE9:0084       __C0argc
[...]
 3BE9:1F86       _s_dogdie1
 3BE9:1F96 idle  _s_dogdie2
 3BE9:1FA6 idle  _s_dogdie3
 3BE9:1FB6 idle  _s_dogdead
 3BE9:1FC6 idle  _s_ofcstand
 3BE9:1FD6 idle  _s_ofcpath1
 3BE9:1FE6 idle  _s_ofcpath1s
 3BE9:1FF6 idle  _s_ofcpath2
 3BE9:2006 idle  _s_ofcpath3
 3BE9:2016 idle  _s_ofcpath3s
 3BE9:2026 idle  _s_ofcpath4
 3BE9:2036       _s_ofcpain
 3BE9:2046       _s_ofcpain1
 3BE9:2056 idle  _s_ofcshoot1
 3BE9:2066 idle  _s_ofcshoot2
 3BE9:2076 idle  _s_ofcshoot3
 3BE9:2086       _s_ofcchase1
 3BE9:2096 idle  _s_ofcchase1s
 3BE9:20A6 idle  _s_ofcchase2
 3BE9:20B6 idle  _s_ofcchase3
 3BE9:20C6 idle  _s_ofcchase3s
 3BE9:20D6 idle  _s_ofcchase4
 3BE9:20E6       _s_ofcdie1
 3BE9:20F6 idle  _s_ofcdie2
 3BE9:2106 idle  _s_ofcdie3
 3BE9:2116 idle  _s_ofcdie4
 3BE9:2126 idle  _s_ofcdie5
 3BE9:2136 idle  _s_mutstand
 3BE9:2146 idle  _s_mutpath1
 3BE9:2156 idle  _s_mutpath1s
 3BE9:2166 idle  _s_mutpath2
 3BE9:2176 idle  _s_mutpath3
 3BE9:2186 idle  _s_mutpath3s
 3BE9:2196 idle  _s_mutpath4
 3BE9:21A6       _s_mutpain
 3BE9:21B6       _s_mutpain1
 3BE9:21C6 idle  _s_mutshoot1
 3BE9:21D6 idle  _s_mutshoot2
 3BE9:21E6 idle  _s_mutshoot3
 3BE9:21F6 idle  _s_mutshoot4
 3BE9:2206       _s_mutchase1
 3BE9:2216 idle  _s_mutchase1s
 3BE9:2226 idle  _s_mutchase2
 3BE9:2236 idle  _s_mutchase3
 3BE9:2246 idle  _s_mutchase3s
 3BE9:2256 idle  _s_mutchase4
 3BE9:2266       _s_mutdie1
 3BE9:2276 idle  _s_mutdie2
 3BE9:2286 idle  _s_mutdie3
 3BE9:2296 idle  _s_mutdie4
 3BE9:22A6 idle  _s_mutdie5
 3BE9:22B6 idle  _s_ssstand
 3BE9:22C6 idle  _s_sspath1
 3BE9:22D6 idle  _s_sspath1s
 3BE9:22E6 idle  _s_sspath2
 3BE9:22F6 idle  _s_sspath3
 3BE9:2306 idle  _s_sspath3s
 3BE9:2316 idle  _s_sspath4
 3BE9:2326       _s_sspain
 3BE9:2336       _s_sspain1
 3BE9:2346 idle  _s_ssshoot1
 3BE9:2356 idle  _s_ssshoot2
 3BE9:2366 idle  _s_ssshoot3
 3BE9:2376 idle  _s_ssshoot4
 3BE9:2386 idle  _s_ssshoot5
 3BE9:2396 idle  _s_ssshoot6
 3BE9:23A6 idle  _s_ssshoot7
 3BE9:23B6 idle  _s_ssshoot8
 3BE9:23C6 idle  _s_ssshoot9
 3BE9:23D6       _s_sschase1
 3BE9:23E6 idle  _s_sschase1s
 3BE9:23F6 idle  _s_sschase2
 3BE9:2406 idle  _s_sschase3
 3BE9:2416 idle  _s_sschase3s
 3BE9:2426 idle  _s_sschase4
 3BE9:2436       _s_ssdie1
 3BE9:2446 idle  _s_ssdie2
 3BE9:2456 idle  _s_ssdie3
 3BE9:2466 idle  _s_ssdie4
 3BE9:2476 idle  _s_bossstand
 3BE9:2486       _s_bosschase1
 3BE9:2496 idle  _s_bosschase1s
 3BE9:24A6 idle  _s_bosschase2
 3BE9:24B6 idle  _s_bosschase3
 3BE9:24C6 idle  _s_bosschase3s
 3BE9:24D6 idle  _s_bosschase4
 3BE9:24E6       _s_bossdie1
 3BE9:24F6 idle  _s_bossdie2
 3BE9:2506 idle  _s_bossdie3
 3BE9:2516 idle  _s_bossdie4
 3BE9:2526 idle  _s_bossshoot1
 3BE9:2536 idle  _s_bossshoot2
 3BE9:2546 idle  _s_bossshoot3
 3BE9:2556 idle  _s_bossshoot4
 3BE9:2566 idle  _s_bossshoot5
 3BE9:2576 idle  _s_bossshoot6
 3BE9:2586 idle  _s_bossshoot7
 3BE9:2596 idle  _s_bossshoot8
 3BE9:25A6 idle  _s_gretelstand
 3BE9:25B6       _s_gretelchase1
 3BE9:25C6 idle  _s_gretelchase1s
 3BE9:25D6 idle  _s_gretelchase2
 3BE9:25E6 idle  _s_gretelchase3
 3BE9:25F6 idle  _s_gretelchase3s
 3BE9:2606 idle  _s_gretelchase4
 3BE9:2616       _s_greteldie1
 3BE9:2626 idle  _s_greteldie2
 3BE9:2636 idle  _s_greteldie3
 3BE9:2646 idle  _s_greteldie4
 3BE9:2656 idle  _s_gretelshoot1
 3BE9:2666 idle  _s_gretelshoot2
 3BE9:2676 idle  _s_gretelshoot3
 3BE9:2686 idle  _s_gretelshoot4
 3BE9:2696 idle  _s_gretelshoot5
 3BE9:26A6 idle  _s_gretelshoot6
 3BE9:26B6 idle  _s_gretelshoot7
 3BE9:26C6 idle  _s_gretelshoot8
 3BE9:26E8 idle  _s_schabbstand
 3BE9:26F8       _s_schabbchase1
 3BE9:2708 idle  _s_schabbchase1s
 3BE9:2718 idle  _s_schabbchase2
 3BE9:2728 idle  _s_schabbchase3
 3BE9:2738 idle  _s_schabbchase3s
 3BE9:2748 idle  _s_schabbchase4
 3BE9:2758 idle  _s_schabbdeathcam
 3BE9:2768       _s_schabbdie1
 3BE9:2778 idle  _s_schabbdie2
 3BE9:2788 idle  _s_schabbdie3
 3BE9:2798 idle  _s_schabbdie4
 3BE9:27A8 idle  _s_schabbdie5
 3BE9:27B8 idle  _s_schabbdie6
 3BE9:27C8 idle  _s_schabbshoot1
 3BE9:27D8 idle  _s_schabbshoot2
 3BE9:27E8 idle  _s_needle1
 3BE9:27F8 idle  _s_needle2
 3BE9:2808 idle  _s_needle3
 3BE9:2818 idle  _s_needle4
 3BE9:2828 idle  _s_giftstand
 3BE9:2838       _s_giftchase1
 3BE9:2848 idle  _s_giftchase1s
 3BE9:2858 idle  _s_giftchase2
 3BE9:2868 idle  _s_giftchase3
 3BE9:2878 idle  _s_giftchase3s
 3BE9:2888 idle  _s_giftchase4
 3BE9:2898 idle  _s_giftdeathcam
 3BE9:28A8       _s_giftdie1
 3BE9:28B8 idle  _s_giftdie2
 3BE9:28C8 idle  _s_giftdie3
 3BE9:28D8 idle  _s_giftdie4
 3BE9:28E8 idle  _s_giftdie5
 3BE9:28F8 idle  _s_giftdie6
 3BE9:2908 idle  _s_giftshoot1
 3BE9:2918 idle  _s_giftshoot2
 3BE9:2928 idle  _s_fatstand
 3BE9:2938       _s_fatchase1
 3BE9:2948 idle  _s_fatchase1s
 3BE9:2958 idle  _s_fatchase2
 3BE9:2968 idle  _s_fatchase3
 3BE9:2978 idle  _s_fatchase3s
 3BE9:2988 idle  _s_fatchase4
 3BE9:2998 idle  _s_fatdeathcam
 3BE9:29A8       _s_fatdie1
 3BE9:29B8 idle  _s_fatdie2
 3BE9:29C8 idle  _s_fatdie3
 3BE9:29D8 idle  _s_fatdie4
 3BE9:29E8 idle  _s_fatdie5
 3BE9:29F8 idle  _s_fatdie6
 3BE9:2A08 idle  _s_fatshoot1
 3BE9:2A18 idle  _s_fatshoot2
 3BE9:2A28 idle  _s_fatshoot3
 3BE9:2A38 idle  _s_fatshoot4
 3BE9:2A48 idle  _s_fatshoot5
 3BE9:2A58 idle  _s_fatshoot6
 3BE9:2A68 idle  _s_fakestand
 3BE9:2A78       _s_fakechase1
 3BE9:2A88 idle  _s_fakechase1s
 3BE9:2A98 idle  _s_fakechase2
 3BE9:2AA8 idle  _s_fakechase3
 3BE9:2AB8 idle  _s_fakechase3s
 3BE9:2AC8 idle  _s_fakechase4
 3BE9:2AD8       _s_fakedie1
 3BE9:2AE8 idle  _s_fakedie2
 3BE9:2AF8 idle  _s_fakedie3
 3BE9:2B08 idle  _s_fakedie4
 3BE9:2B18 idle  _s_fakedie5
 3BE9:2B28 idle  _s_fakedie6
 3BE9:2B38 idle  _s_fakeshoot1
 3BE9:2B48 idle  _s_fakeshoot2
 3BE9:2B58 idle  _s_fakeshoot3
 3BE9:2B68 idle  _s_fakeshoot4
 3BE9:2B78 idle  _s_fakeshoot5
 3BE9:2B88 idle  _s_fakeshoot6
 3BE9:2B98 idle  _s_fakeshoot7
 3BE9:2BA8 idle  _s_fakeshoot8
 3BE9:2BB8 idle  _s_fakeshoot9
 3BE9:2BC8 idle  _s_fire1
 3BE9:2BD8 idle  _s_fire2
 3BE9:2BE8 idle  _s_mechastand
 3BE9:2BF8       _s_mechachase1
 3BE9:2C08 idle  _s_mechachase1s
 3BE9:2C18 idle  _s_mechachase2
 3BE9:2C28 idle  _s_mechachase3
 3BE9:2C38 idle  _s_mechachase3s
 3BE9:2C48 idle  _s_mechachase4
 3BE9:2C58       _s_mechadie1
 3BE9:2C68 idle  _s_mechadie2
 3BE9:2C78 idle  _s_mechadie3
 3BE9:2C88 idle  _s_mechadie4
 3BE9:2C98 idle  _s_mechashoot1
 3BE9:2CA8 idle  _s_mechashoot2
 3BE9:2CB8 idle  _s_mechashoot3
 3BE9:2CC8 idle  _s_mechashoot4
 3BE9:2CD8 idle  _s_mechashoot5
 3BE9:2CE8 idle  _s_mechashoot6
 3BE9:2CF8       _s_hitlerchase1
 3BE9:2D08 idle  _s_hitlerchase1s
 3BE9:2D18 idle  _s_hitlerchase2
 3BE9:2D28 idle  _s_hitlerchase3
 3BE9:2D38 idle  _s_hitlerchase3s
 3BE9:2D48 idle  _s_hitlerchase4
 3BE9:2D58 idle  _s_hitlerdeathcam
 3BE9:2D68       _s_hitlerdie1
 3BE9:2D78 idle  _s_hitlerdie2
 3BE9:2D88 idle  _s_hitlerdie3
 3BE9:2D98 idle  _s_hitlerdie4
 3BE9:2DA8 idle  _s_hitlerdie5
 3BE9:2DB8 idle  _s_hitlerdie6
 3BE9:2DC8 idle  _s_hitlerdie7
 3BE9:2DD8 idle  _s_hitlerdie8
 3BE9:2DE8 idle  _s_hitlerdie9
 3BE9:2DF8 idle  _s_hitlerdie10
 3BE9:2E08 idle  _s_hitlershoot1
 3BE9:2E18 idle  _s_hitlershoot2
 3BE9:2E28 idle  _s_hitlershoot3
 3BE9:2E38 idle  _s_hitlershoot4
 3BE9:2E48 idle  _s_hitlershoot5
 3BE9:2E58 idle  _s_hitlershoot6
 3BE9:2E70 idle  _s_bjrun1
 3BE9:2E80 idle  _s_bjrun1s
 3BE9:2E90 idle  _s_bjrun2
 3BE9:2EA0 idle  _s_bjrun3
 3BE9:2EB0 idle  _s_bjrun3s
 3BE9:2EC0 idle  _s_bjrun4
 3BE9:2ED0 idle  _s_bjjump1
 3BE9:2EE0 idle  _s_bjjump2
 3BE9:2EF0 idle  _s_bjjump3
 3BE9:2F00 idle  _s_bjjump4
 3BE9:2F10       _s_deathcam
 3BE9:2F66       _audioname
 3BE9:2F73 idle  _gheadname
 3BE9:2F7D idle  _gfilename
 3BE9:2F87 idle  _gdictname
 3BE9:2F91 idle  _mheadname
 3BE9:2F9B idle  _mfilename
 3BE9:2FA5 idle  _aheadname
 3BE9:2FAF idle  _afilename
 3BE9:3070 idle  _KbdDefs
 3BE9:307A idle  _DemoMode
 3BE9:322C idle  _XMSProtectPage
 3BE9:322E       _PageFileName
 3BE9:323C idle  _PageFile
 3BE9:3246 idle  _EMMDriverName
 3BE9:36BC idle  _ssPort
 3BE9:3A2E       _USL_MeasureString
 3BE9:3A32 idle  _USL_DrawString
 3BE9:3A36       _Scores
 3BE9:3CE0       _screenseg
 3BE9:3CE6 idle  _pixmasks
 3BE9:3CEA idle  _leftmasks
 3BE9:3CEE idle  _rightmasks
 3BE9:3D78       _gamepal
 3BE9:40B0       __8087
 3BE9:40C0       __protected
 3BE9:40C1       __LDT
 3BE9:40C4       __default87
 3BE9:40C6 idle  __huge_flt
 3BE9:40CA       __huge_dble
 3BE9:40D2 idle  __huge_ldble
 3BE9:40DC idle  __indefinite
 3BE9:40E0 idle  __tiny_ldble
 3BE9:40EA       __mathwhy
 3BE9:4290       __emu
 3BE9:43A0       __atexitcnt
 3BE9:43A2       __ctype
 3BE9:44A4       __exitbuf
 3BE9:44A8       __exitfopen
 3BE9:44AC       __exitopen
 3BE9:44B0       __streams
 3BE9:45F0       __nfile
 3BE9:45F2       __openfd
 3BE9:461A       __fmode
 3BE9:461C       __notUmask
 3BE9:461E       __fpstklen
 3BE9:4620       __heaplen
 3BE9:4622       __doserrno
 3BE9:4624 idle  __dosErrorToSV
 3BE9:4688       __stklen
 3BE9:46F2       __video
 3BE9:4701       _directvideo
 3BE9:473E idle  __first
 3BE9:4740 idle  __last
 3BE9:4742 idle  __rover
 3BE9:4744       __argc
 3BE9:4746       __argv
 3BE9:4752       _environ
 3BE9:475A       __RealCvtVector
 3BE9:475E idle  __ScanTodVector
 3BE9:496C       __atexittbl
 3BE9:49FA       ___SignalPtr
 3BE9:4A0C       _queue_tail
 3BE9:4A0E       _queue_head
 3BE9:4A10       _menuitems
 3BE9:4A12       _destination
 3BE9:4A14       _pwallstate
 3BE9:4A16       _buttonstate
 3BE9:4A26       _controly
 3BE9:4A28       _controlx
 3BE9:4A2A       _actorat
 3BE9:6A2A       _tilemap
 3BE9:7A2A       _doorobjlist
 3BE9:7CAA       _laststatobj
 3BE9:7CAC       _statobjlist
 3BE9:892C       _player
 3BE9:892E       _objlist
 3BE9:AC56       _gamestate
 3BE9:AC98       _logfile
 3BE9:AC9A       _tics
 3BE9:AC9C       _pwalldir
 3BE9:AC9E       _pwally
 3BE9:ACA0       _pwallx
 3BE9:ACA2       _areabyplayer
 3BE9:ACEC       _doorposition
 3BE9:AD6C       _pwallpos
 3BE9:AD6E       _vertwall
 3BE9:ADEE       _horizwall
 3BE9:AE6E       _viewsize
 3BE9:AE70       _joystickport
 3BE9:AE72       _joystickprogressive
 3BE9:AE74       _joypadenabled
 3BE9:AE76       _joystickenabled
 3BE9:AE78       _mouseenabled
 3BE9:AE7A       _update
 3BE9:AF7E       _nearmapylookup
 3BE9:AFFE       _farmapylookup
 3BE9:B07E       _new
 3BE9:B080       _playstate
 3BE9:B082       _minheightdiv
 3BE9:B084       _heightnumerator
 3BE9:B088       _maxslope
 3BE9:B08C       _scale
 3BE9:B090       _pixelangle
 3BE9:B310       _mouseadjustment
 3BE9:B312       _virtualreality
 3BE9:B314       _startgame
 3BE9:B316       _shootdelta
 3BE9:B318       _centerx
 3BE9:B31A       _viewheight
 3BE9:B31C       _viewwidth
 3BE9:B31E       _screenofs
 3BE9:B320       _focallength
 3BE9:B324       _IsA386
 3BE9:B326       _nospr
 3BE9:B328       _str2
 3BE9:B33C       _str
 3BE9:B38C       _LevelRatios
 3BE9:B3DC       _backcolor
 3BE9:B3DD       _blockstarts
 3BE9:B5E5       _uwidthtable
 3BE9:B5FF       _updateptr
 3BE9:B601       _WindowW
 3BE9:B603       _WindowY
 3BE9:B605       _WindowX
 3BE9:B607       _PrintY
 3BE9:B609       _NoWait
 3BE9:B60B       _loadedgame
 3BE9:B60D       _tedlevelnum
 3BE9:B60F       _tedlevel
 3BE9:B611       _DigiMap
 3BE9:B6BF       _MusicMode
 3BE9:B6C1       _DigiMode
 3BE9:B6C3       _SoundMode
 3BE9:B6C5       _SoundBlasterPresent
 3BE9:B6C7       _SoundSourcePresent
 3BE9:B6C9       _AdLibPresent
 3BE9:B6CB       _JoysPresent
 3BE9:B6CF       _MousePresent
 3BE9:B6D1       _Keyboard
 3BE9:B7D1       _fontnumber
 3BE9:B7D3       _fontcolor
 3BE9:B7D4       _displayofs
 3BE9:B7D6       _bufferofs
 3BE9:B7D8       _grsegs
 3BE9:B902       _mminfo
 3BE9:B916       _layoutdone
 3BE9:B918       _picdelay
 3BE9:B91A       _picnum
 3BE9:B91C       _picy
 3BE9:B91E       _picx
 3BE9:B920       _rowon
 3BE9:B922       _text
 3BE9:B926       _rightmargin
 3BE9:B944       _leftmargin
 3BE9:B962       _numpages
 3BE9:B964       _pagenum
 3BE9:B966       _TimeCount
 3BE9:B96A       _LastScan
 3BE9:B96B       _py
 3BE9:B96D       _px
 3BE9:B96F       _pictable
 3BE9:B971       _ca_levelbit
 3BE9:B972       _pickquick
 3BE9:B974       _lasttimecount
 3BE9:B978       _SaveGameNames
 3BE9:BAB8       _StartGame
 3BE9:BABA       _SaveGamesAvail
 3BE9:BACE       _WindowH
 3BE9:BAD0       _PrintX
 3BE9:BAD2       _ingame
 3BE9:BAD4       _LastASCII
 3BE9:BAD5       _Paused
 3BE9:BAD7       _extension
 3BE9:BADC       _audiosegs
 3BE9:BD1C       _EMSPagesAvail
 3BE9:BD1E       _XMSPagesAvail
 3BE9:BD20       _EMSPresent
 3BE9:BD22       _XMSPresent
 3BE9:BD24       _mmerror
 3BE9:BD26       _mapon
 3BE9:BD28       _rightchannel
 3BE9:BD2A       _leftchannel
 3BE9:BD2C       _globalsoundy
 3BE9:BD30       _globalsoundx
 3BE9:BD34       _viewcos
 3BE9:BD38       _viewsin
 3BE9:BD3C       _viewy
 3BE9:BD40       _viewx
 3BE9:BD44       _demobuffer
 3BE9:BD46       _lastdemoptr
 3BE9:BD4A       _demoptr
 3BE9:BD4E       _demoplayback
 3BE9:BD50       _demorecord
 3BE9:BD52       _killerobj
 3BE9:BD54       _spearflag
 3BE9:BD56       _spearangle
 3BE9:BD58       _speary
 3BE9:BD5C       _spearx
 3BE9:BD60       _fizzlein
 3BE9:BD62       _mapheight
 3BE9:BD64       _mapwidth
 3BE9:BD66       _SoundPositioned
 3BE9:BD68       _latchpics
 3BE9:BE30       _mapheaderseg
 3BE9:BEA8       _mapsegs
 3BE9:BEAC       _funnyticount
 3BE9:BEB0       _palshifted
 3BE9:BEB2       _bonuscount
 3BE9:BEB4       _damagecount
 3BE9:BEB6       _objcount
 3BE9:BEB8       _dummyobj
 3BE9:BEF4       _mapwidthtable
 3BE9:BF74       _DebugOk
 3BE9:BF76       _facecount
 3BE9:BF78       _anglefrac
 3BE9:BF7A       _running
 3BE9:BF7C       _frameon
 3BE9:BF80       _buttonheld
 3BE9:BF90       _extravbls
 3BE9:BF92       _noclip
 3BE9:BF94       _godmode
 3BE9:BF96       _singlestep
 3BE9:BF98       _spotvis
 3BE9:CF98       _objfreelist
 3BE9:CF9A       _lastobj
 3BE9:CF9C       _obj
 3BE9:CF9E       _madenoise
 3BE9:CFA0       _tic_gunsight
 3BE9:CFA2       _tic_gunsight_set
 3BE9:CFA4       _compatability
 3BE9:CFA6       _screenfaded
 3BE9:CFA8       _DigiList
 3BE9:CFAA       _NumDigi
 3BE9:CFAC       _viewtype
 3BE9:CFAE       _maporgy
 3BE9:CFB0       _maporgx
 3BE9:CFB2       _postwidth
 3BE9:CFB4       _postx
 3BE9:CFB6       _postsource
 3BE9:CFBA       _wallheight
 3BE9:D23A       _doornum
 3BE9:D23C       _PMPages
 3BE9:D240       _PMSoundStart
 3BE9:D242       _PMSpriteStart
 3BE9:D244       _ChunksInFile
 3BE9:D246       _farthest
 3BE9:D248       _visstep
 3BE9:D24A       _visptr
 3BE9:D24C       _vislist
 3BE9:D378       _ystep
 3BE9:D37C       _xstep
 3BE9:D380       _yintercept
 3BE9:D384       _xintercept
 3BE9:D388       _ytilestep
 3BE9:D38A       _xtilestep
 3BE9:D38C       _ytile
 3BE9:D38E       _xtile
 3BE9:D390       _pixx
 3BE9:D392       _tilehit
 3BE9:D394       _yinttile
 3BE9:D396       _xinttile
 3BE9:D398       _ypartialdown
 3BE9:D39A       _ypartialup
 3BE9:D39C       _xpartialdown
 3BE9:D39E       _xpartialup
 3BE9:D3A0       _ypartial
 3BE9:D3A2       _xpartial
 3BE9:D3A4       _angle
 3BE9:D3A6       _midangle
 3BE9:D3A8       _viewty
 3BE9:D3AA       _viewtx
 3BE9:D3AC       _focalty
 3BE9:D3AE       _focaltx
 3BE9:D3B0       _lasttilehit
 3BE9:D3B2       _lastintercept
 3BE9:D3B6       _lastside
 3BE9:D3B8       _maxscaleshl2
 3BE9:D3BA       _fullscalefarcall
 3BE9:D7BE       _viewangle
 3BE9:D7C0       _mask3
 3BE9:D7C1       _mask2
 3BE9:D7C2       _mask1
 3BE9:D7C3       _maskword
 3BE9:D7C5       _linescale
 3BE9:D7C9       _linecmds
 3BE9:D7CD       _slinewidth
 3BE9:D7CF       _slinex
 3BE9:D7D1       _stepbytwo
 3BE9:D7D3       _work
 3BE9:D7D5       _insetupscaling
 3BE9:D7D7       _maxscale
 3BE9:D7D9       _scaledirectory
 3BE9:D9DB       _pluy
 3BE9:D9DD       _plux
 3BE9:D9DF       _playerymove
 3BE9:D9E3       _playerxmove
 3BE9:D9E7       _LastAttacker
 3BE9:D9E9       _gotgatgun
 3BE9:D9EB       _thrustspeed
 3BE9:D9EF       _lastdoorobj
 3BE9:D9F1       _oldsoundmode
 3BE9:D9F3       _chunkexplen
 3BE9:D9F7       _chunkcomplen
 3BE9:D9FB       _audiohandle
 3BE9:D9FD       _maphandle
 3BE9:D9FF       _grhandle
 3BE9:DA01       _audiohuffman
 3BE9:DDFD       _grhuffman
 3BE9:E1F9       _audiostarts
 3BE9:E1FB       _grstarts
 3BE9:E1FD       _debughandle
 3BE9:E1FF       _profilehandle
 3BE9:E201       _ca_levelnum
 3BE9:E202       _tinf
 3BE9:E204       _bufferseg
 3BE9:E206       _btnstate
 3BE9:E216       _MouseDownCount
 3BE9:E21A       _JoyPadPresent
 3BE9:E21C       _DemoSize
 3BE9:E21E       _DemoOffset
 3BE9:E220       _DemoBuffer
 3BE9:E222       _Controls
 3BE9:E22A       _JoyDefs
 3BE9:E25A       _UMBbase
 3BE9:E26E       _numUMBs
 3BE9:E270       _XMSaddr
 3BE9:E274       _bombonerror
 3BE9:E276       _mmnew
 3BE9:E27A       _mmrover
 3BE9:E27E       _mmfree
 3BE9:E282       _mmhead
 3BE9:E286       _nearheap
 3BE9:E288       _farheap
 3BE9:E28C       _mmstarted
 3BE9:E28E       _aftersort
 3BE9:E292       _beforesort
 3BE9:E296       _PMSegPages
 3BE9:E298       _PMFrameCount
 3BE9:E29C       _PMNumBlocks
 3BE9:E29E       _MainPagesUsed
 3BE9:E2A0       _EMSPagesUsed
 3BE9:E2A2       _XMSPagesUsed
 3BE9:E2A4       _PMThrashing
 3BE9:E2A6       _PMPanicMode
 3BE9:E2A8       _PMStarted
 3BE9:E2AA       _XMSDriver
 3BE9:E2AE       _XMSHandle
 3BE9:E2B0       _XMSAvail
 3BE9:E2B2       _EMSList
 3BE9:E2CA       _EMSPhysicalPage
 3BE9:E2CC       _EMSPageFrame
 3BE9:E2CE       _EMSHandle
 3BE9:E2D0       _EMSAvail
 3BE9:E2D2       _MainPagesAvail
 3BE9:E2D4       _MainMemUsed
 3BE9:E39C       _MainMemPages
 3BE9:E464       _MainPresent
 3BE9:E466       _sqHackTime
 3BE9:E46A       _sqHackSeqLen
 3BE9:E46C       _sqHackLen
 3BE9:E46E       _sqHackPtr
 3BE9:E472       _sqHack
 3BE9:E476       _sqActive
 3BE9:E478       _alZeroInst
 3BE9:E488       _alTimeCount
 3BE9:E48C       _alLengthLeft
 3BE9:E490       _alBlock
 3BE9:E492       _alSound
 3BE9:E496       _alNoCheck
 3BE9:E498       _pcSoundLookup
 3BE9:E696       _pcLengthLeft
 3BE9:E69A       _pcSound
 3BE9:E69E       _pcLastSample
 3BE9:E69F       _ssLengthLeft
 3BE9:E6A3       _ssSample
 3BE9:E6A7       _ssOff
 3BE9:E6A8       _ssOn
 3BE9:E6A9       _ssData
 3BE9:E6AB       _ssStatus
 3BE9:E6AD       _ssControl
 3BE9:E6AF       _ssActive
 3BE9:E6B1       _ssNoCheck
 3BE9:E6B3       _DigiLastEnd
 3BE9:E6B5       _DigiLastStart
 3BE9:E6B7       _DigiPage
 3BE9:E6B9       _DigiLeft
 3BE9:E6BB       _TimerRate
 3BE9:E6BD       _LocalTime
 3BE9:E6C1       _t0OldService
 3BE9:E6C5       _RightPosition
 3BE9:E6C7       _LeftPosition
 3BE9:E6C9       _DigiPriority
 3BE9:E6CB       _SoundPriority
 3BE9:E6CD       _DigiNumber
 3BE9:E6CF       _SoundNumber
 3BE9:E6D1       _TimerCount
 3BE9:E6D5       _TimerDivisor
 3BE9:E6D9       _nextsoundpos
 3BE9:E6DB       _ssIsTandy
 3BE9:E6DD       _SoundTable
 3BE9:E6DF       _HackCount
 3BE9:E6E1       _NeedsDigitized
 3BE9:E6E3       _SBProPresent
 3BE9:E6E5       _DigiPlaying
 3BE9:E6E7       _NeedsMusic
 3BE9:E6E9       _Games
 3BE9:E7E5       _CursorY
 3BE9:E7E7       _CursorX
 3BE9:E7E9       _CursorBad
 3BE9:E7EB       _Button1
 3BE9:E7ED       _Button0
 3BE9:E7EF       _abortprogram
 3BE9:E7F1       _fastpalette
 3BE9:E7F3       _bordercolor
 3BE9:E7F5       _ylookup
 3BE9:E985       _linewidth
 3BE9:E987       _pelpan
 3BE9:E989       _bufferheight
 3BE9:E98B       _bufferwidth

Program entry point at 0000:0000

